WARNING: Version mismatch detected: You are trying to connect to a simulator that might be incompatible with this API 
WARNING: Client API version     = 78eb4c373 
WARNING: Simulator API version  = 0.9.16 
WARNING: Version mismatch detected: You are trying to connect to a simulator that might be incompatible with this API 
WARNING: Client API version     = 78eb4c373 
WARNING: Simulator API version  = 0.9.16 
WARNING:[SR:OpenScenarioConfiguration]: The /home/server/crash2openx_ads_stress_20260919/runs/run_expand_097_critical_39479b5b/outputs/scene/out/openscenarios/catalogs/VehicleCatalog.xosc path for the Vehicle Catalog is invalid
WARNING:[SR:OpenScenarioConfiguration]: The /home/server/crash2openx_ads_stress_20260919/runs/run_expand_097_critical_39479b5b/outputs/scene/out/openscenarios/catalogs/ControllerCatalog.xosc path for the Controller Catalog is invalid
WARNING:[SR:OpenScenarioConfiguration]: The /home/server/crash2openx_ads_stress_20260919/runs/run_expand_097_critical_39479b5b/outputs/scene/out/openscenarios/catalogs/PedestrianCatalog.xosc path for the Pedestrian Catalog is invalid
WARNING:[SR:OpenScenarioConfiguration]: The /home/server/crash2openx_ads_stress_20260919/runs/run_expand_097_critical_39479b5b/outputs/scene/out/openscenarios/catalogs/MiscObjectCatalog.xosc path for the MiscObject Catalog is invalid
WARNING:[SR:OpenScenarioConfiguration]: The /home/server/crash2openx_ads_stress_20260919/runs/run_expand_097_critical_39479b5b/outputs/scene/out/openscenarios/catalogs/EnvironmentCatalog.xosc path for the Environment Catalog is invalid
WARNING: Version mismatch detected: You are trying to connect to a simulator that might be incompatible with this API 
WARNING: Client API version     = 78eb4c373 
WARNING: Simulator API version  = 0.9.16 
WARNING: Version mismatch detected: You are trying to connect to a simulator that might be incompatible with this API 
WARNING: Client API version     = 78eb4c373 
WARNING: Simulator API version  = 0.9.16 
WARNING: No InMemoryMap cache found. Setting up local map. This may take a while... 
CARLA Host: 127.0.0.1
CARLA Port: 2000
Record Mode: False
Output File: /home/server/crash2openx_ads_stress_20260919/runs/run_expand_097_critical_39479b5b/outputs/scene/out/hero_pcla_route.xml
Case: disabled
Input Root: /home/server/crash2openx_ads_stress_20260919/runtime/input
Scenario File: /home/server/crash2openx_ads_stress_20260919/runs/run_expand_097_critical_39479b5b/inputs/scenario.xosc
Custom XODR: /home/server/crash2openx_ads_stress_20260919/runs/run_expand_097_critical_39479b5b/inputs/map.xodr
PCLA Agent: if_if
PCLA SUT: hero
Sync Route: False
Replay Control: npc
Disable Traffic Lights: True
Data Collection: True
Real Time Factor: 1.0
Post Run Hold: 0.0s
No Rendering: False
Record Video: False
Data Output: /home/server/crash2openx_ads_stress_20260919/runs/run_expand_097_critical_39479b5b/outputs/scene/out
--------------------------------------------------
已将运行时 OpenSCENARIO 的 RoadNetwork/LogicFile 指向自定义地图: /home/server/crash2openx_ads_stress_20260919/runs/run_expand_097_critical_39479b5b/inputs/map.xodr
Episode Output Dir: /home/server/crash2openx_ads_stress_20260919/runs/run_expand_097_critical_39479b5b/outputs/scene/out
Route sync: generating OpenDRIVE world from /home/server/crash2openx_ads_stress_20260919/runs/run_expand_097_critical_39479b5b/inputs/map.xodr
PCLA SUT route fallback: 使用 hero 的 Init TeleportAction -> AcquirePositionAction 生成 route。
PCLA SUT route 已从 hero 原始轨迹生成: /home/server/crash2openx_ads_stress_20260919/runs/run_expand_097_critical_39479b5b/outputs/scene/out/hero_pcla_route.xml
PCLA SUT route mode=endpoints, spacing=2.00m, waypoints=85 (before densify=88), PCLA SUT route start=(1.75, 70.00) end=(1.75, -95.00)
Replay mode: 跳过 PCLA route 生成、hero controller 写入和 ActEnd 终点同步。
Replay mode: 已为 hero 启用 PCLA external_control，agent=if_if。
Replay mode: ego vehicle 已切换为 hero: {'hero': 'ego_vehicle', 'v2': 'simulation'}
Replay mode: 已将 hero 的 0 个 Init TeleportAction 同步到 PCLA route 起点，start_offset=0.00m, route_mode=endpoints, route_spacing=2.00m, min_z=0.50。
Replay mode: 已移除 hero 的 0 个 FollowTrajectory ManeuverGroup，避免覆盖 ADS 控制。
Replay mode: 已移除其他 actor 的 0 个 external_control ControllerAction。
已将同步后的 OpenSCENARIO 写入运行时文件: /home/server/crash2openx_ads_stress_20260919/runs/run_expand_097_critical_39479b5b/outputs/scene/out/scenario.runtime.xosc
数据收集器已创建，场景名称: scenario
开始运行评估...
数据收集器已传递给ScenarioRunner
Loading custom OpenDRIVE map: /home/server/crash2openx_ads_stress_20260919/runs/run_expand_097_critical_39479b5b/inputs/map.xodr
Global traffic lights disabled: 0 lights forced to GREEN
Preparing scenario: scene_seed_block_scenario
Hero road waypoint: pos=(1.75, 70.00), yaw=-90.0°
Route endpoint selection: configured route file
Endpoint used for routing: (1.75, -95.00)
Configured route file: /home/server/crash2openx_ads_stress_20260919/runs/run_expand_097_critical_39479b5b/outputs/scene/out/hero_pcla_route.xml
Configured route endpoint: (1.75, -95.00)
PCLA route debug file: /home/server/crash2openx_ads_stress_20260919/runs/run_expand_097_critical_39479b5b/outputs/scene/out/hero_pcla_route_debug.jsonl
PCLA: setting up agent 'if_if'
pygame 2.5.2 (SDL 2.28.2, Python 3.8.18)
Hello from the pygame community. https://www.pygame.org/contribute.html
PCLA_INFERENCE_DEVICE=cpu
load model: /home/server/crash2openx_ads_stress_20260919/runtime/PCLA/pcla_agents/interfuser/../interfuser_pretrained/interfuser.pth.tar
PCLA_MODEL_PARAMETER_DEVICE=cpu
hero_pcla_route_09_19_14_03_27
PCLA: agent 'if_if' loaded
PCLA: route loaded for agent 'if_if'
PCLA: sensors ready for agent 'if_if'
PCLA_GNSS_CALIBRATION={"georeference": "+proj=tmerc +lat_0=0 +lon_0=0 +k=1 +x_0=0 +y_0=0 +datum=WGS84 +units=m +no_defs", "validation_bounds_xy": [-28.25, 31.75, -125.0, 100.0], "native_gps_jacobian_per_m": [[4.835948265100032e-18, 8.98674754021096e-06], [8.986747540136114e-06, -4.836253196961044e-18]], "max_probe_error_m": 6.3451730900068216e-09, "source": "Actual GNSS samples; fixed calibration from map coordinate transforms only", "noise_preserved": true, "vehicle_ground_truth_used": false}
PCLA Agent 'if_if' setup complete for ExternalControl.
Route: Start(1.75, 70.00) -> End(1.75, -95.00)
Spectator view set to overhead position: Location(x=1.750000, y=70.000000, z=50.000938)
Overhead observation camera setup complete
Data collector initialized: /home/server/crash2openx_ads_stress_20260919/runs/run_expand_097_critical_39479b5b/outputs/scene/out
数据收集器已初始化
ScenarioManager: Running scenario scene_seed_block_scenario
PCLA_GNSS_ADAPTER_SAMPLE={"frame": 53903, "tag": "gps", "native_gps": [0.0006280322687061536, 1.7552359682932195e-05, 0.0015628958453817177], "route_convention_gps": [-0.0006277810557833163, 1.7545338739442548e-05, 0.0015628958453817177]}
PCLA_NAV_AUDIT={"step": 0, "timestamp": 0.05000000074505806, "raw_gps": [-0.0006277810557833163, 1.7545338739442548e-05], "compass_rad": 0.0, "planner_position": [-69.88747908350032, 1.9531381769323324], "target_local": [-0.20313817454711128, -53.88674378082091], "command": 4, "remaining_route_points": 5, "next_route_points": [[-70.00321694210335, 1.7500000023852178], [-16.000735302679413, 1.7500000023852178], [38.001746339908564, 1.7500000023852178]], "actual_transform": {"x": 1.7500004768371582, "y": 69.51177978515625, "yaw": -89.99999237060547}, "sensor_frames": {"speed": 0, "gps": 53903, "imu": 53903, "lidar": 53903, "rgb_left": 53903, "rgb": 53903, "rgb_right": 53903}}
PCLA_GNSS_ADAPTER_SAMPLE={"frame": 53923, "tag": "gps", "native_gps": [0.0005734576851269326, 2.01526974139536e-05, 0.0018812168282238417], "route_convention_gps": [-0.0005732283020449813, 2.014463633536393e-05, 0.0018812168282238417]}
PCLA_NAV_AUDIT={"step": 20, "timestamp": 1.0500000156462193, "raw_gps": [-0.0005732283020449813, 2.014463633536393e-05], "compass_rad": 6.280672073364258, "planner_position": [-63.814415233113664, 2.242490662124863], "target_local": [-0.3723222736363326, -47.81476666956031], "command": 4, "remaining_route_points": 5, "next_route_points": [[-70.00321694210335, 1.7500000023852178], [-16.000735302679413, 1.7500000023852178], [38.001746339908564, 1.7500000023852178]], "actual_transform": {"x": 1.7460509538650513, "y": 64.40455627441406, "yaw": -90.16551971435547}, "sensor_frames": {"imu": 53923, "gps": 53923, "lidar": 53923, "speed": 53923, "rgb": 53923, "rgb_left": 53923, "rgb_right": 53923}}
PCLA_GNSS_ADAPTER_SAMPLE={"frame": 53943, "tag": "gps", "native_gps": [0.0005505104172177226, 2.1746546669166008e-05, 0.0016052205937739927], "route_convention_gps": [-0.0005502902130416487, 2.1737848050875237e-05, 0.0016052205937739927]}
PCLA_NAV_AUDIT={"step": 40, "timestamp": 2.0500000305473804, "raw_gps": [-0.0005502902130416487, 2.1737848050875237e-05], "compass_rad": 6.2692670822143555, "planner_position": [-61.26084149802282, 2.4198461792631916], "target_local": [-0.03986129581736407, -45.265045209206825], "command": 4, "remaining_route_points": 5, "next_route_points": [[-70.00321694210335, 1.7500000023852178], [-16.000735302679413, 1.7500000023852178], [38.001746339908564, 1.7500000023852178]], "actual_transform": {"x": 1.7025201320648193, "y": 61.07332229614258, "yaw": -90.85546875}, "sensor_frames": {"gps": 53943, "imu": 53943, "lidar": 53943, "speed": 53943, "rgb": 53943, "rgb_left": 53943, "rgb_right": 53943}}
PCLA_GNSS_ADAPTER_SAMPLE={"frame": 53963, "tag": "gps", "native_gps": [0.0005016107373780835, 1.2842284302214312e-05, 0.0018736701541683942], "route_convention_gps": [-0.0005014100930793575, 1.2837147388769554e-05, 0.0018736701541683942]}
PCLA_NAV_AUDIT={"step": 60, "timestamp": 3.0500000454485416, "raw_gps": [-0.0005014100930793575, 1.2837147388769554e-05], "compass_rad": 6.257126808166504, "planner_position": [-55.81928137129814, 1.4290247125037627], "target_local": [1.3583604341883067, -39.79666434622705], "command": 4, "remaining_route_points": 5, "next_route_points": [[-70.00321694210335, 1.7500000023852178], [-16.000735302679413, 1.7500000023852178], [38.001746339908564, 1.7500000023852178]], "actual_transform": {"x": 1.5795228481292725, "y": 55.99553680419922, "yaw": -91.51315307617188}, "sensor_frames": {"imu": 53963, "gps": 53963, "lidar": 53963, "speed": 53963, "rgb": 53963, "rgb_left": 53963, "rgb_right": 53963}}
PCLA_GNSS_ADAPTER_SAMPLE={"frame": 53983, "tag": "gps", "native_gps": [0.00045842181913618215, 1.0792608984632497e-05, 0.0018572097878859495], "route_convention_gps": [-0.0004582384504061565, 1.0788291941274397e-05, 0.0018572097878859495]}
PCLA_NAV_AUDIT={"step": 80, "timestamp": 4.050000060349703, "raw_gps": [-0.0004582384504061565, 1.0788291941274397e-05], "compass_rad": 6.255475044250488, "planner_position": [-51.01321523322551, 1.2009471670687117], "target_local": [1.5189229173662155, -34.983826021090984], "command": 4, "remaining_route_points": 5, "next_route_points": [[-70.00321694210335, 1.7500000023852178], [-16.000735302679413, 1.7500000023852178], [38.001746339908564, 1.7500000023852178]], "actual_transform": {"x": 1.4310907125473022, "y": 50.98594284057617, "yaw": -91.51748657226562}, "sensor_frames": {"imu": 53983, "gps": 53983, "lidar": 53983, "speed": 53983, "rgb": 53983, "rgb_left": 53983, "rgb_right": 53983}}
PCLA_GNSS_ADAPTER_SAMPLE={"frame": 54003, "tag": "gps", "native_gps": [0.0004231772788192333, 6.639257772073974e-06, 0.001622785497431778], "route_convention_gps": [-0.0004230080078997389, 6.636602069147205e-06, 0.001622785497431778]}
PCLA_NAV_AUDIT={"step": 100, "timestamp": 5.050000075250864, "raw_gps": [-0.0004230080078997389, 6.636602069147205e-06], "compass_rad": 6.267355442047119, "planner_position": [-47.09120007987313, 0.7387831639420005], "target_local": [1.503227453443695, -31.070562704584024], "command": 4, "remaining_route_points": 5, "next_route_points": [[-70.00321694210335, 1.7500000023852178], [-16.000735302679413, 1.7500000023852178], [38.001746339908564, 1.7500000023852178]], "actual_transform": {"x": 1.3454020023345947, "y": 46.01784896850586, "yaw": -90.9154052734375}, "sensor_frames": {"gps": 54003, "imu": 54003, "lidar": 54003, "speed": 54003, "rgb": 54003, "rgb_left": 54003, "rgb_right": 54003}}
PCLA_GNSS_ADAPTER_SAMPLE={"frame": 54023, "tag": "gps", "native_gps": [0.0003782498685332784, 1.3011788288157326e-05, 0.0016596181667409837], "route_convention_gps": [-0.00037809856858928015, 1.300658357305325e-05, 0.0016596181667409837]}
PCLA_NAV_AUDIT={"step": 120, "timestamp": 6.050000090152025, "raw_gps": [-0.00037809856858928015, 1.300658357305325e-05], "compass_rad": 6.273831367492676, "planner_position": [-42.09167441475856, 1.4478862622858868], "target_local": [0.5461500351880542, -26.086971779055578], "command": 4, "remaining_route_points": 5, "next_route_points": [[-70.00321694210335, 1.7500000023852178], [-16.000735302679413, 1.7500000023852178], [38.001746339908564, 1.7500000023852178]], "actual_transform": {"x": 1.303100824356079, "y": 41.025428771972656, "yaw": -90.52193450927734}, "sensor_frames": {"imu": 54023, "gps": 54023, "lidar": 54023, "speed": 54023, "rgb": 54023, "rgb_left": 54023, "rgb_right": 54023}}
PCLA_GNSS_ADAPTER_SAMPLE={"frame": 54043, "tag": "gps", "native_gps": [0.00033003782762823915, 1.2040326543785081e-05, 0.0016059089255122672], "route_convention_gps": [-0.0003299058124923704, 1.2035510413344691e-05, 0.0016059089255122672]}
PCLA_NAV_AUDIT={"step": 140, "timestamp": 7.050000105053186, "raw_gps": [-0.0003299058124923704, 1.2035510413344691e-05], "compass_rad": 0.0013372133253142238, "planner_position": [-36.72663479995768, 1.3397868924767775], "target_local": [0.3824978024221826, -20.726429509154787], "command": 4, "remaining_route_points": 5, "next_route_points": [[-70.00321694210335, 1.7500000023852178], [-16.000735302679413, 1.7500000023852178], [38.001746339908564, 1.7500000023852178]], "actual_transform": {"x": 1.2948037385940552, "y": 36.056732177734375, "yaw": -89.87657928466797}, "sensor_frames": {"gps": 54043, "imu": 54043, "lidar": 54043, "speed": 54043, "rgb": 54043, "rgb_left": 54043, "rgb_right": 54043}}
PCLA_GNSS_ADAPTER_SAMPLE={"frame": 54063, "tag": "gps", "native_gps": [0.0002888291912691101, 1.0818781925950446e-05, 0.0019019500839476677], "route_convention_gps": [-0.0002887136596001483, 1.0814454413324808e-05, 0.0019019500839476677]}
PCLA_NAV_AUDIT={"step": 160, "timestamp": 8.050000119954348, "raw_gps": [-0.0002887136596001483, 1.0814454413324808e-05], "compass_rad": 6.28180456161499, "planner_position": [-32.14093458307639, 1.2038595601392261], "target_local": [0.5684254231361247, -16.139429814337188], "command": 4, "remaining_route_points": 5, "next_route_points": [[-70.00321694210335, 1.7500000023852178], [-16.000735302679413, 1.7500000023852178], [38.001746339908564, 1.7500000023852178]], "actual_transform": {"x": 1.2977486848831177, "y": 31.042503356933594, "yaw": -90.0582275390625}, "sensor_frames": {"imu": 54063, "gps": 54063, "lidar": 54063, "speed": 54063, "rgb": 54063, "rgb_left": 54063, "rgb_right": 54063}}
PCLA_GNSS_ADAPTER_SAMPLE={"frame": 54083, "tag": "gps", "native_gps": [0.00023272901706532188, 1.0978705856488584e-05, 0.001646489629365533], "route_convention_gps": [-0.00023263592545674783, 1.0974314374261888e-05, 0.001646489629365533]}
PCLA_NAV_AUDIT={"step": 180, "timestamp": 9.050000134855509, "raw_gps": [-0.00023263592545674783, 1.0974314374261888e-05], "compass_rad": 0.005818550940603018, "planner_position": [-25.898102888980617, 1.2216550896132297], "target_local": [0.4707479565653785, -9.900274230879026], "command": 4, "remaining_route_points": 5, "next_route_points": [[-70.00321694210335, 1.7500000023852178], [-16.000735302679413, 1.7500000023852178], [38.001746339908564, 1.7500000023852178]], "actual_transform": {"x": 1.3155890703201294, "y": 26.083099365234375, "yaw": -89.67394256591797}, "sensor_frames": {"imu": 54083, "gps": 54083, "lidar": 54083, "speed": 54083, "rgb": 54083, "rgb_left": 54083, "rgb_right": 54083}}
PCLA_GNSS_ADAPTER_SAMPLE={"frame": 54103, "tag": "gps", "native_gps": [0.00019595806016405796, 1.9028889931847955e-05, 0.001781039399702422], "route_convention_gps": [-0.0001958796769372384, 1.902127837603866e-05, 0.001781039399702422]}
PCLA_NAV_AUDIT={"step": 200, "timestamp": 10.05000014975667, "raw_gps": [-0.0001958796769372384, 1.902127837603866e-05], "compass_rad": 0.030033402144908905, "planner_position": [-21.806227981430368, 2.11743902594376], "target_local": [-0.5416058054274244, -5.791840798104858], "command": 4, "remaining_route_points": 5, "next_route_points": [[-70.00321694210335, 1.7500000023852178], [-16.000735302679413, 1.7500000023852178], [38.001746339908564, 1.7500000023852178]], "actual_transform": {"x": 1.4090197086334229, "y": 21.19247055053711, "yaw": -88.40836334228516}, "sensor_frames": {"gps": 54103, "imu": 54103, "lidar": 54103, "speed": 54103, "rgb": 54103, "rgb_left": 54103, "rgb_right": 54103}}
PCLA_GNSS_ADAPTER_SAMPLE={"frame": 54123, "tag": "gps", "native_gps": [0.00014943150493035003, 1.9955218959315734e-05, -0.0009658330786805891], "route_convention_gps": [-0.00014937173233420253, 1.9947236871878168e-05, -0.0009658330786805891]}
PCLA_NAV_AUDIT={"step": 220, "timestamp": 11.050000164657831, "raw_gps": [-0.00014937173233420253, 1.9947236871878168e-05], "compass_rad": 0.014168690890073776, "planner_position": [-16.628749343427096, 2.220516254336812], "target_local": [-1.244485732609765, -54.618345813578415], "command": 4, "remaining_route_points": 4, "next_route_points": [[-16.000735302679413, 1.7500000023852178], [38.001746339908564, 1.7500000023852178], [92.0042279793325, 1.7500000023852178]], "actual_transform": {"x": 1.5034757852554321, "y": 16.65091323852539, "yaw": -89.7708969116211}, "sensor_frames": {"imu": 54123, "gps": 54123, "lidar": 54123, "speed": 54123, "rgb": 54123, "rgb_left": 54123, "rgb_right": 54123}}
PCLA_GNSS_ADAPTER_SAMPLE={"frame": 54143, "tag": "gps", "native_gps": [0.0001400831771865471, 1.7203006530158986e-05, 0.0017456685427532648], "route_convention_gps": [-0.00014002714391381232, 1.7196125327665037e-05, 0.0017456685427532648]}
PCLA_NAV_AUDIT={"step": 240, "timestamp": 12.050000179558992, "raw_gps": [-0.00014002714391381232, 1.7196125327665037e-05], "compass_rad": 6.223988056182861, "planner_position": [-15.588466713427898, 1.9142639177020933], "target_local": [3.006564590578993, -53.50606028384584], "command": 4, "remaining_route_points": 4, "next_route_points": [[-16.000735302679413, 1.7500000023852178], [38.001746339908564, 1.7500000023852178], [92.0042279793325, 1.7500000023852178]], "actual_transform": {"x": 1.4460664987564087, "y": 16.054487228393555, "yaw": -93.39178466796875}, "sensor_frames": {"imu": 54143, "gps": 54143, "lidar": 54143, "speed": 54143, "rgb": 54143, "rgb_left": 54143, "rgb_right": 54143}}
ERROR: failed to destroy actor 105 : unable to destroy actor: not found 
ERROR: failed to destroy actor 100 : unable to destroy actor: not found 
WARNING: attempting to unsubscribe from stream but sensor wasn't listening: Actor 99 (sensor.camera.rgb) 
ERROR: failed to destroy actor 99 : unable to destroy actor: not found 
ERROR: failed to destroy actor 101 : unable to destroy actor: not found 
ERROR: failed to destroy actor 102 : unable to destroy actor: not found 
ERROR: failed to destroy actor 103 : unable to destroy actor: not found 
ScenarioManager: duration system=41.96s, simulation=12.95s, real_time_factor=0.31
Data artifacts saved under: /home/server/crash2openx_ads_stress_20260919/runs/run_expand_097_critical_39479b5b/outputs/scene/out
数据收集摘要:
  scenario_name: scenario
  episode_dir: /home/server/crash2openx_ads_stress_20260919/runs/run_expand_097_critical_39479b5b/outputs/scene/out
  total_ticks: 259
  stored_frame_rows: 259
  duration_seconds: 42.062
  final_route_completion: 31.515
  min_ttc: {'value': 1.295671, 'frame': 54117, 'simulation_time': 12.947882, 'other_actor_id': 91, 'other_actor_type_id': 'vehicle.tesla.model3'}
  min_distance: {'value': 2.453995, 'frame': 54128, 'simulation_time': 13.497882, 'other_actor_id': 91, 'other_actor_type_id': 'vehicle.tesla.model3'}
  max_long_jerk: {'value': 1951.882051, 'frame': 53903, 'simulation_time': 2.247882}
  max_lat_jerk: {'value': -173.232117, 'frame': 54120, 'simulation_time': 13.097882}
  unsafe_exposure_time: 0.5
  off_road_time: 0.0
  opposite_lane_occupancy_time: 0.0
  blocked_time: 0.0
  collision_count: 14
  geometric_overlap_count: 1
  collision_evidence: carla_collision_sensor
  expected_contact_sequence: []
  early_exit_on_first_sut_contact: True
  lane_invasion_count: 0
  red_light_violation_count: 0
  stop_sign_violation_count: 0
  termination_reason: collision_exit
  scenario_tree_status: Status.RUNNING
  criteria: [{'name': 'RunningStopTest', 'test_status': 'SUCCESS', 'actual_value': 0, 'success_value': 0, 'units': 'times'}, {'name': 'RunningRedLightTest', 'test_status': 'SUCCESS', 'actual_value': 0, 'success_value': 0, 'units': 'times'}, {'name': 'WrongLaneTest', 'test_status': 'SUCCESS', 'actual_value': 0, 'success_value': 0, 'units': 'times'}, {'name': 'OnSidewalkTest', 'test_status': 'SUCCESS', 'actual_value': 0, 'success_value': 0, 'units': 'times'}, {'name': 'CheckKeepLane', 'test_status': 'SUCCESS', 'actual_value': 0, 'success_value': 0, 'units': 'times'}, {'name': 'CollisionTest', 'test_status': 'FAILURE', 'actual_value': 1, 'success_value': 0, 'units': 'times'}, {'name': 'CheckDrivenDistance', 'test_status': 'FAILURE', 'actual_value': 53.96, 'success_value': 100.0, 'units': 'times'}]
  video_path: None
  collision_sensor_actor_ids: [90, 91]
  sensor_cleanup_errors: []
  sensor_cleanup_status: complete
