WARNING: Version mismatch detected: You are trying to connect to a simulator that might be incompatible with this API 
WARNING: Client API version     = 78eb4c373 
WARNING: Simulator API version  = 0.9.16 
waiting for actor role_name='hero'
waiting for actor role_name='hero'
waiting for actor role_name='hero'
waiting for actor role_name='hero'
waiting for actor role_name='hero'
waiting for actor role_name='hero'
waiting for actor role_name='hero'
waiting for actor role_name='hero'
waiting for actor role_name='hero'
waiting for actor role_name='hero'
waiting for actor role_name='hero'
waiting for actor role_name='hero'
waiting for actor role_name='hero'
waiting for actor role_name='hero'
waiting for actor role_name='hero'
waiting for actor role_name='hero'
waiting for actor role_name='hero'
waiting for actor role_name='hero'
waiting for actor role_name='hero'
waiting for actor role_name='hero'
waiting for actor role_name='hero'
waiting for actor role_name='hero'
waiting for actor role_name='hero'
waiting for actor role_name='hero'
waiting for actor role_name='hero'
waiting for actor role_name='hero'
waiting for actor role_name='hero'
waiting for actor role_name='hero'
waiting for actor role_name='hero'
paper recorder attached: map=Carla/Maps/OpenDriveMap, role=hero
paper recorder lane segments=2200, weather=clear/night
ffmpeg version 4.4.2-0ubuntu0.22.04.1 Copyright (c) 2000-2021 the FFmpeg developers
  built with gcc 11 (Ubuntu 11.2.0-19ubuntu1)
  configuration: --prefix=/usr --extra-version=0ubuntu0.22.04.1 --toolchain=hardened --libdir=/usr/lib/x86_64-linux-gnu --incdir=/usr/include/x86_64-linux-gnu --arch=amd64 --enable-gpl --disable-stripping --enable-gnutls --enable-ladspa --enable-libaom --enable-libass --enable-libbluray --enable-libbs2b --enable-libcaca --enable-libcdio --enable-libcodec2 --enable-libdav1d --enable-libflite --enable-libfontconfig --enable-libfreetype --enable-libfribidi --enable-libgme --enable-libgsm --enable-libjack --enable-libmp3lame --enable-libmysofa --enable-libopenjpeg --enable-libopenmpt --enable-libopus --enable-libpulse --enable-librabbitmq --enable-librubberband --enable-libshine --enable-libsnappy --enable-libsoxr --enable-libspeex --enable-libsrt --enable-libssh --enable-libtheora --enable-libtwolame --enable-libvidstab --enable-libvorbis --enable-libvpx --enable-libwebp --enable-libx265 --enable-libxml2 --enable-libxvid --enable-libzimg --enable-libzmq --enable-libzvbi --enable-lv2 --enable-omx --enable-openal --enable-opencl --enable-opengl --enable-sdl2 --enable-pocketsphinx --enable-librsvg --enable-libmfx --enable-libdc1394 --enable-libdrm --enable-libiec61883 --enable-chromaprint --enable-frei0r --enable-libx264 --enable-shared
  libavutil      56. 70.100 / 56. 70.100
  libavcodec     58.134.100 / 58.134.100
  libavformat    58. 76.100 / 58. 76.100
  libavdevice    58. 13.100 / 58. 13.100
  libavfilter     7.110.100 /  7.110.100
  libswscale      5.  9.100 /  5.  9.100
  libswresample   3.  9.100 /  3.  9.100
  libpostproc    55.  9.100 / 55.  9.100
Input #0, image2, from '/home/server/crash2openx_ads_stress_20260919/runs/run_expand_035_critical_bd0496e3/outputs/paper_frames/frame_%06d.jpg':
  Duration: 00:00:18.95, start: 0.000000, bitrate: N/A
  Stream #0:0: Video: mjpeg (Baseline), yuvj444p(pc, bt470bg/unknown/unknown), 1920x1080 [SAR 1:1 DAR 16:9], 20 fps, 20 tbr, 20 tbn, 20 tbc
Stream mapping:
  Stream #0:0 -> #0:0 (mjpeg (native) -> h264 (libx264))
Press [q] to stop, [?] for help
[swscaler @ 0x64957034fc00] deprecated pixel format used, make sure you did set range correctly
[libx264 @ 0x649570256140] using SAR=1/1
[libx264 @ 0x649570256140] using cpu capabilities: MMX2 SSE2Fast SSSE3 SSE4.2 AVX FMA3 BMI2 AVX2 AVX512
[libx264 @ 0x649570256140] profile High, level 4.0, 4:2:0, 8-bit
[libx264 @ 0x649570256140] 264 - core 163 r3060 5db6aa6 - H.264/MPEG-4 AVC codec - Copyleft 2003-2021 - http://www.videolan.org/x264.html - options: cabac=1 ref=3 deblock=1:0:0 analyse=0x3:0x113 me=hex subme=7 psy=1 psy_rd=1.00:0.00 mixed_ref=1 me_range=16 chroma_me=1 trellis=1 8x8dct=1 cqm=0 deadzone=21,11 fast_pskip=1 chroma_qp_offset=-2 threads=34 lookahead_threads=5 sliced_threads=0 nr=0 decimate=1 interlaced=0 bluray_compat=0 constrained_intra=0 bframes=3 b_pyramid=2 b_adapt=1 b_bias=0 direct=1 weightb=1 open_gop=0 weightp=2 keyint=250 keyint_min=20 scenecut=40 intra_refresh=0 rc_lookahead=40 rc=crf mbtree=1 crf=18.0 qcomp=0.60 qpmin=0 qpmax=69 qpstep=4 ip_ratio=1.40 aq=1:1.00
Output #0, mp4, to '/home/server/crash2openx_ads_stress_20260919/runs/run_expand_035_critical_bd0496e3/outputs/carla_paper.mp4':
  Metadata:
    encoder         : Lavf58.76.100
  Stream #0:0: Video: h264 (avc1 / 0x31637661), yuv420p(tv, bt470bg/unknown/unknown, progressive), 1920x1080 [SAR 1:1 DAR 16:9], q=2-31, 20 fps, 10240 tbn
    Metadata:
      encoder         : Lavc58.134.100 libx264
    Side data:
      cpb: bitrate max/min/avg: 0/0/0 buffer size: 0 vbv_delay: N/A
frame=    1 fps=0.0 q=0.0 size=       0kB time=00:00:00.00 bitrate=N/A speed=N/A    frame=   39 fps=0.0 q=0.0 size=       0kB time=00:00:00.00 bitrate=N/A speed=   0x    frame=   74 fps= 74 q=0.0 size=       0kB time=00:00:00.00 bitrate=N/A speed=   0x    frame=  110 fps= 73 q=23.0 size=    4096kB time=00:00:01.45 bitrate=23139.7kbits/s speed=0.961x    frame=  148 fps= 74 q=23.0 size=    8704kB time=00:00:03.35 bitrate=21284.0kbits/s speed=1.67x    frame=  186 fps= 74 q=23.0 size=   13312kB time=00:00:05.25 bitrate=20771.5kbits/s speed=2.08x    frame=  226 fps= 75 q=23.0 size=   18176kB time=00:00:07.25 bitrate=20537.4kbits/s speed= 2.4x    frame=  265 fps= 75 q=23.0 size=   22784kB time=00:00:09.20 bitrate=20287.5kbits/s speed=2.61x    frame=  302 fps= 75 q=23.0 size=   26880kB time=00:00:11.05 bitrate=19927.5kbits/s speed=2.74x    frame=  341 fps= 75 q=23.0 size=   31232kB time=00:00:13.00 bitrate=19680.8kbits/s speed=2.87x    frame=  379 fps= 75 q=23.0 size=   34560kB time=00:00:14.90 bitrate=19000.9kbits/s speed=2.95x    frame=  379 fps= 70 q=-1.0 Lsize=   42606kB time=00:00:18.80 bitrate=18565.1kbits/s speed=3.45x    
video:42600kB audio:0kB subtitle:0kB other streams:0kB global headers:0kB muxing overhead: 0.012950%
[libx264 @ 0x649570256140] frame I:2     Avg QP:16.17  size:267154
[libx264 @ 0x649570256140] frame P:120   Avg QP:17.23  size:140895
[libx264 @ 0x649570256140] frame B:257   Avg QP:18.16  size:101868
[libx264 @ 0x649570256140] consecutive B-frames:  5.5% 10.6%  4.7% 79.2%
[libx264 @ 0x649570256140] mb I  I16..4:  6.9% 78.9% 14.2%
[libx264 @ 0x649570256140] mb P  I16..4:  1.1% 33.7%  0.9%  P16..4: 29.2% 12.6%  9.2%  0.0%  0.0%    skip:13.2%
[libx264 @ 0x649570256140] mb B  I16..4:  0.2% 11.7%  0.1%  B16..8: 33.7% 12.1%  4.6%  direct: 6.3%  skip:31.4%  L0:46.1% L1:41.9% BI:11.9%
[libx264 @ 0x649570256140] 8x8 transform intra:95.4% inter:91.0%
[libx264 @ 0x649570256140] coded y,uvDC,uvAC intra: 88.5% 34.0% 8.6% inter: 38.1% 16.3% 3.0%
[libx264 @ 0x649570256140] i16 v,h,dc,p: 35% 48% 10%  7%
[libx264 @ 0x649570256140] i8 v,h,dc,ddl,ddr,vr,hd,vl,hu:  6%  8% 68%  3%  3%  2%  3%  2%  4%
[libx264 @ 0x649570256140] i4 v,h,dc,ddl,ddr,vr,hd,vl,hu: 17% 25% 31%  4%  4%  3%  4%  4%  8%
[libx264 @ 0x649570256140] i8c dc,h,v,p: 77% 13% 10%  0%
[libx264 @ 0x649570256140] Weighted P-Frames: Y:0.0% UV:0.0%
[libx264 @ 0x649570256140] ref P L0: 41.4%  6.4% 28.7% 23.5%
[libx264 @ 0x649570256140] ref B L0: 67.0% 25.3%  7.7%
[libx264 @ 0x649570256140] ref B L1: 88.1% 11.9%
[libx264 @ 0x649570256140] kb/s:18415.55
