pygame 2.5.2 (SDL 2.28.2, Python 3.8.18)
Hello from the pygame community. https://www.pygame.org/contribute.html
WARNING: Version mismatch detected: You are trying to connect to a simulator that might be incompatible with this API 
WARNING: Client API version     = 78eb4c373 
WARNING: Simulator API version  = 0.9.16 
Connected to CARLA 127.0.0.1:2000, map=Carla/Maps/OpenDriveMap, mode=rgb
Waiting for actor with role_name='hero' ...
Waiting for actor with role_name='hero' ...
Waiting for actor with role_name='hero' ...
Waiting for actor with role_name='hero' ...
Waiting for actor with role_name='hero' ...
Waiting for actor with role_name='hero' ...
Waiting for actor with role_name='hero' ...
Waiting for actor with role_name='hero' ...
Waiting for actor with role_name='hero' ...
Waiting for actor with role_name='hero' ...
Waiting for actor with role_name='hero' ...
Waiting for actor with role_name='hero' ...
Waiting for actor with role_name='hero' ...
Waiting for actor with role_name='hero' ...
Waiting for actor with role_name='hero' ...
Waiting for actor with role_name='hero' ...
Waiting for actor with role_name='hero' ...
Waiting for actor with role_name='hero' ...
Waiting for actor with role_name='hero' ...
Waiting for actor with role_name='hero' ...
Waiting for actor with role_name='hero' ...
Waiting for actor with role_name='hero' ...
Waiting for actor with role_name='hero' ...
Waiting for actor with role_name='hero' ...
Waiting for actor with role_name='hero' ...
Waiting for actor with role_name='hero' ...
Waiting for actor with role_name='hero' ...
Waiting for actor with role_name='hero' ...
Waiting for actor with role_name='hero' ...
Waiting for actor with role_name='hero' ...
Waiting for actor with role_name='hero' ...
Waiting for actor with role_name='hero' ...
Waiting for actor with role_name='hero' ...
Waiting for actor with role_name='hero' ...
Waiting for actor with role_name='hero' ...
Waiting for actor with role_name='hero' ...
Night observation camera: manual ISO=800, shutter=1/60, f/2.8; PCLA sensors unchanged
RGB attached actor=5013, camera=5015, world=5951157821780548765
First RGB image: frame=32658097, time=2.366
WARNING: attempting to destroy an actor that is already dead: Actor 5015 (sensor.camera.rgb) 
ffmpeg version 4.4.2-0ubuntu0.22.04.1 Copyright (c) 2000-2021 the FFmpeg developers
  built with gcc 11 (Ubuntu 11.2.0-19ubuntu1)
  configuration: --prefix=/usr --extra-version=0ubuntu0.22.04.1 --toolchain=hardened --libdir=/usr/lib/x86_64-linux-gnu --incdir=/usr/include/x86_64-linux-gnu --arch=amd64 --enable-gpl --disable-stripping --enable-gnutls --enable-ladspa --enable-libaom --enable-libass --enable-libbluray --enable-libbs2b --enable-libcaca --enable-libcdio --enable-libcodec2 --enable-libdav1d --enable-libflite --enable-libfontconfig --enable-libfreetype --enable-libfribidi --enable-libgme --enable-libgsm --enable-libjack --enable-libmp3lame --enable-libmysofa --enable-libopenjpeg --enable-libopenmpt --enable-libopus --enable-libpulse --enable-librabbitmq --enable-librubberband --enable-libshine --enable-libsnappy --enable-libsoxr --enable-libspeex --enable-libsrt --enable-libssh --enable-libtheora --enable-libtwolame --enable-libvidstab --enable-libvorbis --enable-libvpx --enable-libwebp --enable-libx265 --enable-libxml2 --enable-libxvid --enable-libzimg --enable-libzmq --enable-libzvbi --enable-lv2 --enable-omx --enable-openal --enable-opencl --enable-opengl --enable-sdl2 --enable-pocketsphinx --enable-librsvg --enable-libmfx --enable-libdc1394 --enable-libdrm --enable-libiec61883 --enable-chromaprint --enable-frei0r --enable-libx264 --enable-shared
  libavutil      56. 70.100 / 56. 70.100
  libavcodec     58.134.100 / 58.134.100
  libavformat    58. 76.100 / 58. 76.100
  libavdevice    58. 13.100 / 58. 13.100
  libavfilter     7.110.100 /  7.110.100
  libswscale      5.  9.100 /  5.  9.100
  libswresample   3.  9.100 /  3.  9.100
  libpostproc    55.  9.100 / 55.  9.100
Input #0, image2, from '/home/server/crash2openx_ads_stress_20260919/runs/run_expand_035_critical_bd0496e3/outputs/scene/out/rgb_frames/frame_%06d.jpg':
  Duration: 00:00:18.95, start: 0.000000, bitrate: N/A
  Stream #0:0: Video: mjpeg (Baseline), yuvj420p(pc, bt470bg/unknown/unknown), 1280x720 [SAR 1:1 DAR 16:9], 20 fps, 20 tbr, 20 tbn, 20 tbc
Stream mapping:
  Stream #0:0 -> #0:0 (mjpeg (native) -> h264 (libx264))
Press [q] to stop, [?] for help
[swscaler @ 0x58c82b195d80] deprecated pixel format used, make sure you did set range correctly
[libx264 @ 0x58c82aceaf00] using SAR=1/1
[libx264 @ 0x58c82aceaf00] using cpu capabilities: MMX2 SSE2Fast SSSE3 SSE4.2 AVX FMA3 BMI2 AVX2 AVX512
[libx264 @ 0x58c82aceaf00] profile High, level 3.1, 4:2:0, 8-bit
[libx264 @ 0x58c82aceaf00] 264 - core 163 r3060 5db6aa6 - H.264/MPEG-4 AVC codec - Copyleft 2003-2021 - http://www.videolan.org/x264.html - options: cabac=1 ref=3 deblock=1:0:0 analyse=0x3:0x113 me=hex subme=7 psy=1 psy_rd=1.00:0.00 mixed_ref=1 me_range=16 chroma_me=1 trellis=1 8x8dct=1 cqm=0 deadzone=21,11 fast_pskip=1 chroma_qp_offset=-2 threads=22 lookahead_threads=3 sliced_threads=0 nr=0 decimate=1 interlaced=0 bluray_compat=0 constrained_intra=0 bframes=3 b_pyramid=2 b_adapt=1 b_bias=0 direct=1 weightb=1 open_gop=0 weightp=2 keyint=250 keyint_min=20 scenecut=40 intra_refresh=0 rc_lookahead=40 rc=crf mbtree=1 crf=23.0 qcomp=0.60 qpmin=0 qpmax=69 qpstep=4 ip_ratio=1.40 aq=1:1.00
Output #0, mp4, to '/home/server/crash2openx_ads_stress_20260919/runs/run_expand_035_critical_bd0496e3/outputs/scene/out/carla_rgb.mp4':
  Metadata:
    encoder         : Lavf58.76.100
  Stream #0:0: Video: h264 (avc1 / 0x31637661), yuv420p(tv, bt470bg/unknown/unknown, progressive), 1280x720 [SAR 1:1 DAR 16:9], q=2-31, 20 fps, 10240 tbn
    Metadata:
      encoder         : Lavc58.134.100 libx264
    Side data:
      cpb: bitrate max/min/avg: 0/0/0 buffer size: 0 vbv_delay: N/A
frame=    1 fps=0.0 q=0.0 size=       0kB time=00:00:00.00 bitrate=N/A speed=N/A    frame=  151 fps=0.0 q=28.0 size=     512kB time=00:00:04.10 bitrate=1023.1kbits/s speed=8.18x    frame=  333 fps=332 q=28.0 size=    1536kB time=00:00:13.20 bitrate= 953.3kbits/s speed=13.2x    frame=  379 fps=308 q=-1.0 Lsize=    2488kB time=00:00:18.80 bitrate=1084.0kbits/s speed=15.3x    
video:2482kB audio:0kB subtitle:0kB other streams:0kB global headers:0kB muxing overhead: 0.214589%
[libx264 @ 0x58c82aceaf00] frame I:2     Avg QP:18.72  size: 31164
[libx264 @ 0x58c82aceaf00] frame P:95    Avg QP:19.06  size: 12925
[libx264 @ 0x58c82aceaf00] frame B:282   Avg QP:20.39  size:  4437
[libx264 @ 0x58c82aceaf00] consecutive B-frames:  0.8%  0.0%  0.0% 99.2%
[libx264 @ 0x58c82aceaf00] mb I  I16..4: 20.6% 78.3%  1.0%
[libx264 @ 0x58c82aceaf00] mb P  I16..4:  5.9% 16.3%  0.1%  P16..4: 34.4%  9.2%  5.2%  0.0%  0.0%    skip:28.9%
[libx264 @ 0x58c82aceaf00] mb B  I16..4:  1.1%  1.8%  0.0%  B16..8: 38.1%  4.4%  0.2%  direct: 4.3%  skip:50.1%  L0:49.4% L1:49.3% BI: 1.3%
[libx264 @ 0x58c82aceaf00] 8x8 transform intra:70.9% inter:90.1%
[libx264 @ 0x58c82aceaf00] coded y,uvDC,uvAC intra: 26.3% 13.2% 0.4% inter: 10.8% 9.0% 0.1%
[libx264 @ 0x58c82aceaf00] i16 v,h,dc,p: 21% 50% 14% 15%
[libx264 @ 0x58c82aceaf00] i8 v,h,dc,ddl,ddr,vr,hd,vl,hu: 17% 25% 50%  1%  1%  1%  1%  1%  2%
[libx264 @ 0x58c82aceaf00] i4 v,h,dc,ddl,ddr,vr,hd,vl,hu: 20% 33% 17%  3%  6%  7%  8%  2%  5%
[libx264 @ 0x58c82aceaf00] i8c dc,h,v,p: 62% 25% 12%  0%
[libx264 @ 0x58c82aceaf00] Weighted P-Frames: Y:1.1% UV:0.0%
[libx264 @ 0x58c82aceaf00] ref P L0: 44.6% 10.1% 32.5% 12.8%  0.0%
[libx264 @ 0x58c82aceaf00] ref B L0: 74.8% 19.8%  5.4%
[libx264 @ 0x58c82aceaf00] ref B L1: 89.9% 10.1%
[libx264 @ 0x58c82aceaf00] kb/s:1072.88
