WARNING: Version mismatch detected: You are trying to connect to a simulator that might be incompatible with this API 
WARNING: Client API version     = 78eb4c373 
WARNING: Simulator API version  = 0.9.16 
WARNING: Version mismatch detected: You are trying to connect to a simulator that might be incompatible with this API 
WARNING: Client API version     = 78eb4c373 
WARNING: Simulator API version  = 0.9.16 
WARNING:[SR:OpenScenarioConfiguration]: The /home/server/crash2openx_ads_stress_20260919/runs/run_expand_144_critical_725409f9/outputs/scene/out/openscenarios/catalogs/VehicleCatalog.xosc path for the Vehicle Catalog is invalid
WARNING:[SR:OpenScenarioConfiguration]: The /home/server/crash2openx_ads_stress_20260919/runs/run_expand_144_critical_725409f9/outputs/scene/out/openscenarios/catalogs/ControllerCatalog.xosc path for the Controller Catalog is invalid
WARNING:[SR:OpenScenarioConfiguration]: The /home/server/crash2openx_ads_stress_20260919/runs/run_expand_144_critical_725409f9/outputs/scene/out/openscenarios/catalogs/PedestrianCatalog.xosc path for the Pedestrian Catalog is invalid
WARNING:[SR:OpenScenarioConfiguration]: The /home/server/crash2openx_ads_stress_20260919/runs/run_expand_144_critical_725409f9/outputs/scene/out/openscenarios/catalogs/MiscObjectCatalog.xosc path for the MiscObject Catalog is invalid
WARNING:[SR:OpenScenarioConfiguration]: The /home/server/crash2openx_ads_stress_20260919/runs/run_expand_144_critical_725409f9/outputs/scene/out/openscenarios/catalogs/EnvironmentCatalog.xosc path for the Environment Catalog is invalid
WARNING: Version mismatch detected: You are trying to connect to a simulator that might be incompatible with this API 
WARNING: Client API version     = 78eb4c373 
WARNING: Simulator API version  = 0.9.16 
WARNING: Version mismatch detected: You are trying to connect to a simulator that might be incompatible with this API 
WARNING: Client API version     = 78eb4c373 
WARNING: Simulator API version  = 0.9.16 
WARNING: No InMemoryMap cache found. Setting up local map. This may take a while... 
CARLA Host: 127.0.0.1
CARLA Port: 2000
Record Mode: False
Output File: /home/server/crash2openx_ads_stress_20260919/runs/run_expand_144_critical_725409f9/outputs/scene/out/hero_pcla_route.xml
Case: disabled
Input Root: /home/server/crash2openx_ads_stress_20260919/runtime/input
Scenario File: /home/server/crash2openx_ads_stress_20260919/runs/run_expand_144_critical_725409f9/inputs/scenario.xosc
Custom XODR: /home/server/crash2openx_ads_stress_20260919/runs/run_expand_144_critical_725409f9/inputs/map.xodr
PCLA Agent: if_if
PCLA SUT: hero
Sync Route: False
Replay Control: npc
Disable Traffic Lights: True
Data Collection: True
Real Time Factor: 1.0
Post Run Hold: 0.0s
No Rendering: False
Record Video: False
Data Output: /home/server/crash2openx_ads_stress_20260919/runs/run_expand_144_critical_725409f9/outputs/scene/out
--------------------------------------------------
已将运行时 OpenSCENARIO 的 RoadNetwork/LogicFile 指向自定义地图: /home/server/crash2openx_ads_stress_20260919/runs/run_expand_144_critical_725409f9/inputs/map.xodr
Episode Output Dir: /home/server/crash2openx_ads_stress_20260919/runs/run_expand_144_critical_725409f9/outputs/scene/out
Route sync: generating OpenDRIVE world from /home/server/crash2openx_ads_stress_20260919/runs/run_expand_144_critical_725409f9/inputs/map.xodr
PCLA SUT route: preserving 67 generated AssignRouteAction waypoints for hero.
PCLA full route: preserving supplied start position, heading and route geometry.
PCLA SUT route 已从 hero 原始轨迹生成: /home/server/crash2openx_ads_stress_20260919/runs/run_expand_144_critical_725409f9/outputs/scene/out/hero_pcla_route.xml
PCLA SUT route mode=endpoints, spacing=2.00m, waypoints=67 (before densify=67), PCLA SUT route start=(390.02, -5.25) end=(325.25, -70.02)
Replay mode: 跳过 PCLA route 生成、hero controller 写入和 ActEnd 终点同步。
Replay mode: 已为 hero 启用 PCLA external_control，agent=if_if。
Replay mode: ego vehicle 已切换为 hero: {'hero': 'ego_vehicle', 'cyclist_1': 'simulation'}
Replay mode: 已将 hero 的 0 个 Init TeleportAction 同步到 PCLA route 起点，start_offset=0.00m, route_mode=endpoints, route_spacing=2.00m, min_z=0.50。
Replay mode: 已移除 hero 的 0 个 FollowTrajectory ManeuverGroup，避免覆盖 ADS 控制。
Replay mode: 已移除其他 actor 的 0 个 external_control ControllerAction。
已将同步后的 OpenSCENARIO 写入运行时文件: /home/server/crash2openx_ads_stress_20260919/runs/run_expand_144_critical_725409f9/outputs/scene/out/scenario.runtime.xosc
数据收集器已创建，场景名称: scenario
开始运行评估...
数据收集器已传递给ScenarioRunner
Loading custom OpenDRIVE map: /home/server/crash2openx_ads_stress_20260919/runs/run_expand_144_critical_725409f9/inputs/map.xodr
Global traffic lights disabled: 0 lights forced to GREEN
Preparing scenario: scene_seed_block_scenario
Hero road waypoint: pos=(390.02, -5.25), yaw=-180.0°
Route endpoint selection: configured route file
Endpoint used for routing: (325.25, -70.02)
Configured route file: /home/server/crash2openx_ads_stress_20260919/runs/run_expand_144_critical_725409f9/outputs/scene/out/hero_pcla_route.xml
Configured route endpoint: (325.25, -70.02)
PCLA route debug file: /home/server/crash2openx_ads_stress_20260919/runs/run_expand_144_critical_725409f9/outputs/scene/out/hero_pcla_route_debug.jsonl
PCLA: setting up agent 'if_if'
pygame 2.5.2 (SDL 2.28.2, Python 3.8.18)
Hello from the pygame community. https://www.pygame.org/contribute.html
PCLA_INFERENCE_DEVICE=cpu
load model: /home/server/crash2openx_ads_stress_20260919/runtime/PCLA/pcla_agents/interfuser/../interfuser_pretrained/interfuser.pth.tar
PCLA_MODEL_PARAMETER_DEVICE=cpu
hero_pcla_route_09_19_13_59_48
PCLA: agent 'if_if' loaded
PCLA: route loaded for agent 'if_if'
PCLA: sensors ready for agent 'if_if'
PCLA_GNSS_CALIBRATION={"georeference": "+proj=tmerc +lat_0=0 +lon_0=0 +k=1 +x_0=0 +y_0=0 +datum=WGS84 +units=m +no_defs", "validation_bounds_xy": [295.25, 420.0199890136719, -100.0199966430664, 24.75], "native_gps_jacobian_per_m": [[2.9757348928710627e-15, 8.98674718325529e-06], [8.986747526136962e-06, -2.975735977073235e-15]], "max_probe_error_m": 1.5453977641822067e-05, "source": "Actual GNSS samples; fixed calibration from map coordinate transforms only", "noise_preserved": true, "vehicle_ground_truth_used": false}
PCLA Agent 'if_if' setup complete for ExternalControl.
Route: Start(390.02, -5.25) -> End(325.25, -70.02)
Spectator view set to overhead position: Location(x=390.019989, y=-5.250000, z=50.000938)
Overhead observation camera setup complete
Data collector initialized: /home/server/crash2openx_ads_stress_20260919/runs/run_expand_144_critical_725409f9/outputs/scene/out
数据收集器已初始化
ScenarioManager: Running scenario scene_seed_block_scenario
PCLA_GNSS_ADAPTER_SAMPLE={"frame": 18547, "tag": "gps", "native_gps": [-5.145460322697273e-05, 0.0035023371731384935, 0.0018387839454589994], "route_convention_gps": [5.143401062923658e-05, 0.0035009361033724105, 0.0018387839454589994]}
PCLA_NAV_AUDIT={"step": 0, "timestamp": 0.05000000074505806, "raw_gps": [5.143401062923658e-05, 0.0035009361033724105], "compass_rad": 4.712388515472412, "planner_position": [5.7258710005929325, 389.72242485838865], "target_local": [3.4063001138040727, -52.13141939666442], "command": 4, "remaining_route_points": 4, "next_route_points": [[5.250241270697302, 390.01995902768374], [9.1321468778597, 337.5910038780991], [58.02265539760678, 325.2500004433098]], "actual_transform": {"x": 389.53179931640625, "y": -5.250000476837158, "yaw": 179.9999542236328}, "sensor_frames": {"speed": 0, "imu": 18547, "gps": 18547, "lidar": 18547, "rgb": 18546, "rgb_left": 18546, "rgb_right": 18546}}
PCLA_GNSS_ADAPTER_SAMPLE={"frame": 18567, "tag": "gps", "native_gps": [-4.865742473627303e-05, 0.0034551980617564294, 0.001960233739737305], "route_convention_gps": [4.863795088283496e-05, 0.003453815847562029, 0.001960233739737305]}
PCLA_NAV_AUDIT={"step": 20, "timestamp": 1.0500000156462193, "raw_gps": [4.863795088283496e-05, 0.003453815847562029], "compass_rad": 4.754337310791016, "planner_position": [5.414600749216778, 384.4770219683788], "target_local": [1.7480623805524702, -47.000671479185456], "command": 4, "remaining_route_points": 4, "next_route_points": [[5.250241270697302, 390.01995902768374], [9.1321468778597, 337.5910038780991], [58.02265539760678, 325.2500004433098]], "actual_transform": {"x": 384.4013671875, "y": -5.3917131423950195, "yaw": -177.59654235839844}, "sensor_frames": {"speed": 18566, "rgb": 18566, "rgb_left": 18566, "rgb_right": 18566, "gps": 18567, "imu": 18567, "lidar": 18567}}
PCLA_GNSS_ADAPTER_SAMPLE={"frame": 18587, "tag": "gps", "native_gps": [-5.64057460437917e-05, 0.003420193749439344, 0.0017627446387677992], "route_convention_gps": [5.638317315970198e-05, 0.0034188255369125065, 0.0017627446387677992]}
PCLA_NAV_AUDIT={"step": 40, "timestamp": 2.0500000305473804, "raw_gps": [5.638317315970198e-05, 0.0034188255369125065], "compass_rad": 4.779630661010742, "planner_position": [6.276834572434337, 380.58191839886655], "target_local": [-0.03974374852960907, -43.08561198506873], "command": 4, "remaining_route_points": 4, "next_route_points": [[5.250241270697302, 390.01995902768374], [9.1321468778597, 337.5910038780991], [58.02265539760678, 325.2500004433098]], "actual_transform": {"x": 380.892578125, "y": -5.617832660675049, "yaw": -176.1473388671875}, "sensor_frames": {"speed": 18586, "rgb": 18586, "rgb_left": 18586, "rgb_right": 18586, "imu": 18587, "gps": 18587, "lidar": 18587}}
PCLA_GNSS_ADAPTER_SAMPLE={"frame": 18607, "tag": "gps", "native_gps": [-5.367312650991999e-05, 0.0033774573184787503, 0.0019647475564852357], "route_convention_gps": [5.365164655302124e-05, 0.0033761062004582978, 0.0019647475564852357]}
PCLA_NAV_AUDIT={"step": 60, "timestamp": 3.0500000454485416, "raw_gps": [5.365164655302124e-05, 0.0033761062004582978], "compass_rad": 4.793591499328613, "planner_position": [5.97274844745207, 375.8264236112758], "target_local": [0.0475864452980166, -38.365698952899095], "command": 4, "remaining_route_points": 4, "next_route_points": [[5.250241270697302, 390.01995902768374], [9.1321468778597, 337.5910038780991], [58.02265539760678, 325.2500004433098]], "actual_transform": {"x": 375.89019775390625, "y": -6.01756477355957, "yaw": -175.34742736816406}, "sensor_frames": {"speed": 18606, "rgb": 18606, "rgb_left": 18606, "rgb_right": 18606, "gps": 18607, "imu": 18607, "lidar": 18607}}
PCLA_GNSS_ADAPTER_SAMPLE={"frame": 18627, "tag": "gps", "native_gps": [-6.114946014545343e-05, 0.0033359605165318887, 0.001624039851321868], "route_convention_gps": [6.112498992649762e-05, 0.0033346259971647773, 0.001624039851321868]}
PCLA_NAV_AUDIT={"step": 80, "timestamp": 4.050000060349703, "raw_gps": [6.112498992649762e-05, 0.0033346259971647773], "compass_rad": 4.792716979980469, "planner_position": [6.804715458699253, 371.20886849634604], "target_local": [-0.3776261191821115, -33.69621873468572], "command": 4, "remaining_route_points": 4, "next_route_points": [[5.250241270697302, 390.01995902768374], [9.1321468778597, 337.5910038780991], [58.02265539760678, 325.2500004433098]], "actual_transform": {"x": 371.3822937011719, "y": -6.382051467895508, "yaw": -175.39755249023438}, "sensor_frames": {"speed": 18626, "rgb": 18626, "rgb_left": 18626, "rgb_right": 18626, "gps": 18627, "imu": 18627, "lidar": 18627}}
PCLA_GNSS_ADAPTER_SAMPLE={"frame": 18647, "tag": "gps", "native_gps": [-5.992519753963497e-05, 0.0032974362266640017, 0.001783029756779797], "route_convention_gps": [5.990121697152517e-05, 0.003296117116952933, 0.001783029756779797]}
PCLA_NAV_AUDIT={"step": 100, "timestamp": 5.050000075250864, "raw_gps": [5.990121697152517e-05, 0.003296117116952933], "compass_rad": 4.780481338500977, "planner_position": [6.668479415885131, 366.9220795543015], "target_local": [0.4622790958537532, -29.43073148468857], "command": 4, "remaining_route_points": 4, "next_route_points": [[5.250241270697302, 390.01995902768374], [9.1321468778597, 337.5910038780991], [58.02265539760678, 325.2500004433098]], "actual_transform": {"x": 367.6553039550781, "y": -6.648303508758545, "yaw": -176.0985870361328}, "sensor_frames": {"speed": 18646, "rgb": 18646, "rgb_left": 18646, "rgb_right": 18646, "gps": 18647, "imu": 18647, "lidar": 18647}}
PCLA_GNSS_ADAPTER_SAMPLE={"frame": 18667, "tag": "gps", "native_gps": [-6.424844939141651e-05, 0.003281303105252998, 0.002345246059121564], "route_convention_gps": [6.42227396809858e-05, 0.003279990448763806, 0.002345246059121564]}
PCLA_NAV_AUDIT={"step": 120, "timestamp": 6.050000090152025, "raw_gps": [6.42227396809858e-05, 0.003279990448763806], "compass_rad": 4.771791458129883, "planner_position": [7.149571231549199, 365.126867060849], "target_local": [0.34434206215628466, -27.604995851415996], "command": 4, "remaining_route_points": 4, "next_route_points": [[5.250241270697302, 390.01995902768374], [9.1321468778597, 337.5910038780991], [58.02265539760678, 325.2500004433098]], "actual_transform": {"x": 365.1227111816406, "y": -6.803277015686035, "yaw": -176.59649658203125}, "sensor_frames": {"speed": 18666, "rgb": 18666, "rgb_left": 18666, "rgb_right": 18666, "imu": 18667, "gps": 18667, "lidar": 18667}}
PCLA_GNSS_ADAPTER_SAMPLE={"frame": 18687, "tag": "gps", "native_gps": [-6.0971198841779016e-05, 0.0032663809705827706, 0.0013066143079640824], "route_convention_gps": [6.094679989132601e-05, 0.0032650742829251713, 0.0013066143079640824]}
PCLA_NAV_AUDIT={"step": 140, "timestamp": 7.050000105053186, "raw_gps": [6.094679989132601e-05, 0.0032650742829251713], "compass_rad": 4.762139797210693, "planner_position": [6.784878523128769, 363.466407072841], "target_local": [1.057572581524325, -25.96011747766922], "command": 4, "remaining_route_points": 4, "next_route_points": [[5.250241270697302, 390.01995902768374], [9.1321468778597, 337.5910038780991], [58.02265539760678, 325.2500004433098]], "actual_transform": {"x": 363.3176574707031, "y": -6.887513160705566, "yaw": -177.1494903564453}, "sensor_frames": {"speed": 18686, "rgb": 18686, "rgb_left": 18686, "rgb_right": 18686, "imu": 18687, "gps": 18687, "lidar": 18687}}
PCLA_GNSS_ADAPTER_SAMPLE={"frame": 18707, "tag": "gps", "native_gps": [-6.830436137216586e-05, 0.003226606479158746, 0.0016386831002250801], "route_convention_gps": [6.827702944178782e-05, 0.003225315701233022, 0.0016386831002250801]}
PCLA_NAV_AUDIT={"step": 160, "timestamp": 8.050000119954348, "raw_gps": [6.827702944178782e-05, 0.003225315701233022], "compass_rad": 4.751127243041992, "planner_position": [7.600913444325845, 359.0405019981757], "target_local": [0.699376164054767, -21.49270849409851], "command": 4, "remaining_route_points": 4, "next_route_points": [[5.250241270697302, 390.01995902768374], [9.1321468778597, 337.5910038780991], [58.02265539760678, 325.2500004433098]], "actual_transform": {"x": 359.64398193359375, "y": -7.0323662757873535, "yaw": -177.78045654296875}, "sensor_frames": {"speed": 18706, "rgb": 18706, "rgb_left": 18706, "rgb_right": 18706, "imu": 18707, "gps": 18707, "lidar": 18707}}
PCLA_GNSS_ADAPTER_SAMPLE={"frame": 18727, "tag": "gps", "native_gps": [-6.640118477740607e-05, 0.0031870093490827364, 0.001806961070997204], "route_convention_gps": [6.637461403613543e-05, 0.0031857344099476843, 0.001806961070997204]}
PCLA_NAV_AUDIT={"step": 180, "timestamp": 9.050000134855509, "raw_gps": [6.637461403613543e-05, 0.0031857344099476843], "compass_rad": 4.749248504638672, "planner_position": [7.389127797648811, 354.63433280134615], "target_local": [1.1137684045713114, -17.095984798804274], "command": 4, "remaining_route_points": 4, "next_route_points": [[5.250241270697302, 390.01995902768374], [9.1321468778597, 337.5910038780991], [58.02265539760678, 325.2500004433098]], "actual_transform": {"x": 355.5340576171875, "y": -7.18914794921875, "yaw": -177.8881072998047}, "sensor_frames": {"speed": 18726, "rgb": 18726, "rgb_left": 18726, "rgb_right": 18726, "imu": 18727, "gps": 18727, "lidar": 18727}}
PCLA_GNSS_ADAPTER_SAMPLE={"frame": 18747, "tag": "gps", "native_gps": [-6.191867722646927e-05, 0.003148266595486657, 0.0018680697266972857], "route_convention_gps": [6.189389930000289e-05, 0.0031470071533938756, 0.0018680697266972857]}
PCLA_NAV_AUDIT={"step": 200, "timestamp": 10.05000014975667, "raw_gps": [6.189389930000289e-05, 0.0031470071533938756], "compass_rad": 4.743785381317139, "planner_position": [6.890313992237201, 350.3232343160798], "target_local": [1.8410475100165902, -12.796329578389322], "command": 4, "remaining_route_points": 4, "next_route_points": [[5.250241270697302, 390.01995902768374], [9.1321468778597, 337.5910038780991], [58.02265539760678, 325.2500004433098]], "actual_transform": {"x": 350.6042175292969, "y": -7.339345455169678, "yaw": -178.2011260986328}, "sensor_frames": {"speed": 18746, "rgb": 18746, "rgb_left": 18746, "rgb_right": 18746, "imu": 18747, "lidar": 18747, "gps": 18747}}
PCLA_GNSS_ADAPTER_SAMPLE={"frame": 18767, "tag": "gps", "native_gps": [-6.314398742109824e-05, 0.00310947456963402, 0.0019320983016086757], "route_convention_gps": [6.311871939601588e-05, 0.0031082306442904452, 0.0019320983016086757]}
PCLA_NAV_AUDIT={"step": 220, "timestamp": 11.050000164657831, "raw_gps": [6.311871939601588e-05, 0.0031082306442904452], "compass_rad": 4.78250789642334, "planner_position": [7.026666607615745, 346.00665306206173], "target_local": [1.5106936560093454, -8.54248225246095], "command": 4, "remaining_route_points": 4, "next_route_points": [[5.250241270697302, 390.01995902768374], [9.1321468778597, 337.5910038780991], [58.02265539760678, 325.2500004433098]], "actual_transform": {"x": 345.568115234375, "y": -7.629926681518555, "yaw": -175.9824981689453}, "sensor_frames": {"speed": 18766, "rgb": 18766, "rgb_left": 18766, "rgb_right": 18766, "imu": 18767, "gps": 18767, "lidar": 18767}}
PCLA_GNSS_ADAPTER_SAMPLE={"frame": 18787, "tag": "gps", "native_gps": [-6.976215161722317e-05, 0.0030586918038232494, 0.001588216576763557], "route_convention_gps": [6.973423657541389e-05, 0.0030574681915043083, 0.001588216576763557]}
PCLA_NAV_AUDIT={"step": 240, "timestamp": 12.050000179558992, "raw_gps": [6.973423657541389e-05, 0.0030574681915043083], "compass_rad": 4.878942012786865, "planner_position": [7.763136455252078, 340.35580265878934], "target_local": [47.05973017164911, -23.22899698785286], "command": 4, "remaining_route_points": 3, "next_route_points": [[9.1321468778597, 337.5910038780991], [58.02265539760678, 325.2500004433098], [70.02320687303433, 325.2500004433098]], "actual_transform": {"x": 340.61199951171875, "y": -8.271074295043945, "yaw": -170.45721435546875}, "sensor_frames": {"speed": 18786, "rgb": 18786, "rgb_left": 18786, "rgb_right": 18786, "imu": 18787, "gps": 18787, "lidar": 18787}}
PCLA_GNSS_ADAPTER_SAMPLE={"frame": 18807, "tag": "gps", "native_gps": [-8.531900065674637e-05, 0.0030241248429166267, 0.001632394622731681], "route_convention_gps": [8.528486348780007e-05, 0.003022915057322784, 0.001632394622731681]}
PCLA_NAV_AUDIT={"step": 260, "timestamp": 13.050000194460154, "raw_gps": [8.528486348780007e-05, 0.003022915057322784], "compass_rad": 5.062223434448242, "planner_position": [9.494303879090083, 336.5093653511478], "target_local": [41.729902768611105, -27.2100976505936], "command": 4, "remaining_route_points": 3, "next_route_points": [[9.1321468778597, 337.5910038780991], [58.02265539760678, 325.2500004433098], [70.02320687303433, 325.2500004433098]], "actual_transform": {"x": 335.8871154785156, "y": -9.739046096801758, "yaw": -159.9559783935547}, "sensor_frames": {"speed": 18806, "rgb": 18806, "rgb_left": 18806, "rgb_right": 18806, "imu": 18807, "gps": 18807, "lidar": 18807}}
PCLA_GNSS_ADAPTER_SAMPLE={"frame": 18827, "tag": "gps", "native_gps": [-0.00011192450924640415, 0.002976797959632326, 0.0018976827595906798], "route_convention_gps": [0.0001118797309089814, 0.0029756071047089016, 0.0018976827595906798]}
PCLA_NAV_AUDIT={"step": 280, "timestamp": 14.050000209361315, "raw_gps": [0.0001118797309089814, 0.0029756071047089016], "compass_rad": 5.230285167694092, "planner_position": [12.454967033073185, 331.24306814852025], "target_local": [36.6251722328236, -27.765587375787568], "command": 4, "remaining_route_points": 3, "next_route_points": [[9.1321468778597, 337.5910038780991], [58.02265539760678, 325.2500004433098], [70.02320687303433, 325.2500004433098]], "actual_transform": {"x": 331.42193603515625, "y": -11.998669624328613, "yaw": -150.32675170898438}, "sensor_frames": {"speed": 18826, "rgb": 18826, "rgb_left": 18826, "rgb_right": 18826, "imu": 18827, "gps": 18827, "lidar": 18827}}
PCLA_GNSS_ADAPTER_SAMPLE={"frame": 18847, "tag": "gps", "native_gps": [-0.00013800687047230218, 0.002946936647195397, 0.0017932610984416897], "route_convention_gps": [0.00013795166020713623, 0.002945757736741566, 0.0017932610984416897]}
PCLA_NAV_AUDIT={"step": 300, "timestamp": 15.050000224262476, "raw_gps": [0.00013795166020713623, 0.002945757736741566], "compass_rad": 5.394549369812012, "planner_position": [15.357414306219649, 327.92025170136645], "target_local": [31.433774971457776, -28.97189724907738], "command": 4, "remaining_route_points": 3, "next_route_points": [[9.1321468778597, 337.5910038780991], [58.02265539760678, 325.2500004433098], [70.02320687303433, 325.2500004433098]], "actual_transform": {"x": 327.7294921875, "y": -14.762797355651855, "yaw": -140.9151153564453}, "sensor_frames": {"speed": 18846, "rgb": 18846, "rgb_left": 18846, "rgb_right": 18846, "imu": 18847, "gps": 18847, "lidar": 18847}}
PCLA_GNSS_ADAPTER_SAMPLE={"frame": 18867, "tag": "gps", "native_gps": [-0.00015933034317772675, 0.0029114155298552557, 0.0016623774729396246], "route_convention_gps": [0.00015926660437060036, 0.0029102508277856947, 0.0016623774729396246]}
PCLA_NAV_AUDIT={"step": 320, "timestamp": 16.050000239163637, "raw_gps": [0.00015926660437060036, 0.0029102508277856947], "compass_rad": 5.5475616455078125, "planner_position": [17.730292080512093, 323.9676406713684], "target_local": [27.988934796378537, -29.012730261482155], "command": 4, "remaining_route_points": 3, "next_route_points": [[9.1321468778597, 337.5910038780991], [58.02265539760678, 325.2500004433098], [70.02320687303433, 325.2500004433098]], "actual_transform": {"x": 324.28070068359375, "y": -18.280012130737305, "yaw": -132.14817810058594}, "sensor_frames": {"speed": 18866, "rgb": 18866, "rgb_left": 18866, "rgb_right": 18866, "imu": 18867, "gps": 18867, "lidar": 18867}}
PCLA_GNSS_ADAPTER_SAMPLE={"frame": 18887, "tag": "gps", "native_gps": [-0.0001980772765451507, 0.0028834686896192768, 0.0019053672907602959], "route_convention_gps": [0.000197998040491143, 0.0028823151662292347, 0.0019053672907602959]}
PCLA_NAV_AUDIT={"step": 340, "timestamp": 17.0500002540648, "raw_gps": [0.000197998040491143, 0.0028823151662292347], "compass_rad": 5.6949005126953125, "planner_position": [22.042053970763593, 320.8578570476914], "target_local": [23.620690567526, -27.494682754274734], "command": 4, "remaining_route_points": 3, "next_route_points": [[9.1321468778597, 337.5910038780991], [58.02265539760678, 325.2500004433098], [70.02320687303433, 325.2500004433098]], "actual_transform": {"x": 321.3319396972656, "y": -22.346399307250977, "yaw": -123.70624542236328}, "sensor_frames": {"speed": 18886, "rgb": 18886, "rgb_left": 18886, "rgb_right": 18886, "imu": 18887, "gps": 18887, "lidar": 18887}}
PCLA_GNSS_ADAPTER_SAMPLE={"frame": 18907, "tag": "gps", "native_gps": [-0.00024311754444082673, 0.0028645234507512184, 0.0015799777165739215], "route_convention_gps": [0.0002430202940502113, 0.002863377505412157, 0.0015799777165739215]}
PCLA_NAV_AUDIT={"step": 360, "timestamp": 18.05000026896596, "raw_gps": [0.0002430202940502113, 0.002863377505412157], "compass_rad": 5.83576774597168, "planner_position": [27.05413863772664, 318.74972628584527], "target_local": [19.258615050181355, -25.107933821366228], "command": 4, "remaining_route_points": 3, "next_route_points": [[9.1321468778597, 337.5910038780991], [58.02265539760678, 325.2500004433098], [70.02320687303433, 325.2500004433098]], "actual_transform": {"x": 319.01458740234375, "y": -26.76822853088379, "yaw": -115.63512420654297}, "sensor_frames": {"speed": 18906, "rgb": 18906, "rgb_left": 18906, "rgb_right": 18906, "imu": 18907, "gps": 18907, "lidar": 18907}}
PCLA_GNSS_ADAPTER_SAMPLE={"frame": 18927, "tag": "gps", "native_gps": [-0.00028417856741090554, 0.002843439264749393, 0.0016233666628977517], "route_convention_gps": [0.0002840648942452617, 0.002842301753038134, 0.0016233666628977517]}
PCLA_NAV_AUDIT={"step": 380, "timestamp": 19.05000028386712, "raw_gps": [0.0002840648942452617, 0.002842301753038134], "compass_rad": 5.939942359924316, "planner_position": [31.623412608638414, 316.40358426028615], "target_local": [17.21485983935144, -21.882131976241382], "command": 4, "remaining_route_points": 3, "next_route_points": [[9.1321468778597, 337.5910038780991], [58.02265539760678, 325.2500004433098], [70.02320687303433, 325.2500004433098]], "actual_transform": {"x": 317.2303466796875, "y": -31.400075912475586, "yaw": -109.66637420654297}, "sensor_frames": {"speed": 18926, "rgb": 18926, "rgb_left": 18926, "rgb_right": 18926, "gps": 18927, "imu": 18927, "lidar": 18927}}
PCLA_GNSS_ADAPTER_SAMPLE={"frame": 18947, "tag": "gps", "native_gps": [-0.0003194930637784694, 0.0028501495436348855, 0.0018330888490254438], "route_convention_gps": [0.0003193652662076829, 0.002849009347810888, 0.0018330888490254438]}
PCLA_NAV_AUDIT={"step": 400, "timestamp": 20.050000298768282, "raw_gps": [0.0003193652662076829, 0.002849009347810888], "compass_rad": 6.019457817077637, "planner_position": [35.553212631172094, 317.1502702958545], "target_local": [13.677038051017515, -19.581116333005607], "command": 4, "remaining_route_points": 3, "next_route_points": [[9.1321468778597, 337.5910038780991], [58.02265539760678, 325.2500004433098], [70.02320687303433, 325.2500004433098]], "actual_transform": {"x": 315.822998046875, "y": -36.22470474243164, "yaw": -105.11048889160156}, "sensor_frames": {"speed": 18946, "rgb": 18946, "rgb_left": 18946, "rgb_right": 18946, "gps": 18947, "imu": 18947, "lidar": 18947}}
PCLA_GNSS_ADAPTER_SAMPLE={"frame": 18967, "tag": "gps", "native_gps": [-0.0003662600128397808, 0.002831090459160414, 0.0016476024825351487], "route_convention_gps": [0.00036611351033855044, 0.00282995788692489, 0.0016476024825351487]}
PCLA_NAV_AUDIT={"step": 420, "timestamp": 21.050000313669443, "raw_gps": [0.00036611351033855044, 0.00282995788692489], "compass_rad": 6.069165229797363, "planner_position": [40.75744251958408, 315.0294713682666], "target_local": [13.654305547176902, -14.700569047542935], "command": 4, "remaining_route_points": 3, "next_route_points": [[9.1321468778597, 337.5910038780991], [58.02265539760678, 325.2500004433098], [70.02320687303433, 325.2500004433098]], "actual_transform": {"x": 314.7230224609375, "y": -41.04793930053711, "yaw": -102.2624740600586}, "sensor_frames": {"speed": 18966, "rgb": 18966, "rgb_left": 18966, "rgb_right": 18966, "imu": 18967, "gps": 18967, "lidar": 18967}}
PCLA_GNSS_ADAPTER_SAMPLE={"frame": 18987, "tag": "gps", "native_gps": [-0.00042298545645756984, 0.00282544026178593, 0.001931097650412994], "route_convention_gps": [0.0004228162660382395, 0.002824309949601735, 0.001931097650412994]}
PCLA_NAV_AUDIT={"step": 440, "timestamp": 22.050000328570604, "raw_gps": [0.0004228162660382395, 0.002824309949601735], "compass_rad": 6.097494602203369, "planner_position": [47.06985449256762, 314.40074586056375], "target_local": [12.684909991922193, -8.761462843811804], "command": 4, "remaining_route_points": 3, "next_route_points": [[9.1321468778597, 337.5910038780991], [58.02265539760678, 325.2500004433098], [70.02320687303433, 325.2500004433098]], "actual_transform": {"x": 313.7633056640625, "y": -45.976688385009766, "yaw": -100.63929748535156}, "sensor_frames": {"speed": 18986, "rgb": 18986, "rgb_left": 18986, "rgb_right": 18986, "imu": 18987, "gps": 18987, "lidar": 18987}}
PCLA_GNSS_ADAPTER_SAMPLE={"frame": 19007, "tag": "gps", "native_gps": [-0.00045853288114371165, 0.0028051626467310116, 0.001621570242150483], "route_convention_gps": [0.0004583494731633664, 0.0028040404455493277, 0.001621570242150483]}
PCLA_NAV_AUDIT={"step": 460, "timestamp": 23.050000343471766, "raw_gps": [0.0004583494731633664, 0.0028040404455493277], "compass_rad": 6.190342903137207, "planner_position": [51.02557479799864, 312.14435498774213], "target_local": [13.697895493633387, -5.751933481008933], "command": 4, "remaining_route_points": 3, "next_route_points": [[9.1321468778597, 337.5910038780991], [58.02265539760678, 325.2500004433098], [70.02320687303433, 325.2500004433098]], "actual_transform": {"x": 313.1263732910156, "y": -50.89695358276367, "yaw": -95.31950378417969}, "sensor_frames": {"speed": 19006, "rgb": 19006, "rgb_left": 19006, "rgb_right": 19006, "gps": 19007, "imu": 19007, "lidar": 19007}}
PCLA_GNSS_ADAPTER_SAMPLE={"frame": 19027, "tag": "gps", "native_gps": [-0.0005045542979964734, 0.0028174249501187625, 0.00192918481320703], "route_convention_gps": [0.0005043524832615276, 0.002816297844019688, 0.00192918481320703]}
PCLA_NAV_AUDIT={"step": 480, "timestamp": 24.050000358372927, "raw_gps": [0.0005043524832615276, 0.002816297844019688], "compass_rad": 0.16554011404514313, "planner_position": [56.14684180087391, 313.5088423457727], "target_local": [11.271544450666969, -3.7849380203231187], "command": 4, "remaining_route_points": 3, "next_route_points": [[9.1321468778597, 337.5910038780991], [58.02265539760678, 325.2500004433098], [70.02320687303433, 325.2500004433098]], "actual_transform": {"x": 313.53167724609375, "y": -55.86256790161133, "yaw": -80.5152359008789}, "sensor_frames": {"speed": 19026, "rgb": 19026, "rgb_left": 19026, "rgb_right": 19026, "imu": 19027, "gps": 19027, "lidar": 19027}}
ERROR: failed to destroy actor 63 : unable to destroy actor: not found 
ERROR: failed to destroy actor 58 : unable to destroy actor: not found 
WARNING: attempting to unsubscribe from stream but sensor wasn't listening: Actor 57 (sensor.camera.rgb) 
ERROR: failed to destroy actor 57 : unable to destroy actor: not found 
ScenarioManager: duration system=76.56s, simulation=25.10s, real_time_factor=0.33
C2X_SENSOR_CLEANUP_ERROR {"sensor_id": 59, "operation": "stop", "error": "close: Bad file descriptor [system:9]"}
ERROR: failed to destroy actor 59 : unable to destroy actor: not found 
ERROR: failed to destroy actor 60 : unable to destroy actor: not found 
ERROR: failed to destroy actor 61 : unable to destroy actor: not found 
Data artifacts saved under: /home/server/crash2openx_ads_stress_20260919/runs/run_expand_144_critical_725409f9/outputs/scene/out
数据收集摘要:
  scenario_name: scenario
  episode_dir: /home/server/crash2openx_ads_stress_20260919/runs/run_expand_144_critical_725409f9/outputs/scene/out
  total_ticks: 502
  stored_frame_rows: 502
  duration_seconds: 77.1
  final_route_completion: 88.155
  min_ttc: {'value': 2.782312, 'frame': 18604, 'simulation_time': 5.165018, 'other_actor_id': 49, 'other_actor_type_id': 'vehicle.diamondback.century'}
  min_distance: {'value': 4.693797, 'frame': 18763, 'simulation_time': 13.115018, 'other_actor_id': 49, 'other_actor_type_id': 'vehicle.diamondback.century'}
  max_long_jerk: {'value': 1951.882191, 'frame': 18546, 'simulation_time': 2.265018}
  max_lat_jerk: {'value': -53.983179, 'frame': 18830, 'simulation_time': 16.465018}
  unsafe_exposure_time: 0.0
  off_road_time: 2.65
  opposite_lane_occupancy_time: 4.2
  blocked_time: 0.0
  collision_count: 0
  geometric_overlap_count: 0
  collision_evidence: carla_collision_sensor
  expected_contact_sequence: []
  early_exit_on_first_sut_contact: True
  lane_invasion_count: 5
  red_light_violation_count: 0
  stop_sign_violation_count: 0
  termination_reason: scenario_completed
  scenario_tree_status: Status.SUCCESS
  criteria: [{'name': 'RunningStopTest', 'test_status': 'SUCCESS', 'actual_value': 0, 'success_value': 0, 'units': 'times'}, {'name': 'RunningRedLightTest', 'test_status': 'SUCCESS', 'actual_value': 0, 'success_value': 0, 'units': 'times'}, {'name': 'WrongLaneTest', 'test_status': 'FAILURE', 'actual_value': 1, 'success_value': 0, 'units': 'times'}, {'name': 'OnSidewalkTest', 'test_status': 'SUCCESS', 'actual_value': 0, 'success_value': 0, 'units': 'times'}, {'name': 'CheckKeepLane', 'test_status': 'FAILURE', 'actual_value': 5, 'success_value': 0, 'units': 'times'}, {'name': 'CollisionTest', 'test_status': 'SUCCESS', 'actual_value': 0, 'success_value': 0, 'units': 'times'}, {'name': 'CheckDrivenDistance', 'test_status': 'SUCCESS', 'actual_value': 110.64, 'success_value': 100.0, 'units': 'times'}]
  video_path: None
  collision_sensor_actor_ids: [48, 49]
  sensor_cleanup_errors: [{'sensor_id': 59, 'operation': 'stop', 'error': 'close: Bad file descriptor [system:9]'}]
  sensor_cleanup_status: completed_with_errors
