pygame 2.5.2 (SDL 2.28.2, Python 3.8.18)
Hello from the pygame community. https://www.pygame.org/contribute.html
WARNING: Version mismatch detected: You are trying to connect to a simulator that might be incompatible with this API 
WARNING: Client API version     = 78eb4c373 
WARNING: Simulator API version  = 0.9.16 
Connected to CARLA 127.0.0.1:2000, map=Carla/Maps/OpenDriveMap, mode=rgb
Waiting for actor with role_name='hero' ...
Waiting for actor with role_name='hero' ...
Waiting for actor with role_name='hero' ...
Waiting for actor with role_name='hero' ...
Waiting for actor with role_name='hero' ...
Waiting for actor with role_name='hero' ...
Waiting for actor with role_name='hero' ...
Waiting for actor with role_name='hero' ...
Waiting for actor with role_name='hero' ...
Waiting for actor with role_name='hero' ...
Waiting for actor with role_name='hero' ...
Waiting for actor with role_name='hero' ...
Waiting for actor with role_name='hero' ...
Waiting for actor with role_name='hero' ...
Waiting for actor with role_name='hero' ...
Waiting for actor with role_name='hero' ...
Waiting for actor with role_name='hero' ...
Waiting for actor with role_name='hero' ...
RGB attached actor=28, camera=30, world=2745601193324762495
First RGB image: frame=5546, time=2.261
WARNING: attempting to destroy an actor that is already dead: Actor 30 (sensor.camera.rgb) 
ffmpeg version 4.4.2-0ubuntu0.22.04.1 Copyright (c) 2000-2021 the FFmpeg developers
  built with gcc 11 (Ubuntu 11.2.0-19ubuntu1)
  configuration: --prefix=/usr --extra-version=0ubuntu0.22.04.1 --toolchain=hardened --libdir=/usr/lib/x86_64-linux-gnu --incdir=/usr/include/x86_64-linux-gnu --arch=amd64 --enable-gpl --disable-stripping --enable-gnutls --enable-ladspa --enable-libaom --enable-libass --enable-libbluray --enable-libbs2b --enable-libcaca --enable-libcdio --enable-libcodec2 --enable-libdav1d --enable-libflite --enable-libfontconfig --enable-libfreetype --enable-libfribidi --enable-libgme --enable-libgsm --enable-libjack --enable-libmp3lame --enable-libmysofa --enable-libopenjpeg --enable-libopenmpt --enable-libopus --enable-libpulse --enable-librabbitmq --enable-librubberband --enable-libshine --enable-libsnappy --enable-libsoxr --enable-libspeex --enable-libsrt --enable-libssh --enable-libtheora --enable-libtwolame --enable-libvidstab --enable-libvorbis --enable-libvpx --enable-libwebp --enable-libx265 --enable-libxml2 --enable-libxvid --enable-libzimg --enable-libzmq --enable-libzvbi --enable-lv2 --enable-omx --enable-openal --enable-opencl --enable-opengl --enable-sdl2 --enable-pocketsphinx --enable-librsvg --enable-libmfx --enable-libdc1394 --enable-libdrm --enable-libiec61883 --enable-chromaprint --enable-frei0r --enable-libx264 --enable-shared
  libavutil      56. 70.100 / 56. 70.100
  libavcodec     58.134.100 / 58.134.100
  libavformat    58. 76.100 / 58. 76.100
  libavdevice    58. 13.100 / 58. 13.100
  libavfilter     7.110.100 /  7.110.100
  libswscale      5.  9.100 /  5.  9.100
  libswresample   3.  9.100 /  3.  9.100
  libpostproc    55.  9.100 / 55.  9.100
Input #0, image2, from '/home/server/crash2openx_ads_stress_20260919/runs/run_expand_055_critical_802d2a44/outputs/scene/out/rgb_frames/frame_%06d.jpg':
  Duration: 00:00:21.95, start: 0.000000, bitrate: N/A
  Stream #0:0: Video: mjpeg (Baseline), yuvj420p(pc, bt470bg/unknown/unknown), 1280x720 [SAR 1:1 DAR 16:9], 20 fps, 20 tbr, 20 tbn, 20 tbc
Stream mapping:
  Stream #0:0 -> #0:0 (mjpeg (native) -> h264 (libx264))
Press [q] to stop, [?] for help
[swscaler @ 0x5884082bb400] deprecated pixel format used, make sure you did set range correctly
[libx264 @ 0x588407f87b80] using SAR=1/1
[libx264 @ 0x588407f87b80] using cpu capabilities: MMX2 SSE2Fast SSSE3 SSE4.2 AVX FMA3 BMI2 AVX2 AVX512
[libx264 @ 0x588407f87b80] profile High, level 3.1, 4:2:0, 8-bit
[libx264 @ 0x588407f87b80] 264 - core 163 r3060 5db6aa6 - H.264/MPEG-4 AVC codec - Copyleft 2003-2021 - http://www.videolan.org/x264.html - options: cabac=1 ref=3 deblock=1:0:0 analyse=0x3:0x113 me=hex subme=7 psy=1 psy_rd=1.00:0.00 mixed_ref=1 me_range=16 chroma_me=1 trellis=1 8x8dct=1 cqm=0 deadzone=21,11 fast_pskip=1 chroma_qp_offset=-2 threads=22 lookahead_threads=3 sliced_threads=0 nr=0 decimate=1 interlaced=0 bluray_compat=0 constrained_intra=0 bframes=3 b_pyramid=2 b_adapt=1 b_bias=0 direct=1 weightb=1 open_gop=0 weightp=2 keyint=250 keyint_min=20 scenecut=40 intra_refresh=0 rc_lookahead=40 rc=crf mbtree=1 crf=23.0 qcomp=0.60 qpmin=0 qpmax=69 qpstep=4 ip_ratio=1.40 aq=1:1.00
Output #0, mp4, to '/home/server/crash2openx_ads_stress_20260919/runs/run_expand_055_critical_802d2a44/outputs/scene/out/carla_rgb.mp4':
  Metadata:
    encoder         : Lavf58.76.100
  Stream #0:0: Video: h264 (avc1 / 0x31637661), yuv420p(tv, bt470bg/unknown/unknown, progressive), 1280x720 [SAR 1:1 DAR 16:9], q=2-31, 20 fps, 10240 tbn
    Metadata:
      encoder         : Lavc58.134.100 libx264
    Side data:
      cpb: bitrate max/min/avg: 0/0/0 buffer size: 0 vbv_delay: N/A
frame=    1 fps=0.0 q=0.0 size=       0kB time=00:00:00.00 bitrate=N/A speed=N/A    frame=  200 fps=0.0 q=28.0 size=     256kB time=00:00:06.55 bitrate= 320.2kbits/s speed=  13x    frame=  408 fps=407 q=28.0 size=     512kB time=00:00:16.95 bitrate= 247.5kbits/s speed=16.9x    frame=  439 fps=382 q=-1.0 Lsize=    1021kB time=00:00:21.80 bitrate= 383.6kbits/s speed=  19x    
video:1015kB audio:0kB subtitle:0kB other streams:0kB global headers:0kB muxing overhead: 0.590351%
[libx264 @ 0x588407f87b80] frame I:3     Avg QP:16.89  size: 10753
[libx264 @ 0x588407f87b80] frame P:110   Avg QP:16.90  size:  3857
[libx264 @ 0x588407f87b80] frame B:326   Avg QP:18.37  size:  1785
[libx264 @ 0x588407f87b80] consecutive B-frames:  0.9%  0.0%  0.7% 98.4%
[libx264 @ 0x588407f87b80] mb I  I16..4: 29.4% 69.3%  1.3%
[libx264 @ 0x588407f87b80] mb P  I16..4:  2.8%  7.5%  0.1%  P16..4: 23.3%  6.0%  2.2%  0.0%  0.0%    skip:58.1%
[libx264 @ 0x588407f87b80] mb B  I16..4:  0.4%  0.7%  0.0%  B16..8: 24.4%  2.9%  0.0%  direct: 2.4%  skip:69.3%  L0:53.4% L1:46.0% BI: 0.6%
[libx264 @ 0x588407f87b80] 8x8 transform intra:70.3% inter:95.1%
[libx264 @ 0x588407f87b80] coded y,uvDC,uvAC intra: 11.8% 10.5% 1.6% inter: 1.5% 4.2% 0.1%
[libx264 @ 0x588407f87b80] i16 v,h,dc,p: 28% 51% 11%  9%
[libx264 @ 0x588407f87b80] i8 v,h,dc,ddl,ddr,vr,hd,vl,hu: 25% 20% 54%  0%  0%  0%  0%  0%  0%
[libx264 @ 0x588407f87b80] i4 v,h,dc,ddl,ddr,vr,hd,vl,hu: 24% 27% 25%  2%  7%  3%  8%  1%  3%
[libx264 @ 0x588407f87b80] i8c dc,h,v,p: 66% 22% 11%  0%
[libx264 @ 0x588407f87b80] Weighted P-Frames: Y:0.9% UV:0.0%
[libx264 @ 0x588407f87b80] ref P L0: 48.5%  1.3% 33.6% 16.5%  0.1%
[libx264 @ 0x588407f87b80] ref B L0: 64.0% 28.7%  7.3%
[libx264 @ 0x588407f87b80] ref B L1: 82.1% 17.9%
[libx264 @ 0x588407f87b80] kb/s:378.50
