pygame 2.5.2 (SDL 2.28.2, Python 3.8.18)
Hello from the pygame community. https://www.pygame.org/contribute.html
WARNING: Version mismatch detected: You are trying to connect to a simulator that might be incompatible with this API 
WARNING: Client API version     = 78eb4c373 
WARNING: Simulator API version  = 0.9.16 
Connected to CARLA 127.0.0.1:2000, map=Carla/Maps/OpenDriveMap, mode=rgb
Waiting for actor with role_name='hero' ...
Waiting for actor with role_name='hero' ...
Waiting for actor with role_name='hero' ...
Waiting for actor with role_name='hero' ...
Waiting for actor with role_name='hero' ...
Waiting for actor with role_name='hero' ...
Waiting for actor with role_name='hero' ...
Waiting for actor with role_name='hero' ...
Waiting for actor with role_name='hero' ...
Waiting for actor with role_name='hero' ...
Waiting for actor with role_name='hero' ...
Waiting for actor with role_name='hero' ...
Waiting for actor with role_name='hero' ...
Waiting for actor with role_name='hero' ...
Waiting for actor with role_name='hero' ...
Waiting for actor with role_name='hero' ...
Waiting for actor with role_name='hero' ...
Waiting for actor with role_name='hero' ...
Waiting for actor with role_name='hero' ...
Waiting for actor with role_name='hero' ...
Waiting for actor with role_name='hero' ...
Waiting for actor with role_name='hero' ...
Waiting for actor with role_name='hero' ...
Waiting for actor with role_name='hero' ...
Waiting for actor with role_name='hero' ...
Waiting for actor with role_name='hero' ...
Waiting for actor with role_name='hero' ...
Waiting for actor with role_name='hero' ...
Waiting for actor with role_name='hero' ...
Waiting for actor with role_name='hero' ...
Waiting for actor with role_name='hero' ...
Waiting for actor with role_name='hero' ...
Waiting for actor with role_name='hero' ...
Waiting for actor with role_name='hero' ...
RGB attached actor=48, camera=50, world=16007240656656609019
First RGB image: frame=18546, time=2.265
WARNING: attempting to destroy an actor that is already dead: Actor 50 (sensor.camera.rgb) 
ffmpeg version 4.4.2-0ubuntu0.22.04.1 Copyright (c) 2000-2021 the FFmpeg developers
  built with gcc 11 (Ubuntu 11.2.0-19ubuntu1)
  configuration: --prefix=/usr --extra-version=0ubuntu0.22.04.1 --toolchain=hardened --libdir=/usr/lib/x86_64-linux-gnu --incdir=/usr/include/x86_64-linux-gnu --arch=amd64 --enable-gpl --disable-stripping --enable-gnutls --enable-ladspa --enable-libaom --enable-libass --enable-libbluray --enable-libbs2b --enable-libcaca --enable-libcdio --enable-libcodec2 --enable-libdav1d --enable-libflite --enable-libfontconfig --enable-libfreetype --enable-libfribidi --enable-libgme --enable-libgsm --enable-libjack --enable-libmp3lame --enable-libmysofa --enable-libopenjpeg --enable-libopenmpt --enable-libopus --enable-libpulse --enable-librabbitmq --enable-librubberband --enable-libshine --enable-libsnappy --enable-libsoxr --enable-libspeex --enable-libsrt --enable-libssh --enable-libtheora --enable-libtwolame --enable-libvidstab --enable-libvorbis --enable-libvpx --enable-libwebp --enable-libx265 --enable-libxml2 --enable-libxvid --enable-libzimg --enable-libzmq --enable-libzvbi --enable-lv2 --enable-omx --enable-openal --enable-opencl --enable-opengl --enable-sdl2 --enable-pocketsphinx --enable-librsvg --enable-libmfx --enable-libdc1394 --enable-libdrm --enable-libiec61883 --enable-chromaprint --enable-frei0r --enable-libx264 --enable-shared
  libavutil      56. 70.100 / 56. 70.100
  libavcodec     58.134.100 / 58.134.100
  libavformat    58. 76.100 / 58. 76.100
  libavdevice    58. 13.100 / 58. 13.100
  libavfilter     7.110.100 /  7.110.100
  libswscale      5.  9.100 /  5.  9.100
  libswresample   3.  9.100 /  3.  9.100
  libpostproc    55.  9.100 / 55.  9.100
Input #0, image2, from '/home/server/crash2openx_ads_stress_20260919/runs/run_expand_144_critical_725409f9/outputs/scene/out/rgb_frames/frame_%06d.jpg':
  Duration: 00:00:25.00, start: 0.000000, bitrate: N/A
  Stream #0:0: Video: mjpeg (Baseline), yuvj420p(pc, bt470bg/unknown/unknown), 1280x720 [SAR 1:1 DAR 16:9], 20 fps, 20 tbr, 20 tbn, 20 tbc
Stream mapping:
  Stream #0:0 -> #0:0 (mjpeg (native) -> h264 (libx264))
Press [q] to stop, [?] for help
[swscaler @ 0x5b67ef670280] deprecated pixel format used, make sure you did set range correctly
[libx264 @ 0x5b67ef351d40] using SAR=1/1
[libx264 @ 0x5b67ef351d40] using cpu capabilities: MMX2 SSE2Fast SSSE3 SSE4.2 AVX FMA3 BMI2 AVX2 AVX512
[libx264 @ 0x5b67ef351d40] profile High, level 3.1, 4:2:0, 8-bit
[libx264 @ 0x5b67ef351d40] 264 - core 163 r3060 5db6aa6 - H.264/MPEG-4 AVC codec - Copyleft 2003-2021 - http://www.videolan.org/x264.html - options: cabac=1 ref=3 deblock=1:0:0 analyse=0x3:0x113 me=hex subme=7 psy=1 psy_rd=1.00:0.00 mixed_ref=1 me_range=16 chroma_me=1 trellis=1 8x8dct=1 cqm=0 deadzone=21,11 fast_pskip=1 chroma_qp_offset=-2 threads=22 lookahead_threads=3 sliced_threads=0 nr=0 decimate=1 interlaced=0 bluray_compat=0 constrained_intra=0 bframes=3 b_pyramid=2 b_adapt=1 b_bias=0 direct=1 weightb=1 open_gop=0 weightp=2 keyint=250 keyint_min=20 scenecut=40 intra_refresh=0 rc_lookahead=40 rc=crf mbtree=1 crf=23.0 qcomp=0.60 qpmin=0 qpmax=69 qpstep=4 ip_ratio=1.40 aq=1:1.00
Output #0, mp4, to '/home/server/crash2openx_ads_stress_20260919/runs/run_expand_144_critical_725409f9/outputs/scene/out/carla_rgb.mp4':
  Metadata:
    encoder         : Lavf58.76.100
  Stream #0:0: Video: h264 (avc1 / 0x31637661), yuv420p(tv, bt470bg/unknown/unknown, progressive), 1280x720 [SAR 1:1 DAR 16:9], q=2-31, 20 fps, 10240 tbn
    Metadata:
      encoder         : Lavc58.134.100 libx264
    Side data:
      cpb: bitrate max/min/avg: 0/0/0 buffer size: 0 vbv_delay: N/A
frame=    1 fps=0.0 q=0.0 size=       0kB time=00:00:00.00 bitrate=N/A speed=N/A    frame=  184 fps=0.0 q=28.0 size=     256kB time=00:00:05.75 bitrate= 364.8kbits/s speed=11.4x    frame=  401 fps=399 q=28.0 size=     768kB time=00:00:16.60 bitrate= 379.0kbits/s speed=16.5x    frame=  500 fps=386 q=-1.0 Lsize=    1134kB time=00:00:24.85 bitrate= 373.8kbits/s speed=19.2x    
video:1127kB audio:0kB subtitle:0kB other streams:0kB global headers:0kB muxing overhead: 0.596374%
[libx264 @ 0x5b67ef351d40] frame I:3     Avg QP:16.88  size: 10751
[libx264 @ 0x5b67ef351d40] frame P:125   Avg QP:16.76  size:  3740
[libx264 @ 0x5b67ef351d40] frame B:372   Avg QP:18.43  size:  1757
[libx264 @ 0x5b67ef351d40] consecutive B-frames:  0.6%  0.4%  0.6% 98.4%
[libx264 @ 0x5b67ef351d40] mb I  I16..4: 30.4% 67.9%  1.7%
[libx264 @ 0x5b67ef351d40] mb P  I16..4:  2.9%  7.1%  0.0%  P16..4: 23.1%  6.3%  2.3%  0.0%  0.0%    skip:58.4%
[libx264 @ 0x5b67ef351d40] mb B  I16..4:  0.4%  0.7%  0.0%  B16..8: 24.7%  3.0%  0.0%  direct: 2.2%  skip:68.9%  L0:54.1% L1:45.5% BI: 0.4%
[libx264 @ 0x5b67ef351d40] 8x8 transform intra:69.2% inter:95.6%
[libx264 @ 0x5b67ef351d40] coded y,uvDC,uvAC intra: 10.7% 10.1% 1.5% inter: 1.4% 4.0% 0.1%
[libx264 @ 0x5b67ef351d40] i16 v,h,dc,p: 29% 53% 10%  8%
[libx264 @ 0x5b67ef351d40] i8 v,h,dc,ddl,ddr,vr,hd,vl,hu: 23% 17% 58%  0%  0%  0%  0%  0%  0%
[libx264 @ 0x5b67ef351d40] i4 v,h,dc,ddl,ddr,vr,hd,vl,hu: 30% 22% 29%  2%  5%  4%  3%  2%  3%
[libx264 @ 0x5b67ef351d40] i8c dc,h,v,p: 66% 22% 12%  0%
[libx264 @ 0x5b67ef351d40] Weighted P-Frames: Y:0.0% UV:0.0%
[libx264 @ 0x5b67ef351d40] ref P L0: 50.6%  1.4% 32.1% 15.9%
[libx264 @ 0x5b67ef351d40] ref B L0: 62.6% 29.5%  7.9%
[libx264 @ 0x5b67ef351d40] ref B L1: 83.4% 16.6%
[libx264 @ 0x5b67ef351d40] kb/s:369.10
