==== runner.sh mode=run run_id=run_expand_055_critical_802d2a44 ts=2026-09-19T13:57:47+08:00 ====
Starting CARLA container carla-c2x-validation-epic-20260917 (was exited)...
CARLA port 2000 ready (server pings back)
WARNING: Version mismatch detected: You are trying to connect to a simulator that might be incompatible with this API 
WARNING: Client API version     = 78eb4c373 
WARNING: Simulator API version  = 0.9.16 
WARNING: Version mismatch detected: You are trying to connect to a simulator that might be incompatible with this API 
WARNING: Client API version     = 78eb4c373 
WARNING: Simulator API version  = 0.9.16 
warmup OK
{
  "mp4_path": "/home/server/crash2openx_ads_stress_20260919/runs/run_expand_055_critical_802d2a44/outputs/scene/out/carla_rgb.mp4",
  "run_dir": "/home/server/crash2openx_ads_stress_20260919/runs/run_expand_055_critical_802d2a44/outputs/scene/out",
  "scenario_path": "/home/server/crash2openx_ads_stress_20260919/runs/run_expand_055_critical_802d2a44/inputs/scenario.xosc",
  "map_path": "/home/server/crash2openx_ads_stress_20260919/runs/run_expand_055_critical_802d2a44/inputs/map.xodr",
  "log_path": "/home/server/crash2openx_ads_stress_20260919/runs/run_expand_055_critical_802d2a44/outputs/scene/out/run_scene_wrapper.log",
  "return_code": 0,
  "elapsed_seconds": 81.54080013884231
}
run_scene produced carla_rgb.mp4 + summary.json (ticks=440, rc=0 accepted)
