WARNING: Version mismatch detected: You are trying to connect to a simulator that might be incompatible with this API 
WARNING: Client API version     = 78eb4c373 
WARNING: Simulator API version  = 0.9.16 
WARNING: Version mismatch detected: You are trying to connect to a simulator that might be incompatible with this API 
WARNING: Client API version     = 78eb4c373 
WARNING: Simulator API version  = 0.9.16 
WARNING:[SR:OpenScenarioConfiguration]: The /home/server/crash2openx_ads_stress_20260919/runs/run_expand_038_tight_ca3b8d47/outputs/scene/out/openscenarios/catalogs/VehicleCatalog.xosc path for the Vehicle Catalog is invalid
WARNING:[SR:OpenScenarioConfiguration]: The /home/server/crash2openx_ads_stress_20260919/runs/run_expand_038_tight_ca3b8d47/outputs/scene/out/openscenarios/catalogs/ControllerCatalog.xosc path for the Controller Catalog is invalid
WARNING:[SR:OpenScenarioConfiguration]: The /home/server/crash2openx_ads_stress_20260919/runs/run_expand_038_tight_ca3b8d47/outputs/scene/out/openscenarios/catalogs/PedestrianCatalog.xosc path for the Pedestrian Catalog is invalid
WARNING:[SR:OpenScenarioConfiguration]: The /home/server/crash2openx_ads_stress_20260919/runs/run_expand_038_tight_ca3b8d47/outputs/scene/out/openscenarios/catalogs/MiscObjectCatalog.xosc path for the MiscObject Catalog is invalid
WARNING:[SR:OpenScenarioConfiguration]: The /home/server/crash2openx_ads_stress_20260919/runs/run_expand_038_tight_ca3b8d47/outputs/scene/out/openscenarios/catalogs/EnvironmentCatalog.xosc path for the Environment Catalog is invalid
WARNING: Version mismatch detected: You are trying to connect to a simulator that might be incompatible with this API 
WARNING: Client API version     = 78eb4c373 
WARNING: Simulator API version  = 0.9.16 
WARNING: Version mismatch detected: You are trying to connect to a simulator that might be incompatible with this API 
WARNING: Client API version     = 78eb4c373 
WARNING: Simulator API version  = 0.9.16 
WARNING: No InMemoryMap cache found. Setting up local map. This may take a while... 
CARLA Host: 127.0.0.1
CARLA Port: 2000
Record Mode: False
Output File: /home/server/crash2openx_ads_stress_20260919/runs/run_expand_038_tight_ca3b8d47/outputs/scene/out/hero_pcla_route.xml
Case: disabled
Input Root: /home/server/crash2openx_ads_stress_20260919/runtime/input
Scenario File: /home/server/crash2openx_ads_stress_20260919/runs/run_expand_038_tight_ca3b8d47/inputs/scenario.xosc
Custom XODR: /home/server/crash2openx_ads_stress_20260919/runs/run_expand_038_tight_ca3b8d47/inputs/map.xodr
PCLA Agent: if_if
PCLA SUT: hero
Sync Route: False
Replay Control: npc
Disable Traffic Lights: True
Data Collection: True
Real Time Factor: 1.0
Post Run Hold: 0.0s
No Rendering: False
Record Video: False
Data Output: /home/server/crash2openx_ads_stress_20260919/runs/run_expand_038_tight_ca3b8d47/outputs/scene/out
--------------------------------------------------
已将运行时 OpenSCENARIO 的 RoadNetwork/LogicFile 指向自定义地图: /home/server/crash2openx_ads_stress_20260919/runs/run_expand_038_tight_ca3b8d47/inputs/map.xodr
Episode Output Dir: /home/server/crash2openx_ads_stress_20260919/runs/run_expand_038_tight_ca3b8d47/outputs/scene/out
Route sync: generating OpenDRIVE world from /home/server/crash2openx_ads_stress_20260919/runs/run_expand_038_tight_ca3b8d47/inputs/map.xodr
PCLA SUT route: preserving 73 generated AssignRouteAction waypoints for hero.
PCLA full route: preserving supplied start position, heading and route geometry.
PCLA SUT route 已从 hero 原始轨迹生成: /home/server/crash2openx_ads_stress_20260919/runs/run_expand_038_tight_ca3b8d47/outputs/scene/out/hero_pcla_route.xml
PCLA SUT route mode=endpoints, spacing=2.00m, waypoints=73 (before densify=73), PCLA SUT route start=(321.75, 70.02) end=(321.75, -70.02)
Replay mode: 跳过 PCLA route 生成、hero controller 写入和 ActEnd 终点同步。
Replay mode: 已为 hero 启用 PCLA external_control，agent=if_if。
Replay mode: ego vehicle 已切换为 hero: {'hero': 'ego_vehicle', 'av': 'simulation', 'cyclist': 'simulation'}
Replay mode: 已将 hero 的 0 个 Init TeleportAction 同步到 PCLA route 起点，start_offset=0.00m, route_mode=endpoints, route_spacing=2.00m, min_z=0.50。
Replay mode: 已移除 hero 的 0 个 FollowTrajectory ManeuverGroup，避免覆盖 ADS 控制。
Replay mode: 已移除其他 actor 的 0 个 external_control ControllerAction。
已将同步后的 OpenSCENARIO 写入运行时文件: /home/server/crash2openx_ads_stress_20260919/runs/run_expand_038_tight_ca3b8d47/outputs/scene/out/scenario.runtime.xosc
数据收集器已创建，场景名称: scenario
开始运行评估...
数据收集器已传递给ScenarioRunner
Loading custom OpenDRIVE map: /home/server/crash2openx_ads_stress_20260919/runs/run_expand_038_tight_ca3b8d47/inputs/map.xodr
Global traffic lights disabled: 0 lights forced to GREEN
Preparing scenario: scene_seed_block_scenario
Hero road waypoint: pos=(321.75, 70.02), yaw=-450.0°
Route endpoint selection: configured route file
Endpoint used for routing: (321.75, -70.02)
Configured route file: /home/server/crash2openx_ads_stress_20260919/runs/run_expand_038_tight_ca3b8d47/outputs/scene/out/hero_pcla_route.xml
Configured route endpoint: (321.75, -70.02)
PCLA route debug file: /home/server/crash2openx_ads_stress_20260919/runs/run_expand_038_tight_ca3b8d47/outputs/scene/out/hero_pcla_route_debug.jsonl
PCLA: setting up agent 'if_if'
pygame 2.5.2 (SDL 2.28.2, Python 3.8.18)
Hello from the pygame community. https://www.pygame.org/contribute.html
PCLA_INFERENCE_DEVICE=cpu
load model: /home/server/crash2openx_ads_stress_20260919/runtime/PCLA/pcla_agents/interfuser/../interfuser_pretrained/interfuser.pth.tar
PCLA_MODEL_PARAMETER_DEVICE=cpu
hero_pcla_route_09_19_13_33_28
PCLA: agent 'if_if' loaded
PCLA: route loaded for agent 'if_if'
PCLA: sensors ready for agent 'if_if'
PCLA_GNSS_CALIBRATION={"georeference": "+proj=tmerc +lat_0=0 +lon_0=0 +k=1 +x_0=0 +y_0=0 +datum=WGS84 +units=m +no_defs", "validation_bounds_xy": [291.75, 351.75, -100.0199966430664, 100.0199966430664], "native_gps_jacobian_per_m": [[0.0, 8.986747528767519e-06], [8.986747528675396e-06, 0.0]], "max_probe_error_m": 4.702704703869279e-08, "source": "Actual GNSS samples; fixed calibration from map coordinate transforms only", "noise_preserved": true, "vehicle_ground_truth_used": false}
PCLA Agent 'if_if' setup complete for ExternalControl.
Route: Start(321.75, 70.02) -> End(321.75, -70.02)
Spectator view set to overhead position: Location(x=321.750000, y=70.020004, z=50.025158)
Overhead observation camera setup complete
Data collector initialized: /home/server/crash2openx_ads_stress_20260919/runs/run_expand_038_tight_ca3b8d47/outputs/scene/out
数据收集器已初始化
ScenarioManager: Running scenario scene_seed_block_scenario
C2X_GENERATED_LANE_ROUTE actor_id=4991 points=186 source=compiled_CARLA_roadgraph
C2X_GENERATED_LANE_ROUTE actor_id=4992 points=186 source=compiled_CARLA_roadgraph
PCLA_GNSS_ADAPTER_SAMPLE={"frame": 32654935, "tag": "gps", "native_gps": [0.0006205324094345675, 0.0028931992559819847, 0.02133238208716648], "route_convention_gps": [-0.0006202841972537954, 0.002892041977508645, 0.02133238208716648]}
PCLA_NAV_AUDIT={"step": 0, "timestamp": 0.05000000074505806, "raw_gps": [-0.0006202841972537954, 0.002892041977508645], "compass_rad": 0.0003452669770922512, "planner_position": [-69.05289425675669, 321.9406407278335], "target_local": [-0.20826687044226072, -51.05199817571605], "command": 4, "remaining_route_points": 4, "next_route_points": [[-70.02319161289051, 321.75000043853936], [-18.00082721630535, 321.75000043853936], [36.00165442628263, 321.75000043853936]], "actual_transform": {"x": 321.75, "y": 69.52532958984375, "yaw": -89.99993896484375}, "sensor_frames": {"speed": 0, "imu": 32654935, "gps": 32654935, "lidar": 32654935, "rgb": 32654934, "rgb_left": 32654934, "rgb_right": 32654934}}
PCLA_GNSS_ADAPTER_SAMPLE={"frame": 32654955, "tag": "gps", "native_gps": [0.0005799612608049202, 0.0028914348822556054, -0.0020633943368011387], "route_convention_gps": [-0.0005797292770353124, 0.0028902783095294923, -0.0020633943368011387]}
PCLA_NAV_AUDIT={"step": 20, "timestamp": 1.0500000156462193, "raw_gps": [-0.0005797292770353124, 0.0028902783095294923], "compass_rad": 6.26233434677124, "planner_position": [-64.53813371660983, 321.7443101061982], "target_local": [0.9759663204968175, -46.52707188749815], "command": 4, "remaining_route_points": 4, "next_route_points": [[-70.02319161289051, 321.75000043853936], [-18.00082721630535, 321.75000043853936], [36.00165442628263, 321.75000043853936]], "actual_transform": {"x": 321.66864013671875, "y": 64.55780792236328, "yaw": -91.19454956054688}, "sensor_frames": {"speed": 32654954, "imu": 32654955, "gps": 32654955, "lidar": 32654955, "rgb": 32654954, "rgb_left": 32654954, "rgb_right": 32654954}}
PCLA_GNSS_ADAPTER_SAMPLE={"frame": 32654975, "tag": "gps", "native_gps": [0.000529551630024525, 0.002886241406169349, -0.003759105788844863], "route_convention_gps": [-0.0005293398100434388, 0.0028850869108270065, -0.003759105788844863]}
PCLA_NAV_AUDIT={"step": 40, "timestamp": 2.0500000305473804, "raw_gps": [-0.0005293398100434388, 0.0028850869108270065], "compass_rad": 6.241710186004639, "planner_position": [-58.92854612555196, 321.16640624534494], "target_local": [2.2800877989225636, -40.868324616086696], "command": 4, "remaining_route_points": 4, "next_route_points": [[-70.02319161289051, 321.75000043853936], [-18.00082721630535, 321.75000043853936], [36.00165442628263, 321.75000043853936]], "actual_transform": {"x": 321.47705078125, "y": 59.58455276489258, "yaw": -92.37642669677734}, "sensor_frames": {"speed": 32654974, "imu": 32654975, "gps": 32654975, "lidar": 32654975, "rgb": 32654974, "rgb_left": 32654974, "rgb_right": 32654974}}
PCLA_GNSS_ADAPTER_SAMPLE={"frame": 32654995, "tag": "gps", "native_gps": [0.0004911845239103101, 0.002885738135938985, -0.0037663771072402596], "route_convention_gps": [-0.000490988050728447, 0.002884583841904089, -0.0037663771072402596]}
PCLA_NAV_AUDIT={"step": 60, "timestamp": 3.0500000454485416, "raw_gps": [-0.000490988050728447, 0.002884583841904089], "compass_rad": 6.218634128570557, "planner_position": [-54.659051606324134, 321.1104048689355], "target_local": [3.0029520538312693, -36.540618178733865], "command": 4, "remaining_route_points": 4, "next_route_points": [[-70.02319161289051, 321.75000043853936], [-18.00082721630535, 321.75000043853936], [36.00165442628263, 321.75000043853936]], "actual_transform": {"x": 321.1741638183594, "y": 54.6114501953125, "yaw": -93.69849395751953}, "sensor_frames": {"speed": 32654994, "imu": 32654995, "gps": 32654995, "lidar": 32654995, "rgb": 32654994, "rgb_left": 32654994, "rgb_right": 32654994}}
PCLA_GNSS_ADAPTER_SAMPLE={"frame": 32655015, "tag": "gps", "native_gps": [0.00044234719077389185, 0.002881153423086452, -0.003777266235829302], "route_convention_gps": [-0.00044217025246950925, 0.002880000962930814, -0.003777266235829302]}
PCLA_NAV_AUDIT={"step": 80, "timestamp": 4.050000060349703, "raw_gps": [-0.00044217025246950925, 0.002880000962930814], "compass_rad": 6.200516223907471, "planner_position": [-49.22442941870966, 320.600241114568], "target_local": [3.7241202131022204, -31.0220278130784], "command": 4, "remaining_route_points": 4, "next_route_points": [[-70.02319161289051, 321.75000043853936], [-18.00082721630535, 321.75000043853936], [36.00165442628263, 321.75000043853936]], "actual_transform": {"x": 320.7736511230469, "y": 49.6445198059082, "yaw": -94.73661804199219}, "sensor_frames": {"speed": 32655014, "imu": 32655015, "gps": 32655015, "lidar": 32655015, "rgb": 32655014, "rgb_left": 32655014, "rgb_right": 32655014}}
PCLA_GNSS_ADAPTER_SAMPLE={"frame": 32655035, "tag": "gps", "native_gps": [0.00040134917277052777, 0.002871851146613919, -0.003824842164021902], "route_convention_gps": [-0.0004011886336030557, 0.002870702407356933, -0.003824842164021902]}
PCLA_NAV_AUDIT={"step": 100, "timestamp": 5.050000075250864, "raw_gps": [-0.0004011886336030557, 0.002870702407356933], "compass_rad": 6.185194969177246, "planner_position": [-44.66216681942883, 319.5651306415598], "target_local": [4.782763194934905, -26.319685820389463], "command": 4, "remaining_route_points": 4, "next_route_points": [[-70.02319161289051, 321.75000043853936], [-18.00082721630535, 321.75000043853936], [36.00165442628263, 321.75000043853936]], "actual_transform": {"x": 320.29833984375, "y": 44.67998504638672, "yaw": -95.61443328857422}, "sensor_frames": {"speed": 32655034, "imu": 32655035, "gps": 32655035, "lidar": 32655035, "rgb": 32655034, "rgb_left": 32655034, "rgb_right": 32655034}}
PCLA_GNSS_ADAPTER_SAMPLE={"frame": 32655055, "tag": "gps", "native_gps": [0.0003539912320796444, 0.0028736978280735487, -0.0037898933223914355], "route_convention_gps": [-0.00035384963602780317, 0.002872548350146349, -0.0037898933223914355]}
PCLA_NAV_AUDIT={"step": 120, "timestamp": 6.050000090152025, "raw_gps": [-0.00035384963602780317, 0.002872548350146349], "compass_rad": 6.177880764007568, "planner_position": [-39.392171536206625, 319.7706200531912], "target_local": [4.216860643037385, -21.064796339857544], "command": 4, "remaining_route_points": 4, "next_route_points": [[-70.02319161289051, 321.75000043853936], [-18.00082721630535, 321.75000043853936], [36.00165442628263, 321.75000043853936]], "actual_transform": {"x": 319.7664489746094, "y": 39.736328125, "yaw": -96.03351593017578}, "sensor_frames": {"speed": 32655054, "imu": 32655055, "gps": 32655055, "lidar": 32655055, "rgb": 32655054, "rgb_left": 32655054, "rgb_right": 32655054}}
PCLA_GNSS_ADAPTER_SAMPLE={"frame": 32655075, "tag": "gps", "native_gps": [0.00031365873934234405, 0.0028697121109625585, -0.003744349879866604], "route_convention_gps": [-0.00031353327624117355, 0.0028685642273170893, -0.003744349879866604]}
PCLA_NAV_AUDIT={"step": 140, "timestamp": 7.050000105053186, "raw_gps": [-0.00031353327624117355, 0.0028685642273170893], "compass_rad": 6.160061359405518, "planner_position": [-34.90396864229281, 319.32710952797567], "target_local": [4.480476389428113, -16.47761881326312], "command": 4, "remaining_route_points": 4, "next_route_points": [[-70.02319161289051, 321.75000043853936], [-18.00082721630535, 321.75000043853936], [36.00165442628263, 321.75000043853936]], "actual_transform": {"x": 319.1783447265625, "y": 34.79941940307617, "yaw": -97.05451202392578}, "sensor_frames": {"speed": 32655074, "imu": 32655075, "gps": 32655075, "lidar": 32655075, "rgb": 32655074, "rgb_left": 32655074, "rgb_right": 32655074}}
PCLA_GNSS_ADAPTER_SAMPLE={"frame": 32655095, "tag": "gps", "native_gps": [0.00026342446669991423, 0.0028568364292578838, -0.0035181771209522594], "route_convention_gps": [-0.0002633190972431976, 0.002855693695868575, -0.0035181771209522594]}
PCLA_NAV_AUDIT={"step": 160, "timestamp": 8.050000119954348, "raw_gps": [-0.0002633190972431976, 0.002855693695868575], "compass_rad": 6.14212703704834, "planner_position": [-29.313894918202188, 317.8943685189354], "target_local": [5.407851848600764, -10.65863671914733], "command": 4, "remaining_route_points": 4, "next_route_points": [[-70.02319161289051, 321.75000043853936], [-18.00082721630535, 321.75000043853936], [36.00165442628263, 321.75000043853936]], "actual_transform": {"x": 318.4978332519531, "y": 29.880746841430664, "yaw": -98.08208465576172}, "sensor_frames": {"speed": 32655094, "imu": 32655095, "gps": 32655095, "lidar": 32655095, "rgb": 32655094, "rgb_left": 32655094, "rgb_right": 32655094}}
PCLA_GNSS_ADAPTER_SAMPLE={"frame": 32655115, "tag": "gps", "native_gps": [0.0002613399034942066, 0.0028534098061069255, -0.0051305617193975195], "route_convention_gps": [-0.0002612353678728141, 0.0028522684433624802, -0.0051305617193975195]}
PCLA_NAV_AUDIT={"step": 180, "timestamp": 9.050000134855509, "raw_gps": [-0.0002612353678728141, 0.0028522684433624802], "compass_rad": 6.141798973083496, "planner_position": [-29.081924565725327, 317.51307115359884], "target_local": [5.7561526202825055, -10.373475562458506], "command": 4, "remaining_route_points": 4, "next_route_points": [[-70.02319161289051, 321.75000043853936], [-18.00082721630535, 321.75000043853936], [36.00165442628263, 321.75000043853936]], "actual_transform": {"x": 318.41278076171875, "y": 29.280229568481445, "yaw": -98.100830078125}, "sensor_frames": {"speed": 32655114, "imu": 32655115, "gps": 32655115, "lidar": 32655115, "rgb": 32655114, "rgb_left": 32655114, "rgb_right": 32655114}}
PCLA_GNSS_ADAPTER_SAMPLE={"frame": 32655135, "tag": "gps", "native_gps": [0.00026412047357132306, 0.0028585336687241085, -0.002966410391309182], "route_convention_gps": [-0.0002640148257171404, 0.002857390256441191, -0.002966410391309182]}
PCLA_NAV_AUDIT={"step": 200, "timestamp": 10.05000014975667, "raw_gps": [-0.0002640148257171404, 0.002857390256441191], "compass_rad": 6.141472816467285, "planner_position": [-29.391346616883673, 318.0832287782364], "target_local": [5.238795918908104, -10.758446167722546], "command": 4, "remaining_route_points": 4, "next_route_points": [[-70.02319161289051, 321.75000043853936], [-18.00082721630535, 321.75000043853936], [36.00165442628263, 321.75000043853936]], "actual_transform": {"x": 318.36419677734375, "y": 28.940649032592773, "yaw": -98.11953735351562}, "sensor_frames": {"speed": 32655134, "imu": 32655135, "gps": 32655135, "lidar": 32655135, "rgb": 32655134, "rgb_left": 32655134, "rgb_right": 32655134}}
PCLA_GNSS_ADAPTER_SAMPLE={"frame": 32655155, "tag": "gps", "native_gps": [0.0002654981616159856, 0.0028649984514461714, -0.0038424759362669647], "route_convention_gps": [-0.0002653919626993684, 0.00286385245325846, -0.0038424759362669647]}
PCLA_NAV_AUDIT={"step": 220, "timestamp": 11.050000164657831, "raw_gps": [-0.0002653919626993684, 0.00286385245325846], "compass_rad": 6.141471862792969, "planner_position": [-29.54465584970288, 318.80259723832114], "target_local": [4.548302401768701, -11.011816852997981], "command": 4, "remaining_route_points": 4, "next_route_points": [[-70.02319161289051, 321.75000043853936], [-18.00082721630535, 321.75000043853936], [36.00165442628263, 321.75000043853936]], "actual_transform": {"x": 318.3640441894531, "y": 28.939716339111328, "yaw": -98.11957550048828}, "sensor_frames": {"speed": 32655154, "imu": 32655155, "gps": 32655155, "lidar": 32655155, "rgb": 32655154, "rgb_left": 32655154, "rgb_right": 32655154}}
PCLA_GNSS_ADAPTER_SAMPLE={"frame": 32655175, "tag": "gps", "native_gps": [0.00026464213768875904, 0.0028587550463501426, -0.0038095035692293777], "route_convention_gps": [-0.0002645362811790619, 0.0028576115455164587, -0.0038095035692293777]}
PCLA_NAV_AUDIT={"step": 240, "timestamp": 12.050000179558992, "raw_gps": [-0.0002645362811790619, 0.0028576115455164587], "compass_rad": 6.141471862792969, "planner_position": [-29.449397441056036, 318.10786256544685], "target_local": [5.222618409091655, -10.819389327992578], "command": 4, "remaining_route_points": 4, "next_route_points": [[-70.02319161289051, 321.75000043853936], [-18.00082721630535, 321.75000043853936], [36.00165442628263, 321.75000043853936]], "actual_transform": {"x": 318.3640441894531, "y": 28.93975067138672, "yaw": -98.11957550048828}, "sensor_frames": {"speed": 32655174, "imu": 32655175, "gps": 32655175, "lidar": 32655175, "rgb": 32655174, "rgb_left": 32655174, "rgb_right": 32655174}}
PCLA_GNSS_ADAPTER_SAMPLE={"frame": 32655195, "tag": "gps", "native_gps": [0.0002622775806123971, 0.0028666494253459856, -0.0038106822132135676], "route_convention_gps": [-0.0002621726699203464, 0.002865502766770833, -0.0038106822132135676]}
PCLA_NAV_AUDIT={"step": 260, "timestamp": 13.050000194460154, "raw_gps": [-0.0002621726699203464, 0.002865502766770833], "compass_rad": 6.141471862792969, "planner_position": [-29.186269347458346, 318.9863092984182], "target_local": [4.3158136113351935, -10.68297043240178], "command": 4, "remaining_route_points": 4, "next_route_points": [[-70.02319161289051, 321.75000043853936], [-18.00082721630535, 321.75000043853936], [36.00165442628263, 321.75000043853936]], "actual_transform": {"x": 318.3640441894531, "y": 28.93975067138672, "yaw": -98.11957550048828}, "sensor_frames": {"speed": 32655194, "imu": 32655195, "gps": 32655195, "lidar": 32655195, "rgb": 32655194, "rgb_left": 32655194, "rgb_right": 32655194}}
PCLA_GNSS_ADAPTER_SAMPLE={"frame": 32655215, "tag": "gps", "native_gps": [0.00025597873817631605, 0.002859449982384194, -0.003819174973614281], "route_convention_gps": [-0.00025587634701196293, 0.002858306203576988, -0.003819174973614281]}
PCLA_NAV_AUDIT={"step": 280, "timestamp": 14.050000209361315, "raw_gps": [-0.00025587634701196293, 0.002858306203576988], "compass_rad": 6.141471862792969, "planner_position": [-28.485333676480575, 318.18519154712584], "target_local": [5.009900646277301, -9.875911788801437], "command": 4, "remaining_route_points": 4, "next_route_points": [[-70.02319161289051, 321.75000043853936], [-18.00082721630535, 321.75000043853936], [36.00165442628263, 321.75000043853936]], "actual_transform": {"x": 318.3640441894531, "y": 28.93975067138672, "yaw": -98.11957550048828}, "sensor_frames": {"speed": 32655214, "imu": 32655215, "gps": 32655215, "lidar": 32655215, "rgb": 32655214, "rgb_left": 32655214, "rgb_right": 32655214}}
PCLA_GNSS_ADAPTER_SAMPLE={"frame": 32655235, "tag": "gps", "native_gps": [0.00025473689501112655, 0.0028627717305656003, -0.0038083164787394708], "route_convention_gps": [-0.00025463500057298916, 0.002861626623063384, -0.0038083164787394708]}
PCLA_NAV_AUDIT={"step": 300, "timestamp": 15.050000224262476, "raw_gps": [-0.00025463500057298916, 0.002861626623063384], "compass_rad": 6.141471862792969, "planner_position": [-28.347141272472925, 318.5548189540753], "target_local": [4.624460351850382, -9.791310725417539], "command": 4, "remaining_route_points": 4, "next_route_points": [[-70.02319161289051, 321.75000043853936], [-18.00082721630535, 321.75000043853936], [36.00165442628263, 321.75000043853936]], "actual_transform": {"x": 318.3640441894531, "y": 28.93975067138672, "yaw": -98.11957550048828}, "sensor_frames": {"speed": 32655234, "imu": 32655235, "gps": 32655235, "lidar": 32655235, "rgb": 32655234, "rgb_left": 32655234, "rgb_right": 32655234}}
PCLA_GNSS_ADAPTER_SAMPLE={"frame": 32655255, "tag": "gps", "native_gps": [0.0002650217434968797, 0.002858244031745289, -0.003806219697025881], "route_convention_gps": [-0.00026491573514419997, 0.002857100735316791, -0.003806219697025881]}
PCLA_NAV_AUDIT={"step": 320, "timestamp": 16.050000239163637, "raw_gps": [-0.00026491573514419997, 0.002857100735316791], "compass_rad": 6.141471862792969, "planner_position": [-29.49164000445841, 318.05099943405037], "target_local": [5.284877835101658, -10.853177103117947], "command": 4, "remaining_route_points": 4, "next_route_points": [[-70.02319161289051, 321.75000043853936], [-18.00082721630535, 321.75000043853936], [36.00165442628263, 321.75000043853936]], "actual_transform": {"x": 318.3640441894531, "y": 28.93975067138672, "yaw": -98.11957550048828}, "sensor_frames": {"speed": 32655254, "imu": 32655255, "gps": 32655255, "lidar": 32655255, "rgb": 32655254, "rgb_left": 32655254, "rgb_right": 32655254}}
PCLA_GNSS_ADAPTER_SAMPLE={"frame": 32655275, "tag": "gps", "native_gps": [0.00026281840504296976, 0.002856796962010139, -0.0038109181447225637], "route_convention_gps": [-0.00026271327801907773, 0.0028556542444076786, -0.0038109181447225637]}
PCLA_NAV_AUDIT={"step": 340, "timestamp": 17.0500002540648, "raw_gps": [-0.00026271327801907773, 0.0028556542444076786], "compass_rad": 6.141471862792969, "planner_position": [-29.24645233138945, 317.8899768023914], "target_local": [5.409656080097253, -10.587704557442938], "command": 4, "remaining_route_points": 4, "next_route_points": [[-70.02319161289051, 321.75000043853936], [-18.00082721630535, 321.75000043853936], [36.00165442628263, 321.75000043853936]], "actual_transform": {"x": 318.3640441894531, "y": 28.93975067138672, "yaw": -98.11957550048828}, "sensor_frames": {"speed": 32655274, "imu": 32655275, "gps": 32655275, "lidar": 32655275, "rgb": 32655274, "rgb_left": 32655274, "rgb_right": 32655274}}
PCLA_GNSS_ADAPTER_SAMPLE={"frame": 32655295, "tag": "gps", "native_gps": [0.0002575159999999303, 0.002858677183144482, -0.0038199930868358933], "route_convention_gps": [-0.00025741299393189365, 0.0028575337134559803, -0.0038199930868358933]}
PCLA_NAV_AUDIT={"step": 360, "timestamp": 18.05000026896596, "raw_gps": [-0.00025741299393189365, 0.0028575337134559803], "compass_rad": 6.141471862792969, "planner_position": [-28.656400290367774, 318.0991983400952], "target_local": [5.119193187774336, -10.03311789051306], "command": 4, "remaining_route_points": 4, "next_route_points": [[-70.02319161289051, 321.75000043853936], [-18.00082721630535, 321.75000043853936], [36.00165442628263, 321.75000043853936]], "actual_transform": {"x": 318.3640441894531, "y": 28.93975067138672, "yaw": -98.11957550048828}, "sensor_frames": {"speed": 32655294, "imu": 32655295, "gps": 32655295, "lidar": 32655295, "rgb": 32655294, "rgb_left": 32655294, "rgb_right": 32655294}}
PCLA_GNSS_ADAPTER_SAMPLE={"frame": 32655315, "tag": "gps", "native_gps": [0.0002580802200448377, 0.0028536275180388654, -0.003803001780397608], "route_convention_gps": [-0.0002579769882800065, 0.002852486068209926, -0.003803001780397608]}
PCLA_NAV_AUDIT={"step": 380, "timestamp": 19.05000028386712, "raw_gps": [-0.0002579769882800065, 0.002852486068209926], "compass_rad": 6.141471862792969, "planner_position": [-28.719186739311773, 317.5372970408335], "target_local": [5.684329607891188, -10.015912224571291], "command": 4, "remaining_route_points": 4, "next_route_points": [[-70.02319161289051, 321.75000043853936], [-18.00082721630535, 321.75000043853936], [36.00165442628263, 321.75000043853936]], "actual_transform": {"x": 318.3640441894531, "y": 28.93975067138672, "yaw": -98.11957550048828}, "sensor_frames": {"speed": 32655314, "imu": 32655315, "gps": 32655315, "lidar": 32655315, "rgb": 32655314, "rgb_left": 32655314, "rgb_right": 32655314}}
PCLA_GNSS_ADAPTER_SAMPLE={"frame": 32655335, "tag": "gps", "native_gps": [0.0002661234448972098, 0.0028729852837616815, -0.0038123958145206416], "route_convention_gps": [-0.0002660169958659253, 0.0028718360908512926, -0.0038123958145206416]}
PCLA_NAV_AUDIT={"step": 400, "timestamp": 20.050000298768282, "raw_gps": [-0.0002660169958659253, 0.0028718360908512926], "compass_rad": 6.141471862792969, "planner_position": [-29.614237421099197, 319.69133171104465], "target_local": [3.6783047706339596, -11.206225391660922], "command": 4, "remaining_route_points": 4, "next_route_points": [[-70.02319161289051, 321.75000043853936], [-18.00082721630535, 321.75000043853936], [36.00165442628263, 321.75000043853936]], "actual_transform": {"x": 318.3640441894531, "y": 28.93975067138672, "yaw": -98.11957550048828}, "sensor_frames": {"speed": 32655334, "imu": 32655335, "gps": 32655335, "lidar": 32655335, "rgb": 32655334, "rgb_left": 32655334, "rgb_right": 32655334}}
PCLA_GNSS_ADAPTER_SAMPLE={"frame": 32655355, "tag": "gps", "native_gps": [0.0002627016870867808, 0.0028638114021535327, -0.0038072999382166017], "route_convention_gps": [-0.0002625966067455465, 0.0028626658787840155, -0.0038072999382166017]}
PCLA_NAV_AUDIT={"step": 420, "timestamp": 21.050000313669443, "raw_gps": [-0.0002625966067455465, 0.0028626658787840155], "compass_rad": 6.141471862792969, "planner_position": [-29.233463947758814, 318.6705083718577], "target_local": [4.635114519576796, -10.685088334682181], "command": 4, "remaining_route_points": 4, "next_route_points": [[-70.02319161289051, 321.75000043853936], [-18.00082721630535, 321.75000043853936], [36.00165442628263, 321.75000043853936]], "actual_transform": {"x": 318.3640441894531, "y": 28.93975067138672, "yaw": -98.11957550048828}, "sensor_frames": {"speed": 32655354, "imu": 32655355, "gps": 32655355, "lidar": 32655355, "rgb": 32655354, "rgb_left": 32655354, "rgb_right": 32655354}}
PCLA_GNSS_ADAPTER_SAMPLE={"frame": 32655375, "tag": "gps", "native_gps": [0.00025026966712929404, 0.0028667859373174903, -0.0038211222845347947], "route_convention_gps": [-0.0002501695595782394, 0.0028656392241377246, -0.0038211222845347947]}
PCLA_NAV_AUDIT={"step": 440, "timestamp": 22.050000328570604, "raw_gps": [-0.0002501695595782394, 0.0028656392241377246], "compass_rad": 6.141471862792969, "planner_position": [-27.850027810312486, 319.00149966303627], "target_local": [4.112045317859258, -9.36226960505856], "command": 4, "remaining_route_points": 4, "next_route_points": [[-70.02319161289051, 321.75000043853936], [-18.00082721630535, 321.75000043853936], [36.00165442628263, 321.75000043853936]], "actual_transform": {"x": 318.3640441894531, "y": 28.93975067138672, "yaw": -98.11957550048828}, "sensor_frames": {"speed": 32655374, "imu": 32655375, "gps": 32655375, "lidar": 32655375, "rgb": 32655374, "rgb_left": 32655374, "rgb_right": 32655374}}
PCLA_GNSS_ADAPTER_SAMPLE={"frame": 32655395, "tag": "gps", "native_gps": [0.0002589394235549551, 0.0028522322726760646, -0.0038132287659209396], "route_convention_gps": [-0.0002588358481148134, 0.0028510913809434804, -0.0038132287659209396]}
PCLA_NAV_AUDIT={"step": 460, "timestamp": 23.050000343471766, "raw_gps": [-0.0002588358481148134, 0.0028510913809434804], "compass_rad": 6.141471862792969, "planner_position": [-28.814798972570124, 317.3820411643053], "target_local": [5.8515333456245395, -10.088637711391153], "command": 4, "remaining_route_points": 4, "next_route_points": [[-70.02319161289051, 321.75000043853936], [-18.00082721630535, 321.75000043853936], [36.00165442628263, 321.75000043853936]], "actual_transform": {"x": 318.3640441894531, "y": 28.93975067138672, "yaw": -98.11957550048828}, "sensor_frames": {"speed": 32655394, "imu": 32655395, "gps": 32655395, "lidar": 32655395, "rgb": 32655394, "rgb_left": 32655394, "rgb_right": 32655394}}
PCLA_GNSS_ADAPTER_SAMPLE={"frame": 32655415, "tag": "gps", "native_gps": [0.000257542728912347, 0.002860852211728388, -0.0038067844741362933], "route_convention_gps": [-0.00025743971215774764, 0.0028597078720312436, -0.0038067844741362933]}
PCLA_NAV_AUDIT={"step": 480, "timestamp": 24.050000358372927, "raw_gps": [-0.00025743971215774764, 0.0028597078720312436], "compass_rad": 6.141471862792969, "planner_position": [-28.659374686350763, 318.34122456592723], "target_local": [4.880013270012862, -10.070246154161893], "command": 4, "remaining_route_points": 4, "next_route_points": [[-70.02319161289051, 321.75000043853936], [-18.00082721630535, 321.75000043853936], [36.00165442628263, 321.75000043853936]], "actual_transform": {"x": 318.3640441894531, "y": 28.93975067138672, "yaw": -98.11957550048828}, "sensor_frames": {"speed": 32655414, "imu": 32655415, "gps": 32655415, "lidar": 32655415, "rgb": 32655414, "rgb_left": 32655414, "rgb_right": 32655414}}
PCLA_GNSS_ADAPTER_SAMPLE={"frame": 32655435, "tag": "gps", "native_gps": [0.00025768131225803497, 0.002866880029091862, -0.0038120697749945975], "route_convention_gps": [-0.00025757824006689134, 0.0028657332782755073, -0.0038120697749945975]}
PCLA_NAV_AUDIT={"step": 500, "timestamp": 25.050000373274088, "raw_gps": [-0.00025757824006689134, 0.0028657332782755073], "compass_rad": 6.141471862792969, "planner_position": [-28.674796251343167, 319.0119697217755], "target_local": [4.21817017245843, -10.180248894947054], "command": 4, "remaining_route_points": 4, "next_route_points": [[-70.02319161289051, 321.75000043853936], [-18.00082721630535, 321.75000043853936], [36.00165442628263, 321.75000043853936]], "actual_transform": {"x": 318.3640441894531, "y": 28.93975067138672, "yaw": -98.11957550048828}, "sensor_frames": {"speed": 32655434, "imu": 32655435, "gps": 32655435, "lidar": 32655435, "rgb": 32655434, "rgb_left": 32655434, "rgb_right": 32655434}}
PCLA_GNSS_ADAPTER_SAMPLE={"frame": 32655455, "tag": "gps", "native_gps": [0.00026418357773608274, 0.0028644632108583206, -0.003814315496128984], "route_convention_gps": [-0.00026407790464588743, 0.0028633174267661573, -0.003814315496128984]}
PCLA_NAV_AUDIT={"step": 520, "timestamp": 26.05000038817525, "raw_gps": [-0.00026407790464588743, 0.0028633174267661573], "compass_rad": 6.141471862792969, "planner_position": [-29.398368853812944, 318.74303836155593], "target_local": [4.586602712024176, -10.858584248104734], "command": 4, "remaining_route_points": 4, "next_route_points": [[-70.02319161289051, 321.75000043853936], [-18.00082721630535, 321.75000043853936], [36.00165442628263, 321.75000043853936]], "actual_transform": {"x": 318.3640441894531, "y": 28.93975067138672, "yaw": -98.11957550048828}, "sensor_frames": {"speed": 32655454, "imu": 32655455, "gps": 32655455, "lidar": 32655455, "rgb": 32655454, "rgb_left": 32655454, "rgb_right": 32655454}}
PCLA_GNSS_ADAPTER_SAMPLE={"frame": 32655475, "tag": "gps", "native_gps": [0.0002607458233917785, 0.002865870920163888, -0.003803120231623325], "route_convention_gps": [-0.0002606415254007288, 0.002864724572989809, -0.003803120231623325]}
PCLA_NAV_AUDIT={"step": 540, "timestamp": 27.05000040307641, "raw_gps": [-0.0002606415254007288, 0.002864724572989809], "compass_rad": 6.141471862792969, "planner_position": [-29.01581528612152, 318.89968116285803], "target_local": [4.377498476676799, -10.50198977519048], "command": 4, "remaining_route_points": 4, "next_route_points": [[-70.02319161289051, 321.75000043853936], [-18.00082721630535, 321.75000043853936], [36.00165442628263, 321.75000043853936]], "actual_transform": {"x": 318.3640441894531, "y": 28.93975067138672, "yaw": -98.11957550048828}, "sensor_frames": {"speed": 32655474, "imu": 32655475, "gps": 32655475, "lidar": 32655475, "rgb": 32655474, "rgb_left": 32655474, "rgb_right": 32655474}}
PCLA_GNSS_ADAPTER_SAMPLE={"frame": 32655495, "tag": "gps", "native_gps": [0.0002650908127982691, 0.0028723349231998324, -0.003814019191850093], "route_convention_gps": [-0.0002649847768196878, 0.0028711859904328335, -0.003814019191850093]}
PCLA_NAV_AUDIT={"step": 560, "timestamp": 28.05000041797757, "raw_gps": [-0.0002649847768196878, 0.0028711859904328335], "compass_rad": 6.141471862792969, "planner_position": [-29.49932604182302, 319.6189628633987], "target_local": [3.7337181166873514, -11.082244601713743], "command": 4, "remaining_route_points": 4, "next_route_points": [[-70.02319161289051, 321.75000043853936], [-18.00082721630535, 321.75000043853936], [36.00165442628263, 321.75000043853936]], "actual_transform": {"x": 318.3640441894531, "y": 28.93975067138672, "yaw": -98.11957550048828}, "sensor_frames": {"speed": 32655494, "imu": 32655495, "gps": 32655495, "lidar": 32655495, "rgb": 32655494, "rgb_left": 32655494, "rgb_right": 32655494}}
PCLA_GNSS_ADAPTER_SAMPLE={"frame": 32655515, "tag": "gps", "native_gps": [0.0002634081696108185, 0.0028698165523795066, -0.0038062540754708607], "route_convention_gps": [-0.00026330280667252737, 0.0028686686269576043, -0.0038062540754708607]}
PCLA_NAV_AUDIT={"step": 580, "timestamp": 29.050000432878733, "raw_gps": [-0.00026330280667252737, 0.0028686686269576043], "compass_rad": 6.141471862792969, "planner_position": [-29.31208137683058, 319.3387312428126], "target_local": [3.984694179997808, -10.857297182547393], "command": 4, "remaining_route_points": 4, "next_route_points": [[-70.02319161289051, 321.75000043853936], [-18.00082721630535, 321.75000043853936], [36.00165442628263, 321.75000043853936]], "actual_transform": {"x": 318.3640441894531, "y": 28.93975067138672, "yaw": -98.11957550048828}, "sensor_frames": {"speed": 32655514, "imu": 32655515, "gps": 32655515, "lidar": 32655515, "rgb": 32655514, "rgb_left": 32655514, "rgb_right": 32655514}}
PCLA_GNSS_ADAPTER_SAMPLE={"frame": 32655535, "tag": "gps", "native_gps": [0.0002595187321738083, 0.0028624455317642966, -0.0038078126333402906], "route_convention_gps": [-0.0002594149250114697, 0.002861300554741182, -0.0038078126333402906]}
PCLA_NAV_AUDIT={"step": 600, "timestamp": 30.050000447779894, "raw_gps": [-0.0002594149250114697, 0.002861300554741182], "compass_rad": 6.141471862792969, "planner_position": [-28.879264480297664, 318.51852119443447], "target_local": [4.735551105721744, -10.312972953362907], "command": 4, "remaining_route_points": 4, "next_route_points": [[-70.02319161289051, 321.75000043853936], [-18.00082721630535, 321.75000043853936], [36.00165442628263, 321.75000043853936]], "actual_transform": {"x": 318.3640441894531, "y": 28.93975067138672, "yaw": -98.11957550048828}, "sensor_frames": {"speed": 32655534, "imu": 32655535, "gps": 32655535, "lidar": 32655535, "rgb": 32655534, "rgb_left": 32655534, "rgb_right": 32655534}}
PCLA_GNSS_ADAPTER_SAMPLE={"frame": 32655555, "tag": "gps", "native_gps": [0.0002586743119884775, 0.002865359184329736, -0.003806291694218089], "route_convention_gps": [-0.0002585708426039446, 0.0028642130418493343, -0.003806291694218089]}
PCLA_NAV_AUDIT={"step": 620, "timestamp": 31.050000462681055, "raw_gps": [-0.0002585708426039446, 0.0028642130418493343], "compass_rad": 6.141471862792969, "planner_position": [-28.785297338318436, 318.84273777669785], "target_local": [4.401312770430557, -10.265740007148809], "command": 4, "remaining_route_points": 4, "next_route_points": [[-70.02319161289051, 321.75000043853936], [-18.00082721630535, 321.75000043853936], [36.00165442628263, 321.75000043853936]], "actual_transform": {"x": 318.3640441894531, "y": 28.93975067138672, "yaw": -98.11957550048828}, "sensor_frames": {"speed": 32655554, "imu": 32655555, "gps": 32655555, "lidar": 32655555, "rgb": 32655554, "rgb_left": 32655554, "rgb_right": 32655554}}
PCLA_GNSS_ADAPTER_SAMPLE={"frame": 32655575, "tag": "gps", "native_gps": [0.0002515184160877541, 0.002855679664594663, -0.0038089495073450053], "route_convention_gps": [-0.00025141780903936706, 0.002854537393909735, -0.0038089495073450053]}
PCLA_NAV_AUDIT={"step": 640, "timestamp": 32.050000477582216, "raw_gps": [-0.00025141780903936706, 0.002854537393909735], "compass_rad": 6.141471862792969, "planner_position": [-27.988988690545963, 317.76564957349865], "target_local": [5.35513333581356, -9.325286505352711], "command": 4, "remaining_route_points": 4, "next_route_points": [[-70.02319161289051, 321.75000043853936], [-18.00082721630535, 321.75000043853936], [36.00165442628263, 321.75000043853936]], "actual_transform": {"x": 318.3640441894531, "y": 28.93975067138672, "yaw": -98.11957550048828}, "sensor_frames": {"speed": 32655574, "imu": 32655575, "gps": 32655575, "lidar": 32655575, "rgb": 32655574, "rgb_left": 32655574, "rgb_right": 32655574}}
PCLA_GNSS_ADAPTER_SAMPLE={"frame": 32655595, "tag": "gps", "native_gps": [0.00025635142091076684, 0.0028598092773566347, -0.003804829486853123], "route_convention_gps": [-0.00025624888067454776, 0.0028586653548319007, -0.003804829486853123]}
PCLA_NAV_AUDIT={"step": 660, "timestamp": 33.05000049248338, "raw_gps": [-0.00025624888067454776, 0.0028586653548319007], "compass_rad": 6.141471862792969, "planner_position": [-28.52680583992347, 318.22517208199497], "target_local": [4.976178409863799, -9.922615046507165], "command": 4, "remaining_route_points": 4, "next_route_points": [[-70.02319161289051, 321.75000043853936], [-18.00082721630535, 321.75000043853936], [36.00165442628263, 321.75000043853936]], "actual_transform": {"x": 318.3640441894531, "y": 28.93975067138672, "yaw": -98.11957550048828}, "sensor_frames": {"speed": 32655594, "imu": 32655595, "gps": 32655595, "lidar": 32655595, "rgb": 32655594, "rgb_left": 32655594, "rgb_right": 32655594}}
PCLA_GNSS_ADAPTER_SAMPLE={"frame": 32655615, "tag": "gps", "native_gps": [0.00025726488805802344, 0.002863412591682663, -0.0038047891694077407], "route_convention_gps": [-0.0002571619824323079, 0.0028622672278368223, -0.0038047891694077407]}
PCLA_NAV_AUDIT={"step": 680, "timestamp": 34.05000050738454, "raw_gps": [-0.0002571619824323079, 0.0028622672278368223], "compass_rad": 6.141471862792969, "planner_position": [-28.628456533917326, 318.62613075135135], "target_local": [4.5935962756331685, -10.079877975034556], "command": 4, "remaining_route_points": 4, "next_route_points": [[-70.02319161289051, 321.75000043853936], [-18.00082721630535, 321.75000043853936], [36.00165442628263, 321.75000043853936]], "actual_transform": {"x": 318.3640441894531, "y": 28.93975067138672, "yaw": -98.11957550048828}, "sensor_frames": {"speed": 32655614, "imu": 32655615, "gps": 32655615, "lidar": 32655615, "rgb": 32655614, "rgb_left": 32655614, "rgb_right": 32655614}}
PCLA_GNSS_ADAPTER_SAMPLE={"frame": 32655635, "tag": "gps", "native_gps": [0.00025066201586768127, 0.002861287207369673, -0.0038148251251186593], "route_convention_gps": [-0.000250561751386158, 0.0028601426936748302, -0.0038148251251186593]}
PCLA_NAV_AUDIT={"step": 700, "timestamp": 35.0500005222857, "raw_gps": [-0.000250561751386158, 0.0028601426936748302], "compass_rad": 6.141471862792969, "planner_position": [-27.893688409051695, 318.38962868994315], "target_local": [4.723949160760479, -9.31907212088524], "command": 4, "remaining_route_points": 4, "next_route_points": [[-70.02319161289051, 321.75000043853936], [-18.00082721630535, 321.75000043853936], [36.00165442628263, 321.75000043853936]], "actual_transform": {"x": 318.3640441894531, "y": 28.93975067138672, "yaw": -98.11957550048828}, "sensor_frames": {"speed": 32655634, "imu": 32655635, "gps": 32655635, "lidar": 32655635, "rgb": 32655634, "rgb_left": 32655634, "rgb_right": 32655634}}
PCLA_GNSS_ADAPTER_SAMPLE={"frame": 32655655, "tag": "gps", "native_gps": [0.00026823606466522303, 0.002863624644237734, -0.0038102503801837884], "route_convention_gps": [-0.0002681287705854629, 0.0028624791955711433, -0.0038102503801837884]}
PCLA_NAV_AUDIT={"step": 720, "timestamp": 36.05000053718686, "raw_gps": [-0.0002681287705854629, 0.0028624791955711433], "compass_rad": 6.141471862792969, "planner_position": [-29.849329911038378, 318.6497268916328], "target_local": [4.742672330216997, -11.291845347016517], "command": 4, "remaining_route_points": 4, "next_route_points": [[-70.02319161289051, 321.75000043853936], [-18.00082721630535, 321.75000043853936], [36.00165442628263, 321.75000043853936]], "actual_transform": {"x": 318.3640441894531, "y": 28.93975067138672, "yaw": -98.11957550048828}, "sensor_frames": {"speed": 32655654, "imu": 32655655, "gps": 32655655, "lidar": 32655655, "rgb": 32655654, "rgb_left": 32655654, "rgb_right": 32655654}}
PCLA_GNSS_ADAPTER_SAMPLE={"frame": 32655675, "tag": "gps", "native_gps": [0.00027044531278833144, 0.002859062300035748, -0.0038071909566497197], "route_convention_gps": [-0.00027033713500657086, 0.0028579186763009836, -0.0038071909566497197]}
PCLA_NAV_AUDIT={"step": 740, "timestamp": 37.05000055208802, "raw_gps": [-0.00027033713500657086, 0.0028579186763009836], "compass_rad": 6.141471862792969, "planner_position": [-30.095175211509183, 318.1420522080337], "target_local": [5.279980889405, -11.463522393689376], "command": 4, "remaining_route_points": 4, "next_route_points": [[-70.02319161289051, 321.75000043853936], [-18.00082721630535, 321.75000043853936], [36.00165442628263, 321.75000043853936]], "actual_transform": {"x": 318.3640441894531, "y": 28.93975067138672, "yaw": -98.11957550048828}, "sensor_frames": {"speed": 32655674, "imu": 32655675, "gps": 32655675, "lidar": 32655675, "rgb": 32655674, "rgb_left": 32655674, "rgb_right": 32655674}}
PCLA_GNSS_ADAPTER_SAMPLE={"frame": 32655695, "tag": "gps", "native_gps": [0.00025515774549447794, 0.0028605259498024676, -0.0038071872261298267], "route_convention_gps": [-0.00025505568272876644, 0.002859381740609675, -0.0038071872261298267]}
PCLA_NAV_AUDIT={"step": 760, "timestamp": 38.05000056698918, "raw_gps": [-0.00025505568272876644, 0.002859381740609675], "compass_rad": 6.141471862792969, "planner_position": [-28.393973547980192, 318.30491978209704], "target_local": [4.878468966775038, -9.802377871782546], "command": 4, "remaining_route_points": 4, "next_route_points": [[-70.02319161289051, 321.75000043853936], [-18.00082721630535, 321.75000043853936], [36.00165442628263, 321.75000043853936]], "actual_transform": {"x": 318.3640441894531, "y": 28.93975067138672, "yaw": -98.11957550048828}, "sensor_frames": {"speed": 32655694, "imu": 32655695, "gps": 32655695, "lidar": 32655695, "rgb": 32655694, "rgb_left": 32655694, "rgb_right": 32655694}}
PCLA_GNSS_ADAPTER_SAMPLE={"frame": 32655715, "tag": "gps", "native_gps": [0.0002489666122421911, 0.0028606204587506906, -0.0038118692953048594], "route_convention_gps": [-0.0002488670259168657, 0.00285947621175444, -0.0038118692953048594]}
PCLA_NAV_AUDIT={"step": 780, "timestamp": 39.050000581890345, "raw_gps": [-0.0002488670259168657, 0.00285947621175444], "compass_rad": 6.141471862792969, "planner_position": [-27.705023762840515, 318.3154362618413], "target_local": [4.770750925573995, -9.121819846049231], "command": 4, "remaining_route_points": 4, "next_route_points": [[-70.02319161289051, 321.75000043853936], [-18.00082721630535, 321.75000043853936], [36.00165442628263, 321.75000043853936]], "actual_transform": {"x": 318.3640441894531, "y": 28.93975067138672, "yaw": -98.11957550048828}, "sensor_frames": {"speed": 32655714, "imu": 32655715, "gps": 32655715, "lidar": 32655715, "rgb": 32655714, "rgb_left": 32655714, "rgb_right": 32655714}}
PCLA_GNSS_ADAPTER_SAMPLE={"frame": 32655735, "tag": "gps", "native_gps": [0.0002590805766779229, 0.002859286035618697, -0.003803685782258981], "route_convention_gps": [-0.00025897694477805544, 0.0028581423223899872, -0.003803685782258981]}
PCLA_NAV_AUDIT={"step": 800, "timestamp": 40.050000596791506, "raw_gps": [-0.00025897694477805544, 0.0028581423223899872], "compass_rad": 6.141471862792969, "planner_position": [-28.830506503102043, 318.1669483768134], "target_local": [5.076713005066324, -10.215047753001564], "command": 4, "remaining_route_points": 4, "next_route_points": [[-70.02319161289051, 321.75000043853936], [-18.00082721630535, 321.75000043853936], [36.00165442628263, 321.75000043853936]], "actual_transform": {"x": 318.3640441894531, "y": 28.93975067138672, "yaw": -98.11957550048828}, "sensor_frames": {"speed": 32655734, "imu": 32655735, "gps": 32655735, "lidar": 32655735, "rgb": 32655734, "rgb_left": 32655734, "rgb_right": 32655734}}
PCLA_GNSS_ADAPTER_SAMPLE={"frame": 32655755, "tag": "gps", "native_gps": [0.0002621923125282481, 0.002863025492775068, -0.00381388841651642], "route_convention_gps": [-0.0002620874359422487, 0.002861880283768294, -0.00381388841651642]}
PCLA_NAV_AUDIT={"step": 820, "timestamp": 41.05000061169267, "raw_gps": [-0.0002620874359422487, 0.002861880283768294], "compass_rad": 6.141471862792969, "planner_position": [-29.176780708375293, 318.5830563346186], "target_local": [4.713683971482609, -10.616621629843301], "command": 4, "remaining_route_points": 4, "next_route_points": [[-70.02319161289051, 321.75000043853936], [-18.00082721630535, 321.75000043853936], [36.00165442628263, 321.75000043853936]], "actual_transform": {"x": 318.3640441894531, "y": 28.93975067138672, "yaw": -98.11957550048828}, "sensor_frames": {"speed": 32655754, "imu": 32655755, "gps": 32655755, "lidar": 32655755, "rgb": 32655754, "rgb_left": 32655754, "rgb_right": 32655754}}
PCLA_GNSS_ADAPTER_SAMPLE={"frame": 32655775, "tag": "gps", "native_gps": [0.00025742468423076186, 0.0028708478447927515, -0.003811490078192037], "route_convention_gps": [-0.0002573217146988327, 0.002869699506855207, -0.003811490078192037]}
PCLA_NAV_AUDIT={"step": 840, "timestamp": 42.05000062659383, "raw_gps": [-0.0002573217146988327, 0.002869699506855207], "compass_rad": 6.141471862792969, "planner_position": [-28.64623866565397, 319.4534882682392], "target_local": [3.777044191996548, -10.214337484436502], "command": 4, "remaining_route_points": 4, "next_route_points": [[-70.02319161289051, 321.75000043853936], [-18.00082721630535, 321.75000043853936], [36.00165442628263, 321.75000043853936]], "actual_transform": {"x": 318.3640441894531, "y": 28.93975067138672, "yaw": -98.11957550048828}, "sensor_frames": {"speed": 32655774, "imu": 32655775, "gps": 32655775, "lidar": 32655775, "rgb": 32655774, "rgb_left": 32655774, "rgb_right": 32655774}}
PCLA_GNSS_ADAPTER_SAMPLE={"frame": 32655795, "tag": "gps", "native_gps": [0.0002671887037543345, 0.00286044960846566, -0.0038111611485192043], "route_convention_gps": [-0.0002670818286105714, 0.002859305429809304, -0.0038111611485192043]}
PCLA_NAV_AUDIT={"step": 860, "timestamp": 43.05000064149499, "raw_gps": [-0.0002670818286105714, 0.002859305429809304], "compass_rad": 6.141471862792969, "planner_position": [-29.732779507521386, 318.29642490264615], "target_local": [5.075971092319102, -11.126563081896856], "command": 4, "remaining_route_points": 4, "next_route_points": [[-70.02319161289051, 321.75000043853936], [-18.00082721630535, 321.75000043853936], [36.00165442628263, 321.75000043853936]], "actual_transform": {"x": 318.3640441894531, "y": 28.93975067138672, "yaw": -98.11957550048828}, "sensor_frames": {"speed": 32655794, "imu": 32655795, "gps": 32655795, "lidar": 32655795, "rgb": 32655794, "rgb_left": 32655794, "rgb_right": 32655794}}
PCLA_GNSS_ADAPTER_SAMPLE={"frame": 32655815, "tag": "gps", "native_gps": [0.0002478570496244063, 0.0028563178702145703, -0.0038035688994568773], "route_convention_gps": [-0.0002477579071182845, 0.002855175344248213, -0.0038035688994568773]}
PCLA_NAV_AUDIT={"step": 880, "timestamp": 44.05000065639615, "raw_gps": [-0.0002477579071182845, 0.002855175344248213], "compass_rad": 6.141471862792969, "planner_position": [-27.581551548884896, 317.8366658804262], "target_local": [5.22728268143906, -8.931964054390932], "command": 4, "remaining_route_points": 4, "next_route_points": [[-70.02319161289051, 321.75000043853936], [-18.00082721630535, 321.75000043853936], [36.00165442628263, 321.75000043853936]], "actual_transform": {"x": 318.3640441894531, "y": 28.93975067138672, "yaw": -98.11957550048828}, "sensor_frames": {"speed": 32655814, "imu": 32655815, "gps": 32655815, "lidar": 32655815, "rgb": 32655814, "rgb_left": 32655814, "rgb_right": 32655814}}
PCLA_GNSS_ADAPTER_SAMPLE={"frame": 32655835, "tag": "gps", "native_gps": [0.0002504269751519021, 0.0028676391074671298, -0.0038170313478076423], "route_convention_gps": [-0.0002503268046893936, 0.0028664920530203984, -0.0038170313478076423]}
PCLA_NAV_AUDIT={"step": 900, "timestamp": 45.05000067129731, "raw_gps": [-0.0002503268046893936, 0.0028664920530203984], "compass_rad": 6.141471862792969, "planner_position": [-27.867533060455884, 319.09643614011867], "target_local": [4.020532971202485, -9.39300816183617], "command": 4, "remaining_route_points": 4, "next_route_points": [[-70.02319161289051, 321.75000043853936], [-18.00082721630535, 321.75000043853936], [36.00165442628263, 321.75000043853936]], "actual_transform": {"x": 318.3640441894531, "y": 28.93975067138672, "yaw": -98.11957550048828}, "sensor_frames": {"speed": 32655834, "imu": 32655835, "gps": 32655835, "lidar": 32655835, "rgb": 32655834, "rgb_left": 32655834, "rgb_right": 32655834}}
PCLA_GNSS_ADAPTER_SAMPLE={"frame": 32655855, "tag": "gps", "native_gps": [0.00025500263299207997, 0.0028601157431924545, -0.0038099854809274802], "route_convention_gps": [-0.0002549006322567493, 0.0028589716980817795, -0.0038099854809274802]}
PCLA_NAV_AUDIT={"step": 920, "timestamp": 46.05000068619847, "raw_gps": [-0.0002549006322567493, 0.0028589716980817795], "compass_rad": 6.141471862792969, "planner_position": [-28.376712615175418, 318.25927405662594], "target_local": [4.921219187031379, -9.778842988670267], "command": 4, "remaining_route_points": 4, "next_route_points": [[-70.02319161289051, 321.75000043853936], [-18.00082721630535, 321.75000043853936], [36.00165442628263, 321.75000043853936]], "actual_transform": {"x": 318.3640441894531, "y": 28.93975067138672, "yaw": -98.11957550048828}, "sensor_frames": {"speed": 32655854, "imu": 32655855, "gps": 32655855, "lidar": 32655855, "rgb": 32655854, "rgb_left": 32655854, "rgb_right": 32655854}}
PCLA_GNSS_ADAPTER_SAMPLE={"frame": 32655875, "tag": "gps", "native_gps": [0.0002574757737313919, 0.002867648648976046, -0.003812222934811871], "route_convention_gps": [-0.0002573727837500428, 0.002866501590712723, -0.003812222934811871]}
PCLA_NAV_AUDIT={"step": 940, "timestamp": 47.050000701099634, "raw_gps": [-0.0002573727837500428, 0.002866501590712723], "compass_rad": 6.141471862792969, "planner_position": [-28.651923907690794, 319.09749787117306], "target_local": [4.13026892441986, -10.169685797068578], "command": 4, "remaining_route_points": 4, "next_route_points": [[-70.02319161289051, 321.75000043853936], [-18.00082721630535, 321.75000043853936], [36.00165442628263, 321.75000043853936]], "actual_transform": {"x": 318.3640441894531, "y": 28.93975067138672, "yaw": -98.11957550048828}, "sensor_frames": {"speed": 32655874, "imu": 32655875, "gps": 32655875, "lidar": 32655875, "rgb": 32655874, "rgb_left": 32655874, "rgb_right": 32655874}}
PCLA_GNSS_ADAPTER_SAMPLE={"frame": 32655895, "tag": "gps", "native_gps": [0.00027281399715165005, 0.002866412249591394, -0.0038092962474536307], "route_convention_gps": [-0.0002727048719037839, 0.0028652656858862385, -0.0038092962474536307]}
PCLA_NAV_AUDIT={"step": 960, "timestamp": 48.050000716000795, "raw_gps": [-0.0002727048719037839, 0.0028652656858862385], "compass_rad": 6.141471862792969, "planner_position": [-30.358762590189695, 318.95991757503236], "target_local": [4.507543233119045, -11.839982394070528], "command": 4, "remaining_route_points": 4, "next_route_points": [[-70.02319161289051, 321.75000043853936], [-18.00082721630535, 321.75000043853936], [36.00165442628263, 321.75000043853936]], "actual_transform": {"x": 318.3640441894531, "y": 28.93975067138672, "yaw": -98.11957550048828}, "sensor_frames": {"speed": 32655894, "imu": 32655895, "gps": 32655895, "lidar": 32655895, "rgb": 32655894, "rgb_left": 32655894, "rgb_right": 32655894}}
PCLA_GNSS_ADAPTER_SAMPLE={"frame": 32655915, "tag": "gps", "native_gps": [0.00026271342457065454, 0.0028601480899968007, -0.0038062270391492348], "route_convention_gps": [-0.0002626083395398382, 0.002859004031947445, -0.0038062270391492348]}
PCLA_NAV_AUDIT={"step": 980, "timestamp": 49.05000073090196, "raw_gps": [-0.0002626083395398382, 0.002859004031947445], "compass_rad": 6.141471862792969, "planner_position": [-29.234770096467983, 318.2628734460921], "target_local": [5.03884756585566, -10.628807200447351], "command": 4, "remaining_route_points": 4, "next_route_points": [[-70.02319161289051, 321.75000043853936], [-18.00082721630535, 321.75000043853936], [36.00165442628263, 321.75000043853936]], "actual_transform": {"x": 318.3640441894531, "y": 28.93975067138672, "yaw": -98.11957550048828}, "sensor_frames": {"speed": 32655914, "imu": 32655915, "gps": 32655915, "lidar": 32655915, "rgb": 32655914, "rgb_left": 32655914, "rgb_right": 32655914}}
PCLA_GNSS_ADAPTER_SAMPLE={"frame": 32655935, "tag": "gps", "native_gps": [0.00025561883566141457, 0.002868664297170926, -0.0038172041508914845], "route_convention_gps": [-0.0002555165884530197, 0.002867516832649628, -0.0038172041508914845]}
PCLA_NAV_AUDIT={"step": 1000, "timestamp": 50.05000074580312, "raw_gps": [-0.0002555165884530197, 0.002867516832649628], "compass_rad": 6.141471862792969, "planner_position": [-28.445283696425218, 319.21051408677533], "target_local": [3.9891998677572387, -9.98107942614421], "command": 4, "remaining_route_points": 4, "next_route_points": [[-70.02319161289051, 321.75000043853936], [-18.00082721630535, 321.75000043853936], [36.00165442628263, 321.75000043853936]], "actual_transform": {"x": 318.3640441894531, "y": 28.93975067138672, "yaw": -98.11957550048828}, "sensor_frames": {"speed": 32655934, "imu": 32655935, "gps": 32655935, "lidar": 32655935, "rgb": 32655934, "rgb_left": 32655934, "rgb_right": 32655934}}
PCLA_GNSS_ADAPTER_SAMPLE={"frame": 32655955, "tag": "gps", "native_gps": [0.00025828930662399923, 0.0028595879656907524, -0.003808674889114627], "route_convention_gps": [-0.000258185991228288, 0.0028584441316904007, -0.003808674889114627]}
PCLA_NAV_AUDIT={"step": 1020, "timestamp": 51.05000076070428, "raw_gps": [-0.000258185991228288, 0.0028584441316904007], "compass_rad": 6.141471862792969, "planner_position": [-28.742453910313277, 318.2005456344979], "target_local": [5.0310160329767735, -10.132623111282047], "command": 4, "remaining_route_points": 4, "next_route_points": [[-70.02319161289051, 321.75000043853936], [-18.00082721630535, 321.75000043853936], [36.00165442628263, 321.75000043853936]], "actual_transform": {"x": 318.3640441894531, "y": 28.93975067138672, "yaw": -98.11957550048828}, "sensor_frames": {"speed": 32655954, "imu": 32655955, "gps": 32655955, "lidar": 32655955, "rgb": 32655954, "rgb_left": 32655954, "rgb_right": 32655954}}
PCLA_GNSS_ADAPTER_SAMPLE={"frame": 32655975, "tag": "gps", "native_gps": [0.000256818862761327, 0.0028582266062815503, -0.0038052659779168607], "route_convention_gps": [-0.00025671613553868156, 0.0028570833168232155, -0.0038052659779168607]}
PCLA_NAV_AUDIT={"step": 1040, "timestamp": 52.05000077560544, "raw_gps": [-0.00025671613553868156, 0.0028570833168232155], "compass_rad": 6.141471862792969, "planner_position": [-28.578822803868118, 318.0490604162125], "target_local": [5.157871488890414, -9.949236624156118], "command": 4, "remaining_route_points": 4, "next_route_points": [[-70.02319161289051, 321.75000043853936], [-18.00082721630535, 321.75000043853936], [36.00165442628263, 321.75000043853936]], "actual_transform": {"x": 318.3640441894531, "y": 28.93975067138672, "yaw": -98.11957550048828}, "sensor_frames": {"speed": 32655974, "imu": 32655975, "gps": 32655975, "lidar": 32655975, "rgb": 32655974, "rgb_left": 32655974, "rgb_right": 32655974}}
PCLA_GNSS_ADAPTER_SAMPLE={"frame": 32655995, "tag": "gps", "native_gps": [0.00026135055528656064, 0.0028592641978550997, -0.00381425725072404], "route_convention_gps": [-0.000261246015398342, 0.0028581204933614676, -0.00381425725072404]}
PCLA_NAV_AUDIT={"step": 1060, "timestamp": 53.0500007905066, "raw_gps": [-0.000261246015398342, 0.0028581204933614676], "compass_rad": 6.141471862792969, "planner_position": [-29.083109897316284, 318.16451838047084], "target_local": [5.114796241354991, -10.464775698503386], "command": 4, "remaining_route_points": 4, "next_route_points": [[-70.02319161289051, 321.75000043853936], [-18.00082721630535, 321.75000043853936], [36.00165442628263, 321.75000043853936]], "actual_transform": {"x": 318.3640441894531, "y": 28.93975067138672, "yaw": -98.11957550048828}, "sensor_frames": {"speed": 32655994, "imu": 32655995, "gps": 32655995, "lidar": 32655995, "rgb": 32655994, "rgb_left": 32655994, "rgb_right": 32655994}}
PCLA_GNSS_ADAPTER_SAMPLE={"frame": 32656015, "tag": "gps", "native_gps": [0.00025289320555046995, 0.0028576788442253925, -0.003807585262620705], "route_convention_gps": [-0.00025279204859884885, 0.002856535773871178, -0.003807585262620705]}
PCLA_NAV_AUDIT={"step": 1080, "timestamp": 54.05000080540776, "raw_gps": [-0.00025279204859884885, 0.002856535773871178], "compass_rad": 6.141471862792969, "planner_position": [-28.141975368917716, 317.9881082135212], "target_local": [5.156512520601165, -9.508159526994113], "command": 4, "remaining_route_points": 4, "next_route_points": [[-70.02319161289051, 321.75000043853936], [-18.00082721630535, 321.75000043853936], [36.00165442628263, 321.75000043853936]], "actual_transform": {"x": 318.3640441894531, "y": 28.93975067138672, "yaw": -98.11957550048828}, "sensor_frames": {"speed": 32656014, "imu": 32656015, "gps": 32656015, "lidar": 32656015, "rgb": 32656014, "rgb_left": 32656014, "rgb_right": 32656014}}
PCLA_GNSS_ADAPTER_SAMPLE={"frame": 32656035, "tag": "gps", "native_gps": [0.0002610721358799199, 0.002860436797380134, -0.0038114625020853055], "route_convention_gps": [-0.0002609677073621697, 0.002859292623848196, -0.0038114625020853055]}
PCLA_NAV_AUDIT={"step": 1100, "timestamp": 55.050000820308924, "raw_gps": [-0.0002609677073621697, 0.002859292623848196], "compass_rad": 6.141471862792969, "planner_position": [-29.052127364668024, 318.29499934957454], "target_local": [4.981247325936085, -10.45253283045806], "command": 4, "remaining_route_points": 4, "next_route_points": [[-70.02319161289051, 321.75000043853936], [-18.00082721630535, 321.75000043853936], [36.00165442628263, 321.75000043853936]], "actual_transform": {"x": 318.3640441894531, "y": 28.93975067138672, "yaw": -98.11957550048828}, "sensor_frames": {"speed": 32656034, "imu": 32656035, "gps": 32656035, "lidar": 32656035, "rgb": 32656034, "rgb_left": 32656034, "rgb_right": 32656034}}
PCLA_GNSS_ADAPTER_SAMPLE={"frame": 32656055, "tag": "gps", "native_gps": [0.00026200150485991596, 0.0028581811149481834, -0.0038112696298640003], "route_convention_gps": [-0.00026189670460041725, 0.0028570378436863237, -0.0038112696298640003]}
PCLA_NAV_AUDIT={"step": 1120, "timestamp": 56.050000835210085, "raw_gps": [-0.00026189670460041725, 0.0028570378436863237], "compass_rad": 6.141471862792969, "planner_position": [-29.155547616774303, 318.04399836976205], "target_local": [5.244339166117854, -10.519465065160976], "command": 4, "remaining_route_points": 4, "next_route_points": [[-70.02319161289051, 321.75000043853936], [-18.00082721630535, 321.75000043853936], [36.00165442628263, 321.75000043853936]], "actual_transform": {"x": 318.3640441894531, "y": 28.93975067138672, "yaw": -98.11957550048828}, "sensor_frames": {"speed": 32656054, "imu": 32656055, "gps": 32656055, "lidar": 32656055, "rgb": 32656054, "rgb_left": 32656054, "rgb_right": 32656054}}
PCLA_GNSS_ADAPTER_SAMPLE={"frame": 32656075, "tag": "gps", "native_gps": [0.0002633425884489841, 0.002860018502178991, -0.003814881273683568], "route_convention_gps": [-0.0002632372517581416, 0.0028588744959645966, -0.003814881273683568]}
PCLA_NAV_AUDIT={"step": 1140, "timestamp": 57.050000850111246, "raw_gps": [-0.0002632372517581416, 0.0028588744959645966], "compass_rad": 6.141471862792969, "planner_position": [-29.304783501774065, 318.24845356642237], "target_local": [5.063011557215992, -10.696082094529622], "command": 4, "remaining_route_points": 4, "next_route_points": [[-70.02319161289051, 321.75000043853936], [-18.00082721630535, 321.75000043853936], [36.00165442628263, 321.75000043853936]], "actual_transform": {"x": 318.3640441894531, "y": 28.93975067138672, "yaw": -98.11957550048828}, "sensor_frames": {"speed": 32656074, "imu": 32656075, "gps": 32656075, "lidar": 32656075, "rgb": 32656074, "rgb_left": 32656074, "rgb_right": 32656074}}
PCLA_GNSS_ADAPTER_SAMPLE={"frame": 32656095, "tag": "gps", "native_gps": [0.00025595885343890383, 0.002856577265834221, -0.0038124702800814703], "route_convention_gps": [-0.00025585647023262936, 0.002855434636109949, -0.0038124702800814703]}
PCLA_NAV_AUDIT={"step": 1160, "timestamp": 58.05000086501241, "raw_gps": [-0.00025585647023262936, 0.002855434636109949], "compass_rad": 6.141471862792969, "planner_position": [-28.483120901840238, 317.8655301184808], "target_local": [5.32604507945088, -9.828572347440767], "command": 4, "remaining_route_points": 4, "next_route_points": [[-70.02319161289051, 321.75000043853936], [-18.00082721630535, 321.75000043853936], [36.00165442628263, 321.75000043853936]], "actual_transform": {"x": 318.3640441894531, "y": 28.93975067138672, "yaw": -98.11957550048828}, "sensor_frames": {"speed": 32656094, "imu": 32656095, "gps": 32656095, "lidar": 32656095, "rgb": 32656094, "rgb_left": 32656094, "rgb_right": 32656094}}
PCLA_GNSS_ADAPTER_SAMPLE={"frame": 32656115, "tag": "gps", "native_gps": [0.00025908451115200275, 0.0028692922714301855, -0.003802405241458473], "route_convention_gps": [-0.0002589808776889413, 0.00286814455571999, -0.003802405241458473]}
PCLA_NAV_AUDIT={"step": 1180, "timestamp": 59.05000087991357, "raw_gps": [-0.0002589808776889413, 0.00286814455571999], "compass_rad": 6.141471862792969, "planner_position": [-28.830944332859314, 319.28039189942245], "target_local": [3.974493098987762, -10.372743499231673], "command": 4, "remaining_route_points": 4, "next_route_points": [[-70.02319161289051, 321.75000043853936], [-18.00082721630535, 321.75000043853936], [36.00165442628263, 321.75000043853936]], "actual_transform": {"x": 318.3640441894531, "y": 28.93975067138672, "yaw": -98.11957550048828}, "sensor_frames": {"speed": 32656114, "imu": 32656115, "gps": 32656115, "lidar": 32656115, "rgb": 32656114, "rgb_left": 32656114, "rgb_right": 32656114}}
PCLA_GNSS_ADAPTER_SAMPLE={"frame": 32656135, "tag": "gps", "native_gps": [0.00025706244204074007, 0.002852384894981969, -0.003812096251976982], "route_convention_gps": [-0.0002569596173884747, 0.0028512439422006585, -0.003812096251976982]}
PCLA_NAV_AUDIT={"step": 1200, "timestamp": 60.05000089481473, "raw_gps": [-0.0002569596173884747, 0.0028512439422006585], "compass_rad": 6.141471862792969, "planner_position": [-28.605928325017363, 317.3990242057923], "target_local": [5.805219747181378, -9.88425957727083], "command": 4, "remaining_route_points": 4, "next_route_points": [[-70.02319161289051, 321.75000043853936], [-18.00082721630535, 321.75000043853936], [36.00165442628263, 321.75000043853936]], "actual_transform": {"x": 318.3640441894531, "y": 28.93975067138672, "yaw": -98.11957550048828}, "sensor_frames": {"speed": 32656134, "imu": 32656135, "gps": 32656135, "lidar": 32656135, "rgb": 32656134, "rgb_left": 32656134, "rgb_right": 32656134}}
PCLA_GNSS_ADAPTER_SAMPLE={"frame": 32656155, "tag": "gps", "native_gps": [0.00025882231451604436, 0.002855723220295931, -0.00381056404944502], "route_convention_gps": [-0.00025871878591487985, 0.002854580932188778, -0.00381056404944502]}
PCLA_NAV_AUDIT={"step": 1220, "timestamp": 61.05000090971589, "raw_gps": [-0.00025871878591487985, 0.002854580932188778], "compass_rad": 6.141471862792969, "planner_position": [-28.801767069211525, 317.77049623255834], "target_local": [5.465131746523071, -10.130601681275557], "command": 4, "remaining_route_points": 4, "next_route_points": [[-70.02319161289051, 321.75000043853936], [-18.00082721630535, 321.75000043853936], [36.00165442628263, 321.75000043853936]], "actual_transform": {"x": 318.3640441894531, "y": 28.93975067138672, "yaw": -98.11957550048828}, "sensor_frames": {"speed": 32656154, "imu": 32656155, "gps": 32656155, "lidar": 32656155, "rgb": 32656154, "rgb_left": 32656154, "rgb_right": 32656154}}
PCLA_GNSS_ADAPTER_SAMPLE={"frame": 32656175, "tag": "gps", "native_gps": [0.00025827449993656753, 0.0028629200997332188, -0.003809398160683486], "route_convention_gps": [-0.0002581711904667827, 0.0028617749328835257, -0.003809398160683486]}
PCLA_NAV_AUDIT={"step": 1240, "timestamp": 62.05000092461705, "raw_gps": [-0.0002581711904667827, 0.0028617749328835257], "compass_rad": 6.141471862792969, "planner_position": [-28.740806221360906, 318.5713287277556], "target_local": [4.663717156920725, -10.183361191385403], "command": 4, "remaining_route_points": 4, "next_route_points": [[-70.02319161289051, 321.75000043853936], [-18.00082721630535, 321.75000043853936], [36.00165442628263, 321.75000043853936]], "actual_transform": {"x": 318.3640441894531, "y": 28.93975067138672, "yaw": -98.11957550048828}, "sensor_frames": {"speed": 32656174, "imu": 32656175, "gps": 32656175, "lidar": 32656175, "rgb": 32656174, "rgb_left": 32656174, "rgb_right": 32656174}}
PCLA_GNSS_ADAPTER_SAMPLE={"frame": 32656195, "tag": "gps", "native_gps": [0.00025967183577294033, 0.0028509366347182546, -0.003811146157204348], "route_convention_gps": [-0.00025956796736181786, 0.002849796261239191, -0.003811146157204348]}
PCLA_NAV_AUDIT={"step": 1260, "timestamp": 63.05000093951821, "raw_gps": [-0.00025956796736181786, 0.002849796261239191], "compass_rad": 6.141471862792969, "planner_position": [-28.896301859747577, 317.23786909811093], "target_local": [6.0057715850666025, -10.14896076488502], "command": 4, "remaining_route_points": 4, "next_route_points": [[-70.02319161289051, 321.75000043853936], [-18.00082721630535, 321.75000043853936], [36.00165442628263, 321.75000043853936]], "actual_transform": {"x": 318.3640441894531, "y": 28.93975067138672, "yaw": -98.11957550048828}, "sensor_frames": {"speed": 32656194, "imu": 32656195, "gps": 32656195, "lidar": 32656195, "rgb": 32656194, "rgb_left": 32656194, "rgb_right": 32656194}}
PCLA_GNSS_ADAPTER_SAMPLE={"frame": 32656215, "tag": "gps", "native_gps": [0.0002560169019382445, 0.0028648583753923046, -0.0038216425509745022], "route_convention_gps": [-0.00025591449549722256, 0.002863712433234835, -0.0038216425509745022]}
PCLA_NAV_AUDIT={"step": 1280, "timestamp": 64.05000095441937, "raw_gps": [-0.00025591449549722256, 0.002863712433234835], "compass_rad": 6.141471862792969, "planner_position": [-28.48958054159555, 318.7870102805691], "target_local": [4.4147147042857915, -9.965116711548216], "command": 4, "remaining_route_points": 4, "next_route_points": [[-70.02319161289051, 321.75000043853936], [-18.00082721630535, 321.75000043853936], [36.00165442628263, 321.75000043853936]], "actual_transform": {"x": 318.3640441894531, "y": 28.93975067138672, "yaw": -98.11957550048828}, "sensor_frames": {"speed": 32656214, "imu": 32656215, "gps": 32656215, "lidar": 32656215, "rgb": 32656214, "rgb_left": 32656214, "rgb_right": 32656214}}
PCLA_GNSS_ADAPTER_SAMPLE={"frame": 32656235, "tag": "gps", "native_gps": [0.0002601530177152315, 0.0028565394026602913, -0.0038097552809794877], "route_convention_gps": [-0.0002600489568322928, 0.00285539678808124, -0.0038097552809794877]}
PCLA_NAV_AUDIT={"step": 1300, "timestamp": 65.05000096932054, "raw_gps": [-0.0002600489568322928, 0.00285539678808124], "compass_rad": 6.141471862792969, "planner_position": [-28.949847823340342, 317.8613168951917], "target_local": [5.39613638561838, -10.29002546456447], "command": 4, "remaining_route_points": 4, "next_route_points": [[-70.02319161289051, 321.75000043853936], [-18.00082721630535, 321.75000043853936], [36.00165442628263, 321.75000043853936]], "actual_transform": {"x": 318.3640441894531, "y": 28.93975067138672, "yaw": -98.11957550048828}, "sensor_frames": {"speed": 32656234, "imu": 32656235, "gps": 32656235, "lidar": 32656235, "rgb": 32656234, "rgb_left": 32656234, "rgb_right": 32656234}}
PCLA_GNSS_ADAPTER_SAMPLE={"frame": 32656255, "tag": "gps", "native_gps": [0.0002561464976572895, 0.0028617153371786113, -0.003814919489741442], "route_convention_gps": [-0.00025604403938928044, 0.002860570652232394, -0.003814919489741442]}
PCLA_NAV_AUDIT={"step": 1320, "timestamp": 66.0500009842217, "raw_gps": [-0.00025604403938928044, 0.002860570652232394], "compass_rad": 6.141471862792969, "planner_position": [-28.50400196441994, 318.43726881871675], "target_local": [4.762987038884181, -9.92999622567027], "command": 4, "remaining_route_points": 4, "next_route_points": [[-70.02319161289051, 321.75000043853936], [-18.00082721630535, 321.75000043853936], [36.00165442628263, 321.75000043853936]], "actual_transform": {"x": 318.3640441894531, "y": 28.93975067138672, "yaw": -98.11957550048828}, "sensor_frames": {"speed": 32656254, "imu": 32656255, "gps": 32656255, "lidar": 32656255, "rgb": 32656254, "rgb_left": 32656254, "rgb_right": 32656254}}
PCLA_GNSS_ADAPTER_SAMPLE={"frame": 32656275, "tag": "gps", "native_gps": [0.00026409837991039946, 0.0028621017484513683, -0.0038149772467477305], "route_convention_gps": [-0.00026399274089783376, 0.0028609569089411376, -0.0038149772467477305]}
PCLA_NAV_AUDIT={"step": 1340, "timestamp": 67.05000099912286, "raw_gps": [-0.00026399274089783376, 0.0028609569089411376], "compass_rad": 6.141471862792969, "planner_position": [-29.388888033061914, 318.4802667189081], "target_local": [4.845401118235768, -10.812084709566385], "command": 4, "remaining_route_points": 4, "next_route_points": [[-70.02319161289051, 321.75000043853936], [-18.00082721630535, 321.75000043853936], [36.00165442628263, 321.75000043853936]], "actual_transform": {"x": 318.3640441894531, "y": 28.93975067138672, "yaw": -98.11957550048828}, "sensor_frames": {"speed": 32656274, "imu": 32656275, "gps": 32656275, "lidar": 32656275, "rgb": 32656274, "rgb_left": 32656274, "rgb_right": 32656274}}
PCLA_GNSS_ADAPTER_SAMPLE={"frame": 32656295, "tag": "gps", "native_gps": [0.00026801152952274403, 0.0028625430107243116, -0.0038108245462353807], "route_convention_gps": [-0.0002679043252555857, 0.002861397994709738, -0.0038108245462353807]}
PCLA_NAV_AUDIT={"step": 1360, "timestamp": 68.05000101402402, "raw_gps": [-0.0002679043252555857, 0.002861397994709738], "compass_rad": 6.141471862792969, "planner_position": [-29.82434362298034, 318.52936816213185], "target_local": [4.858295463763079, -11.25011011792905], "command": 4, "remaining_route_points": 4, "next_route_points": [[-70.02319161289051, 321.75000043853936], [-18.00082721630535, 321.75000043853936], [36.00165442628263, 321.75000043853936]], "actual_transform": {"x": 318.3640441894531, "y": 28.93975067138672, "yaw": -98.11957550048828}, "sensor_frames": {"speed": 32656294, "imu": 32656295, "gps": 32656295, "lidar": 32656295, "rgb": 32656294, "rgb_left": 32656294, "rgb_right": 32656294}}
PCLA_GNSS_ADAPTER_SAMPLE={"frame": 32656315, "tag": "gps", "native_gps": [0.0002592640955988716, 0.0028609551183964637, -0.003803117832831049], "route_convention_gps": [-0.0002591603902857287, 0.002859810737536784, -0.003803117832831049]}
PCLA_NAV_AUDIT={"step": 1380, "timestamp": 69.05000102892518, "raw_gps": [-0.0002591603902857287, 0.002859810737536784], "compass_rad": 6.141471862792969, "planner_position": [-28.850928502081416, 318.3526755016398], "target_local": [4.895732107061295, -10.26149705327484], "command": 4, "remaining_route_points": 4, "next_route_points": [[-70.02319161289051, 321.75000043853936], [-18.00082721630535, 321.75000043853936], [36.00165442628263, 321.75000043853936]], "actual_transform": {"x": 318.3640441894531, "y": 28.93975067138672, "yaw": -98.11957550048828}, "sensor_frames": {"speed": 32656314, "imu": 32656315, "gps": 32656315, "lidar": 32656315, "rgb": 32656314, "rgb_left": 32656314, "rgb_right": 32656314}}
PCLA_GNSS_ADAPTER_SAMPLE={"frame": 32656335, "tag": "gps", "native_gps": [0.00025683858038751686, 0.0028629937179788442, -0.004811564478586661], "route_convention_gps": [-0.00025673584526941795, 0.0028618485216819474, -0.004811564478586661]}
PCLA_NAV_AUDIT={"step": 1400, "timestamp": 70.05000104382634, "raw_gps": [-0.00025673584526941795, 0.0028618485216819474], "compass_rad": 6.142133712768555, "planner_position": [-28.581016981889086, 318.57952059533517], "target_local": [4.626401901629011, -10.029394964629239], "command": 4, "remaining_route_points": 4, "next_route_points": [[-70.02319161289051, 321.75000043853936], [-18.00082721630535, 321.75000043853936], [36.00165442628263, 321.75000043853936]], "actual_transform": {"x": 318.3395690917969, "y": 28.75722312927246, "yaw": -98.08171081542969}, "sensor_frames": {"speed": 32656334, "imu": 32656335, "gps": 32656335, "lidar": 32656335, "rgb": 32656334, "rgb_left": 32656334, "rgb_right": 32656334}}
PCLA_GNSS_ADAPTER_SAMPLE={"frame": 32656355, "tag": "gps", "native_gps": [0.0002498801570839666, 0.002855778198509322, -0.0012614722695616365], "route_convention_gps": [-0.0002497802053369469, 0.002854635888410955, -0.0012614722695616365]}
PCLA_NAV_AUDIT={"step": 1420, "timestamp": 71.0500010587275, "raw_gps": [-0.0002497802053369469, 0.002854635888410955], "compass_rad": 6.148886680603027, "planner_position": [-27.80668310256171, 317.7766139312353], "target_local": [5.250565970399934, -9.185541191945768], "command": 4, "remaining_route_points": 4, "next_route_points": [[-70.02319161289051, 321.75000043853936], [-18.00082721630535, 321.75000043853936], [36.00165442628263, 321.75000043853936]], "actual_transform": {"x": 318.15997314453125, "y": 27.37300682067871, "yaw": -97.69476318359375}, "sensor_frames": {"speed": 32656354, "imu": 32656355, "gps": 32656355, "lidar": 32656355, "rgb": 32656354, "rgb_left": 32656354, "rgb_right": 32656354}}
PCLA_GNSS_ADAPTER_SAMPLE={"frame": 32656375, "tag": "gps", "native_gps": [0.00023879552355589718, 0.00285741750295356, -0.003980530893386458], "route_convention_gps": [-0.00023870000565295868, 0.002856274537135518, -0.003980530893386458]}
PCLA_NAV_AUDIT={"step": 1440, "timestamp": 72.05000107362866, "raw_gps": [-0.00023870000565295868, 0.002856274537135518], "compass_rad": 6.1488871574401855, "planner_position": [-26.573184231383586, 317.9590274730914], "target_local": [4.9046314808848415, -7.987576031277056], "command": 4, "remaining_route_points": 4, "next_route_points": [[-70.02319161289051, 321.75000043853936], [-18.00082721630535, 321.75000043853936], [36.00165442628263, 321.75000043853936]], "actual_transform": {"x": 318.15966796875, "y": 27.370084762573242, "yaw": -97.69474029541016}, "sensor_frames": {"speed": 32656374, "imu": 32656375, "gps": 32656375, "lidar": 32656375, "rgb": 32656374, "rgb_left": 32656374, "rgb_right": 32656374}}
PCLA_GNSS_ADAPTER_SAMPLE={"frame": 32656395, "tag": "gps", "native_gps": [0.0002492483093587542, 0.002855350915254631, -0.0038130596173573394], "route_convention_gps": [-0.0002491486103508578, 0.002854208776069017, -0.0038130596173573394]}
PCLA_NAV_AUDIT={"step": 1460, "timestamp": 73.05000108852983, "raw_gps": [-0.0002491486103508578, 0.002854208776069017], "compass_rad": 6.1488871574401855, "planner_position": [-27.736371039187212, 317.7290680027545], "target_local": [5.288264973291491, -9.109498600508058], "command": 4, "remaining_route_points": 4, "next_route_points": [[-70.02319161289051, 321.75000043853936], [-18.00082721630535, 321.75000043853936], [36.00165442628263, 321.75000043853936]], "actual_transform": {"x": 318.1596984863281, "y": 27.3702335357666, "yaw": -97.69474029541016}, "sensor_frames": {"speed": 32656394, "imu": 32656395, "gps": 32656395, "lidar": 32656395, "rgb": 32656394, "rgb_left": 32656394, "rgb_right": 32656394}}
PCLA_GNSS_ADAPTER_SAMPLE={"frame": 32656415, "tag": "gps", "native_gps": [0.00025152100113990533, 0.0028559500753574966, -0.003811328851725193], "route_convention_gps": [-0.00025142039305592334, 0.0028548076965086108, -0.003811328851725193]}
PCLA_NAV_AUDIT={"step": 1480, "timestamp": 74.05000110343099, "raw_gps": [-0.00025142039305592334, 0.0028548076965086108], "compass_rad": 6.1488871574401855, "planner_position": [-27.98927635517261, 317.7957395212066], "target_local": [5.2560565053663, -9.369053613598336], "command": 4, "remaining_route_points": 4, "next_route_points": [[-70.02319161289051, 321.75000043853936], [-18.00082721630535, 321.75000043853936], [36.00165442628263, 321.75000043853936]], "actual_transform": {"x": 318.1596984863281, "y": 27.3702392578125, "yaw": -97.69474029541016}, "sensor_frames": {"speed": 32656414, "imu": 32656415, "gps": 32656415, "lidar": 32656415, "rgb": 32656414, "rgb_left": 32656414, "rgb_right": 32656414}}
PCLA_GNSS_ADAPTER_SAMPLE={"frame": 32656435, "tag": "gps", "native_gps": [0.00024177323792463218, 0.002860733937112228, -0.003810528367750976], "route_convention_gps": [-0.00024167652894391267, 0.002859589644724778, -0.003810528367750976]}
PCLA_NAV_AUDIT={"step": 1500, "timestamp": 75.05000111833215, "raw_gps": [-0.00024167652894391267, 0.002859589644724778], "compass_rad": 6.1488871574401855, "planner_position": [-26.904544515867702, 318.3280635623557], "target_local": [4.583285782372658, -8.365364616812125], "command": 4, "remaining_route_points": 4, "next_route_points": [[-70.02319161289051, 321.75000043853936], [-18.00082721630535, 321.75000043853936], [36.00165442628263, 321.75000043853936]], "actual_transform": {"x": 318.1596984863281, "y": 27.3702392578125, "yaw": -97.69474029541016}, "sensor_frames": {"speed": 32656434, "imu": 32656435, "gps": 32656435, "lidar": 32656435, "rgb": 32656434, "rgb_left": 32656434, "rgb_right": 32656434}}
PCLA_GNSS_ADAPTER_SAMPLE={"frame": 32656455, "tag": "gps", "native_gps": [0.0002524324203324672, 0.002855406712072464, -0.003810616903308528], "route_convention_gps": [-0.0002523314476974292, 0.002854264550568195, -0.003810616903308528]}
PCLA_NAV_AUDIT={"step": 1520, "timestamp": 76.05000113323331, "raw_gps": [-0.0002523314476974292, 0.002854264550568195], "compass_rad": 6.1488871574401855, "planner_position": [-28.090699154754738, 317.73527679161066], "target_local": [5.329554788140142, -9.461467510684026], "command": 4, "remaining_route_points": 4, "next_route_points": [[-70.02319161289051, 321.75000043853936], [-18.00082721630535, 321.75000043853936], [36.00165442628263, 321.75000043853936]], "actual_transform": {"x": 318.1596984863281, "y": 27.3702392578125, "yaw": -97.69474029541016}, "sensor_frames": {"speed": 32656454, "imu": 32656455, "gps": 32656455, "lidar": 32656455, "rgb": 32656454, "rgb_left": 32656454, "rgb_right": 32656454}}
