==== runner.sh mode=run run_id=run_expand_038_tight_ca3b8d47 ts=2026-09-19T13:33:05+08:00 ====
CARLA port 2000 ready (server pings back)
WARNING: Version mismatch detected: You are trying to connect to a simulator that might be incompatible with this API 
WARNING: Client API version     = 78eb4c373 
WARNING: Simulator API version  = 0.9.16 
WARNING: Version mismatch detected: You are trying to connect to a simulator that might be incompatible with this API 
WARNING: Client API version     = 78eb4c373 
WARNING: Simulator API version  = 0.9.16 
warmup OK
paper recorder started (pid=858563)
Traceback (most recent call last):
  File "/home/server/crash2openx_ads_stress_20260919/runtime/src/runs/run_scene.py", line 338, in _run_command
    return process.wait(timeout=timeout)
  File "/home/server/Software/miniconda3/envs/PCLA/lib/python3.8/subprocess.py", line 1083, in wait
    return self._wait(timeout=timeout)
  File "/home/server/Software/miniconda3/envs/PCLA/lib/python3.8/subprocess.py", line 1814, in _wait
    raise TimeoutExpired(self.args, timeout)
subprocess.TimeoutExpired: Command '['bash', '/home/server/crash2openx_ads_stress_20260919/runtime/scripts/run_headless_scene_record.sh']' timed out after 610.0 seconds

The above exception was the direct cause of the following exception:

Traceback (most recent call last):
  File "/home/server/crash2openx_ads_stress_20260919/runtime/src/runs/run_scene.py", line 432, in <module>
    raise SystemExit(main())
  File "/home/server/crash2openx_ads_stress_20260919/runtime/src/runs/run_scene.py", line 409, in main
    result = run_scene(
  File "/home/server/crash2openx_ads_stress_20260919/runtime/src/runs/run_scene.py", line 180, in run_scene
    return_code = _run_command(command, env=env, log_path=wrapper_log, timeout=process_timeout)
  File "/home/server/crash2openx_ads_stress_20260919/runtime/src/runs/run_scene.py", line 345, in _run_command
    raise RunSceneError(f"Scenario run timed out after {timeout} seconds. log={log_path}") from exc
__main__.RunSceneError: Scenario run timed out after 610.0 seconds. log=/home/server/crash2openx_ads_stress_20260919/runs/run_expand_038_tight_ca3b8d47/outputs/scene/out/run_scene_wrapper.log
paper render produced 683 frames + /home/server/crash2openx_ads_stress_20260919/runs/run_expand_038_tight_ca3b8d47/outputs/carla_paper.mp4
run_scene produced carla_rgb.mp4 + summary.json (ticks=1534, rc=1 accepted)
