WARNING: Version mismatch detected: You are trying to connect to a simulator that might be incompatible with this API 
WARNING: Client API version     = 78eb4c373 
WARNING: Simulator API version  = 0.9.16 
waiting for actor role_name='hero'
waiting for actor role_name='hero'
waiting for actor role_name='hero'
waiting for actor role_name='hero'
waiting for actor role_name='hero'
waiting for actor role_name='hero'
waiting for actor role_name='hero'
waiting for actor role_name='hero'
waiting for actor role_name='hero'
waiting for actor role_name='hero'
waiting for actor role_name='hero'
waiting for actor role_name='hero'
waiting for actor role_name='hero'
waiting for actor role_name='hero'
waiting for actor role_name='hero'
waiting for actor role_name='hero'
waiting for actor role_name='hero'
waiting for actor role_name='hero'
waiting for actor role_name='hero'
waiting for actor role_name='hero'
waiting for actor role_name='hero'
waiting for actor role_name='hero'
waiting for actor role_name='hero'
waiting for actor role_name='hero'
waiting for actor role_name='hero'
waiting for actor role_name='hero'
waiting for actor role_name='hero'
waiting for actor role_name='hero'
waiting for actor role_name='hero'
paper recorder attached: map=Carla/Maps/OpenDriveMap, role=hero
paper recorder lane segments=6128, weather=clear/unspecified
Traceback (most recent call last):
  File "/home/server/crash2openx_ads_stress_20260919/runtime/src/visualize_carla_paper.py", line 475, in <module>
    raise SystemExit(main())
  File "/home/server/crash2openx_ads_stress_20260919/runtime/src/visualize_carla_paper.py", line 457, in main
    draw_actor_labels(draw, world, camera, meta, args, k)
  File "/home/server/crash2openx_ads_stress_20260919/runtime/src/visualize_carla_paper.py", line 279, in draw_actor_labels
    draw.rounded_rectangle((left, top, right, bottom), radius=5, outline=color, width=4)
  File "/home/server/Software/miniconda3/envs/PCLA/lib/python3.8/site-packages/PIL/ImageDraw.py", line 425, in rounded_rectangle
    self.draw.draw_rectangle(left, ink, 1)
ValueError: y1 must be greater than or equal to y0
ffmpeg version 4.4.2-0ubuntu0.22.04.1 Copyright (c) 2000-2021 the FFmpeg developers
  built with gcc 11 (Ubuntu 11.2.0-19ubuntu1)
  configuration: --prefix=/usr --extra-version=0ubuntu0.22.04.1 --toolchain=hardened --libdir=/usr/lib/x86_64-linux-gnu --incdir=/usr/include/x86_64-linux-gnu --arch=amd64 --enable-gpl --disable-stripping --enable-gnutls --enable-ladspa --enable-libaom --enable-libass --enable-libbluray --enable-libbs2b --enable-libcaca --enable-libcdio --enable-libcodec2 --enable-libdav1d --enable-libflite --enable-libfontconfig --enable-libfreetype --enable-libfribidi --enable-libgme --enable-libgsm --enable-libjack --enable-libmp3lame --enable-libmysofa --enable-libopenjpeg --enable-libopenmpt --enable-libopus --enable-libpulse --enable-librabbitmq --enable-librubberband --enable-libshine --enable-libsnappy --enable-libsoxr --enable-libspeex --enable-libsrt --enable-libssh --enable-libtheora --enable-libtwolame --enable-libvidstab --enable-libvorbis --enable-libvpx --enable-libwebp --enable-libx265 --enable-libxml2 --enable-libxvid --enable-libzimg --enable-libzmq --enable-libzvbi --enable-lv2 --enable-omx --enable-openal --enable-opencl --enable-opengl --enable-sdl2 --enable-pocketsphinx --enable-librsvg --enable-libmfx --enable-libdc1394 --enable-libdrm --enable-libiec61883 --enable-chromaprint --enable-frei0r --enable-libx264 --enable-shared
  libavutil      56. 70.100 / 56. 70.100
  libavcodec     58.134.100 / 58.134.100
  libavformat    58. 76.100 / 58. 76.100
  libavdevice    58. 13.100 / 58. 13.100
  libavfilter     7.110.100 /  7.110.100
  libswscale      5.  9.100 /  5.  9.100
  libswresample   3.  9.100 /  3.  9.100
  libpostproc    55.  9.100 / 55.  9.100
Input #0, image2, from '/home/server/crash2openx_ads_stress_20260919/runs/run_expand_038_tight_ca3b8d47/outputs/paper_frames/frame_%06d.jpg':
  Duration: 00:00:34.15, start: 0.000000, bitrate: N/A
  Stream #0:0: Video: mjpeg (Baseline), yuvj444p(pc, bt470bg/unknown/unknown), 1920x1080 [SAR 1:1 DAR 16:9], 20 fps, 20 tbr, 20 tbn, 20 tbc
Stream mapping:
  Stream #0:0 -> #0:0 (mjpeg (native) -> h264 (libx264))
Press [q] to stop, [?] for help
[swscaler @ 0x57e98a2701c0] deprecated pixel format used, make sure you did set range correctly
[libx264 @ 0x57e98a1b7280] using SAR=1/1
[libx264 @ 0x57e98a1b7280] using cpu capabilities: MMX2 SSE2Fast SSSE3 SSE4.2 AVX FMA3 BMI2 AVX2 AVX512
[libx264 @ 0x57e98a1b7280] profile High, level 4.0, 4:2:0, 8-bit
[libx264 @ 0x57e98a1b7280] 264 - core 163 r3060 5db6aa6 - H.264/MPEG-4 AVC codec - Copyleft 2003-2021 - http://www.videolan.org/x264.html - options: cabac=1 ref=3 deblock=1:0:0 analyse=0x3:0x113 me=hex subme=7 psy=1 psy_rd=1.00:0.00 mixed_ref=1 me_range=16 chroma_me=1 trellis=1 8x8dct=1 cqm=0 deadzone=21,11 fast_pskip=1 chroma_qp_offset=-2 threads=34 lookahead_threads=5 sliced_threads=0 nr=0 decimate=1 interlaced=0 bluray_compat=0 constrained_intra=0 bframes=3 b_pyramid=2 b_adapt=1 b_bias=0 direct=1 weightb=1 open_gop=0 weightp=2 keyint=250 keyint_min=20 scenecut=40 intra_refresh=0 rc_lookahead=40 rc=crf mbtree=1 crf=18.0 qcomp=0.60 qpmin=0 qpmax=69 qpstep=4 ip_ratio=1.40 aq=1:1.00
Output #0, mp4, to '/home/server/crash2openx_ads_stress_20260919/runs/run_expand_038_tight_ca3b8d47/outputs/carla_paper.mp4':
  Metadata:
    encoder         : Lavf58.76.100
  Stream #0:0: Video: h264 (avc1 / 0x31637661), yuv420p(tv, bt470bg/unknown/unknown, progressive), 1920x1080 [SAR 1:1 DAR 16:9], q=2-31, 20 fps, 10240 tbn
    Metadata:
      encoder         : Lavc58.134.100 libx264
    Side data:
      cpb: bitrate max/min/avg: 0/0/0 buffer size: 0 vbv_delay: N/A
frame=    1 fps=0.0 q=0.0 size=       0kB time=00:00:00.00 bitrate=N/A speed=N/A    frame=   47 fps=0.0 q=0.0 size=       0kB time=00:00:00.00 bitrate=N/A speed=   0x    frame=   80 fps= 77 q=23.0 size=       0kB time=-00:00:00.04 bitrate=N/A speed=N/A    frame=  123 fps= 80 q=23.0 size=    1280kB time=00:00:02.10 bitrate=4993.2kbits/s speed=1.36x    frame=  167 fps= 81 q=23.0 size=    2304kB time=00:00:04.30 bitrate=4389.4kbits/s speed= 2.1x    frame=  210 fps= 82 q=23.0 size=    3584kB time=00:00:06.45 bitrate=4551.9kbits/s speed=2.53x    frame=  253 fps= 83 q=23.0 size=    4864kB time=00:00:08.60 bitrate=4633.2kbits/s speed=2.82x    frame=  296 fps= 83 q=20.0 size=    5888kB time=00:00:10.75 bitrate=4486.9kbits/s speed=3.01x    frame=  341 fps= 84 q=23.0 size=    7168kB time=00:00:13.00 bitrate=4516.9kbits/s speed=3.19x    frame=  383 fps= 84 q=23.0 size=    7936kB time=00:00:15.10 bitrate=4305.4kbits/s speed= 3.3x    frame=  425 fps= 84 q=23.0 size=    8448kB time=00:00:17.20 bitrate=4023.6kbits/s speed=3.38x    frame=  471 fps= 84 q=23.0 size=    9216kB time=00:00:19.50 bitrate=3871.7kbits/s speed=3.49x    frame=  514 fps= 84 q=23.0 size=    9984kB time=00:00:21.65 bitrate=3777.8kbits/s speed=3.55x    frame=  558 fps= 84 q=23.0 size=   10752kB time=00:00:23.85 bitrate=3693.1kbits/s speed=3.61x    frame=  603 fps= 85 q=23.0 size=   11776kB time=00:00:26.10 bitrate=3696.1kbits/s speed=3.67x    frame=  647 fps= 85 q=23.0 size=   12288kB time=00:00:28.30 bitrate=3557.0kbits/s speed=3.71x    frame=  683 fps= 83 q=-1.0 Lsize=   14308kB time=00:00:34.00 bitrate=3447.4kbits/s speed=4.14x    
video:14299kB audio:0kB subtitle:0kB other streams:0kB global headers:0kB muxing overhead: 0.063385%
[libx264 @ 0x57e98a1b7280] frame I:3     Avg QP:12.77  size:216275
[libx264 @ 0x57e98a1b7280] frame P:172   Avg QP:14.63  size: 34764
[libx264 @ 0x57e98a1b7280] frame B:508   Avg QP:15.01  size: 15774
[libx264 @ 0x57e98a1b7280] consecutive B-frames:  0.7%  0.3%  0.0% 99.0%
[libx264 @ 0x57e98a1b7280] mb I  I16..4: 15.2% 62.7% 22.1%
[libx264 @ 0x57e98a1b7280] mb P  I16..4:  1.8% 12.8%  0.3%  P16..4: 33.0%  9.6%  5.1%  0.0%  0.0%    skip:37.4%
[libx264 @ 0x57e98a1b7280] mb B  I16..4:  0.3%  3.6%  0.0%  B16..8: 29.9%  6.8%  1.0%  direct: 3.2%  skip:55.3%  L0:53.2% L1:45.1% BI: 1.7%
[libx264 @ 0x57e98a1b7280] 8x8 transform intra:87.2% inter:89.8%
[libx264 @ 0x57e98a1b7280] coded y,uvDC,uvAC intra: 55.7% 30.9% 16.2% inter: 9.7% 10.3% 1.3%
[libx264 @ 0x57e98a1b7280] i16 v,h,dc,p: 58% 29% 11%  3%
[libx264 @ 0x57e98a1b7280] i8 v,h,dc,ddl,ddr,vr,hd,vl,hu:  7%  5% 83%  1%  1%  1%  1%  1%  1%
[libx264 @ 0x57e98a1b7280] i4 v,h,dc,ddl,ddr,vr,hd,vl,hu: 28% 28% 23%  3%  3%  4%  4%  4%  3%
[libx264 @ 0x57e98a1b7280] i8c dc,h,v,p: 75% 15% 10%  1%
[libx264 @ 0x57e98a1b7280] Weighted P-Frames: Y:0.0% UV:0.0%
[libx264 @ 0x57e98a1b7280] ref P L0: 45.1%  0.6% 30.7% 23.6%
[libx264 @ 0x57e98a1b7280] ref B L0: 60.7% 28.6% 10.7%
[libx264 @ 0x57e98a1b7280] ref B L1: 83.1% 16.9%
[libx264 @ 0x57e98a1b7280] kb/s:3429.93
