pygame 2.5.2 (SDL 2.28.2, Python 3.8.18)
Hello from the pygame community. https://www.pygame.org/contribute.html
WARNING: Version mismatch detected: You are trying to connect to a simulator that might be incompatible with this API 
WARNING: Client API version     = 78eb4c373 
WARNING: Simulator API version  = 0.9.16 
Connected to CARLA 127.0.0.1:2000, map=Carla/Maps/OpenDriveMap, mode=rgb
Waiting for actor with role_name='hero' ...
Waiting for actor with role_name='hero' ...
Waiting for actor with role_name='hero' ...
Waiting for actor with role_name='hero' ...
Waiting for actor with role_name='hero' ...
Waiting for actor with role_name='hero' ...
Waiting for actor with role_name='hero' ...
Waiting for actor with role_name='hero' ...
Waiting for actor with role_name='hero' ...
Waiting for actor with role_name='hero' ...
Waiting for actor with role_name='hero' ...
Waiting for actor with role_name='hero' ...
Waiting for actor with role_name='hero' ...
Waiting for actor with role_name='hero' ...
Waiting for actor with role_name='hero' ...
Waiting for actor with role_name='hero' ...
Waiting for actor with role_name='hero' ...
Waiting for actor with role_name='hero' ...
Waiting for actor with role_name='hero' ...
Waiting for actor with role_name='hero' ...
Waiting for actor with role_name='hero' ...
Waiting for actor with role_name='hero' ...
Waiting for actor with role_name='hero' ...
Waiting for actor with role_name='hero' ...
Waiting for actor with role_name='hero' ...
Waiting for actor with role_name='hero' ...
Waiting for actor with role_name='hero' ...
Waiting for actor with role_name='hero' ...
Waiting for actor with role_name='hero' ...
Waiting for actor with role_name='hero' ...
Waiting for actor with role_name='hero' ...
Waiting for actor with role_name='hero' ...
Waiting for actor with role_name='hero' ...
Waiting for actor with role_name='hero' ...
Waiting for actor with role_name='hero' ...
Waiting for actor with role_name='hero' ...
RGB attached actor=4990, camera=4994, world=2031160393206412568
First RGB image: frame=32654934, time=2.364
ffmpeg version 4.4.2-0ubuntu0.22.04.1 Copyright (c) 2000-2021 the FFmpeg developers
  built with gcc 11 (Ubuntu 11.2.0-19ubuntu1)
  configuration: --prefix=/usr --extra-version=0ubuntu0.22.04.1 --toolchain=hardened --libdir=/usr/lib/x86_64-linux-gnu --incdir=/usr/include/x86_64-linux-gnu --arch=amd64 --enable-gpl --disable-stripping --enable-gnutls --enable-ladspa --enable-libaom --enable-libass --enable-libbluray --enable-libbs2b --enable-libcaca --enable-libcdio --enable-libcodec2 --enable-libdav1d --enable-libflite --enable-libfontconfig --enable-libfreetype --enable-libfribidi --enable-libgme --enable-libgsm --enable-libjack --enable-libmp3lame --enable-libmysofa --enable-libopenjpeg --enable-libopenmpt --enable-libopus --enable-libpulse --enable-librabbitmq --enable-librubberband --enable-libshine --enable-libsnappy --enable-libsoxr --enable-libspeex --enable-libsrt --enable-libssh --enable-libtheora --enable-libtwolame --enable-libvidstab --enable-libvorbis --enable-libvpx --enable-libwebp --enable-libx265 --enable-libxml2 --enable-libxvid --enable-libzimg --enable-libzmq --enable-libzvbi --enable-lv2 --enable-omx --enable-openal --enable-opencl --enable-opengl --enable-sdl2 --enable-pocketsphinx --enable-librsvg --enable-libmfx --enable-libdc1394 --enable-libdrm --enable-libiec61883 --enable-chromaprint --enable-frei0r --enable-libx264 --enable-shared
  libavutil      56. 70.100 / 56. 70.100
  libavcodec     58.134.100 / 58.134.100
  libavformat    58. 76.100 / 58. 76.100
  libavdevice    58. 13.100 / 58. 13.100
  libavfilter     7.110.100 /  7.110.100
  libswscale      5.  9.100 /  5.  9.100
  libswresample   3.  9.100 /  3.  9.100
  libpostproc    55.  9.100 / 55.  9.100
Input #0, image2, from '/home/server/crash2openx_ads_stress_20260919/runs/run_expand_038_tight_ca3b8d47/outputs/scene/out/rgb_frames/frame_%06d.jpg':
  Duration: 00:01:16.65, start: 0.000000, bitrate: N/A
  Stream #0:0: Video: mjpeg (Baseline), yuvj420p(pc, bt470bg/unknown/unknown), 1280x720 [SAR 1:1 DAR 16:9], 20 fps, 20 tbr, 20 tbn, 20 tbc
Stream mapping:
  Stream #0:0 -> #0:0 (mjpeg (native) -> h264 (libx264))
Press [q] to stop, [?] for help
[swscaler @ 0x56864bfd4c00] deprecated pixel format used, make sure you did set range correctly
[libx264 @ 0x56864c0179c0] using SAR=1/1
[libx264 @ 0x56864c0179c0] using cpu capabilities: MMX2 SSE2Fast SSSE3 SSE4.2 AVX FMA3 BMI2 AVX2 AVX512
[libx264 @ 0x56864c0179c0] profile High, level 3.1, 4:2:0, 8-bit
[libx264 @ 0x56864c0179c0] 264 - core 163 r3060 5db6aa6 - H.264/MPEG-4 AVC codec - Copyleft 2003-2021 - http://www.videolan.org/x264.html - options: cabac=1 ref=3 deblock=1:0:0 analyse=0x3:0x113 me=hex subme=7 psy=1 psy_rd=1.00:0.00 mixed_ref=1 me_range=16 chroma_me=1 trellis=1 8x8dct=1 cqm=0 deadzone=21,11 fast_pskip=1 chroma_qp_offset=-2 threads=22 lookahead_threads=3 sliced_threads=0 nr=0 decimate=1 interlaced=0 bluray_compat=0 constrained_intra=0 bframes=3 b_pyramid=2 b_adapt=1 b_bias=0 direct=1 weightb=1 open_gop=0 weightp=2 keyint=250 keyint_min=20 scenecut=40 intra_refresh=0 rc_lookahead=40 rc=crf mbtree=1 crf=23.0 qcomp=0.60 qpmin=0 qpmax=69 qpstep=4 ip_ratio=1.40 aq=1:1.00
Output #0, mp4, to '/home/server/crash2openx_ads_stress_20260919/runs/run_expand_038_tight_ca3b8d47/outputs/scene/out/carla_rgb.mp4':
  Metadata:
    encoder         : Lavf58.76.100
  Stream #0:0: Video: h264 (avc1 / 0x31637661), yuv420p(tv, bt470bg/unknown/unknown, progressive), 1280x720 [SAR 1:1 DAR 16:9], q=2-31, 20 fps, 10240 tbn
    Metadata:
      encoder         : Lavc58.134.100 libx264
    Side data:
      cpb: bitrate max/min/avg: 0/0/0 buffer size: 0 vbv_delay: N/A
frame=    1 fps=0.0 q=0.0 size=       0kB time=00:00:00.00 bitrate=N/A speed=N/A    frame=  194 fps=0.0 q=28.0 size=     256kB time=00:00:06.25 bitrate= 335.6kbits/s speed=12.5x    frame=  399 fps=399 q=28.0 size=     768kB time=00:00:16.50 bitrate= 381.3kbits/s speed=16.5x    frame=  581 fps=387 q=28.0 size=    1024kB time=00:00:25.60 bitrate= 327.7kbits/s speed=  17x    frame=  785 fps=392 q=28.0 size=    1280kB time=00:00:35.80 bitrate= 292.9kbits/s speed=17.9x    frame=  977 fps=390 q=28.0 size=    1792kB time=00:00:45.40 bitrate= 323.4kbits/s speed=18.1x    frame= 1167 fps=388 q=28.0 size=    2048kB time=00:00:54.90 bitrate= 305.6kbits/s speed=18.3x    frame= 1368 fps=390 q=28.0 size=    2304kB time=00:01:04.95 bitrate= 290.6kbits/s speed=18.5x    frame= 1533 fps=382 q=-1.0 Lsize=    2945kB time=00:01:16.50 bitrate= 315.4kbits/s speed=  19x    
video:2926kB audio:0kB subtitle:0kB other streams:0kB global headers:0kB muxing overhead: 0.643468%
[libx264 @ 0x56864c0179c0] frame I:7     Avg QP:13.79  size: 18912
[libx264 @ 0x56864c0179c0] frame P:386   Avg QP:16.55  size:  3124
[libx264 @ 0x56864c0179c0] frame B:1140  Avg QP:18.41  size:  1454
[libx264 @ 0x56864c0179c0] consecutive B-frames:  0.8%  0.0%  0.0% 99.2%
[libx264 @ 0x56864c0179c0] mb I  I16..4: 26.4% 71.7%  1.9%
[libx264 @ 0x56864c0179c0] mb P  I16..4:  1.8%  4.7%  0.0%  P16..4: 20.3%  5.6%  2.2%  0.0%  0.0%    skip:65.4%
[libx264 @ 0x56864c0179c0] mb B  I16..4:  0.3%  0.5%  0.0%  B16..8: 21.0%  2.3%  0.0%  direct: 2.1%  skip:73.9%  L0:56.2% L1:43.5% BI: 0.3%
[libx264 @ 0x56864c0179c0] 8x8 transform intra:71.1% inter:95.4%
[libx264 @ 0x56864c0179c0] coded y,uvDC,uvAC intra: 12.0% 9.7% 1.8% inter: 1.2% 3.6% 0.1%
[libx264 @ 0x56864c0179c0] i16 v,h,dc,p: 34% 48% 10%  9%
[libx264 @ 0x56864c0179c0] i8 v,h,dc,ddl,ddr,vr,hd,vl,hu: 21% 20% 58%  0%  0%  0%  0%  0%  0%
[libx264 @ 0x56864c0179c0] i4 v,h,dc,ddl,ddr,vr,hd,vl,hu: 34% 37% 19%  1%  2%  1%  2%  1%  2%
[libx264 @ 0x56864c0179c0] i8c dc,h,v,p: 67% 21% 12%  1%
[libx264 @ 0x56864c0179c0] Weighted P-Frames: Y:0.0% UV:0.0%
[libx264 @ 0x56864c0179c0] ref P L0: 47.0%  0.5% 32.9% 19.6%
[libx264 @ 0x56864c0179c0] ref B L0: 60.0% 31.5%  8.5%
[libx264 @ 0x56864c0179c0] ref B L1: 81.3% 18.7%
[libx264 @ 0x56864c0179c0] kb/s:312.70
