[1/4] reusing existing CARLA at 127.0.0.1:2000
  set USE_EXISTING_CARLA=0 to force this script to start its own server
[2/4] waiting for CARLA 127.0.0.1:2000
WARNING: Version mismatch detected: You are trying to connect to a simulator that might be incompatible with this API 
WARNING: Client API version     = 78eb4c373 
WARNING: Simulator API version  = 0.9.16 
  connected: preloaded_map=Carla/Maps/OpenDriveMap, frame=62123
  scenario/map will be loaded in step [4/4] by demo.py
  waiting 5s for CARLA render/server warmup
[3/4] starting real CARLA RGB recorder
  actor role: hero
  frames: /home/server/crash2openx_ads_stress_20260919/runs/run_expand_120_critical_62b0c500/outputs/scene/out/rgb_frames
  log: /home/server/crash2openx_ads_stress_20260919/runs/run_expand_120_critical_62b0c500/outputs/scene/out/rgb_recorder.log
  pid: 868292
[4/4] running scenario
  output: /home/server/crash2openx_ads_stress_20260919/runs/run_expand_120_critical_62b0c500/outputs/scene/out
  ADS: agent=if_if, sut_actor=hero
  scenario: /home/server/crash2openx_ads_stress_20260919/runs/run_expand_120_critical_62b0c500/inputs/scenario.xosc
  opendrive: /home/server/crash2openx_ads_stress_20260919/runs/run_expand_120_critical_62b0c500/inputs/map.xodr
  log: /home/server/crash2openx_ads_stress_20260919/runs/run_expand_120_critical_62b0c500/outputs/scene/out/demo.log
WARNING: Version mismatch detected: You are trying to connect to a simulator that might be incompatible with this API 
WARNING: Client API version     = 78eb4c373 
WARNING: Simulator API version  = 0.9.16 
WARNING: Version mismatch detected: You are trying to connect to a simulator that might be incompatible with this API 
WARNING: Client API version     = 78eb4c373 
WARNING: Simulator API version  = 0.9.16 
WARNING:[SR:OpenScenarioConfiguration]: The /home/server/crash2openx_ads_stress_20260919/runs/run_expand_120_critical_62b0c500/outputs/scene/out/openscenarios/catalogs/VehicleCatalog.xosc path for the Vehicle Catalog is invalid
WARNING:[SR:OpenScenarioConfiguration]: The /home/server/crash2openx_ads_stress_20260919/runs/run_expand_120_critical_62b0c500/outputs/scene/out/openscenarios/catalogs/ControllerCatalog.xosc path for the Controller Catalog is invalid
WARNING:[SR:OpenScenarioConfiguration]: The /home/server/crash2openx_ads_stress_20260919/runs/run_expand_120_critical_62b0c500/outputs/scene/out/openscenarios/catalogs/PedestrianCatalog.xosc path for the Pedestrian Catalog is invalid
WARNING:[SR:OpenScenarioConfiguration]: The /home/server/crash2openx_ads_stress_20260919/runs/run_expand_120_critical_62b0c500/outputs/scene/out/openscenarios/catalogs/MiscObjectCatalog.xosc path for the MiscObject Catalog is invalid
WARNING:[SR:OpenScenarioConfiguration]: The /home/server/crash2openx_ads_stress_20260919/runs/run_expand_120_critical_62b0c500/outputs/scene/out/openscenarios/catalogs/EnvironmentCatalog.xosc path for the Environment Catalog is invalid
WARNING: Version mismatch detected: You are trying to connect to a simulator that might be incompatible with this API 
WARNING: Client API version     = 78eb4c373 
WARNING: Simulator API version  = 0.9.16 
WARNING: Version mismatch detected: You are trying to connect to a simulator that might be incompatible with this API 
WARNING: Client API version     = 78eb4c373 
WARNING: Simulator API version  = 0.9.16 
WARNING: No InMemoryMap cache found. Setting up local map. This may take a while... 
CARLA Host: 127.0.0.1
CARLA Port: 2000
Record Mode: False
Output File: /home/server/crash2openx_ads_stress_20260919/runs/run_expand_120_critical_62b0c500/outputs/scene/out/hero_pcla_route.xml
Case: disabled
Input Root: /home/server/crash2openx_ads_stress_20260919/runtime/input
Scenario File: /home/server/crash2openx_ads_stress_20260919/runs/run_expand_120_critical_62b0c500/inputs/scenario.xosc
Custom XODR: /home/server/crash2openx_ads_stress_20260919/runs/run_expand_120_critical_62b0c500/inputs/map.xodr
PCLA Agent: if_if
PCLA SUT: hero
Sync Route: False
Replay Control: npc
Disable Traffic Lights: True
Data Collection: True
Real Time Factor: 1.0
Post Run Hold: 0.0s
No Rendering: False
Record Video: False
Data Output: /home/server/crash2openx_ads_stress_20260919/runs/run_expand_120_critical_62b0c500/outputs/scene/out
--------------------------------------------------
已将运行时 OpenSCENARIO 的 RoadNetwork/LogicFile 指向自定义地图: /home/server/crash2openx_ads_stress_20260919/runs/run_expand_120_critical_62b0c500/inputs/map.xodr
Episode Output Dir: /home/server/crash2openx_ads_stress_20260919/runs/run_expand_120_critical_62b0c500/outputs/scene/out
Route sync: generating OpenDRIVE world from /home/server/crash2openx_ads_stress_20260919/runs/run_expand_120_critical_62b0c500/inputs/map.xodr
PCLA SUT route: preserving 63 generated AssignRouteAction waypoints for hero.
PCLA full route: preserving supplied start position, heading and route geometry.
PCLA SUT route 已从 hero 原始轨迹生成: /home/server/crash2openx_ads_stress_20260919/runs/run_expand_120_critical_62b0c500/outputs/scene/out/hero_pcla_route.xml
PCLA SUT route mode=endpoints, spacing=2.00m, waypoints=63 (before densify=63), PCLA SUT route start=(231.75, 60.02) end=(231.75, -60.02)
Replay mode: 跳过 PCLA route 生成、hero controller 写入和 ActEnd 终点同步。
Replay mode: 已为 hero 启用 PCLA external_control，agent=if_if。
Replay mode: ego vehicle 已切换为 hero: {'hero': 'ego_vehicle', 'bus': 'simulation'}
Replay mode: 已将 hero 的 0 个 Init TeleportAction 同步到 PCLA route 起点，start_offset=0.00m, route_mode=endpoints, route_spacing=2.00m, min_z=0.50。
Replay mode: 已移除 hero 的 0 个 FollowTrajectory ManeuverGroup，避免覆盖 ADS 控制。
Replay mode: 已移除其他 actor 的 0 个 external_control ControllerAction。
已将同步后的 OpenSCENARIO 写入运行时文件: /home/server/crash2openx_ads_stress_20260919/runs/run_expand_120_critical_62b0c500/outputs/scene/out/scenario.runtime.xosc
数据收集器已创建，场景名称: scenario
开始运行评估...
数据收集器已传递给ScenarioRunner
Loading custom OpenDRIVE map: /home/server/crash2openx_ads_stress_20260919/runs/run_expand_120_critical_62b0c500/inputs/map.xodr
Global traffic lights disabled: 0 lights forced to GREEN
Preparing scenario: scene_seed_block_scenario
Hero road waypoint: pos=(231.75, 60.02), yaw=-450.0°
Route endpoint selection: configured route file
Endpoint used for routing: (231.75, -60.02)
Configured route file: /home/server/crash2openx_ads_stress_20260919/runs/run_expand_120_critical_62b0c500/outputs/scene/out/hero_pcla_route.xml
Configured route endpoint: (231.75, -60.02)
PCLA route debug file: /home/server/crash2openx_ads_stress_20260919/runs/run_expand_120_critical_62b0c500/outputs/scene/out/hero_pcla_route_debug.jsonl
PCLA: setting up agent 'if_if'
pygame 2.5.2 (SDL 2.28.2, Python 3.8.18)
Hello from the pygame community. https://www.pygame.org/contribute.html
PCLA_INFERENCE_DEVICE=cpu
load model: /home/server/crash2openx_ads_stress_20260919/runtime/PCLA/pcla_agents/interfuser/../interfuser_pretrained/interfuser.pth.tar
PCLA_MODEL_PARAMETER_DEVICE=cpu
hero_pcla_route_09_19_14_04_37
PCLA: agent 'if_if' loaded
PCLA: route loaded for agent 'if_if'
PCLA: sensors ready for agent 'if_if'
PCLA_GNSS_CALIBRATION={"georeference": "+proj=tmerc +lat_0=0 +lon_0=0 +k=1 +x_0=0 +y_0=0 +datum=WGS84 +units=m +no_defs", "validation_bounds_xy": [201.75, 261.75, -90.02000045776367, 90.02000045776367], "native_gps_jacobian_per_m": [[0.0, 8.986747534274233e-06], [8.986747534182116e-06, 0.0]], "max_probe_error_m": 3.829137118949317e-06, "source": "Actual GNSS samples; fixed calibration from map coordinate transforms only", "noise_preserved": true, "vehicle_ground_truth_used": false}
PCLA Agent 'if_if' setup complete for ExternalControl.
Route: Start(231.75, 60.02) -> End(231.75, -60.02)
Spectator view set to overhead position: Location(x=231.750000, y=60.020004, z=50.022926)
Overhead observation camera setup complete
Data collector initialized: /home/server/crash2openx_ads_stress_20260919/runs/run_expand_120_critical_62b0c500/outputs/scene/out
数据收集器已初始化
ScenarioManager: Running scenario scene_seed_block_scenario
C2X_GENERATED_LANE_ROUTE actor_id=111 points=48 source=compiled_CARLA_roadgraph
PCLA_GNSS_ADAPTER_SAMPLE={"frame": 67429, "tag": "gps", "native_gps": [0.0005405380479476977, 0.002084504289279024, -0.0036329887707324815], "route_convention_gps": [-0.0005403218330712889, 0.0020836704880229915, -0.0036329887707324815]}
PCLA_NAV_AUDIT={"step": 0, "timestamp": 0.05000000074505806, "raw_gps": [-0.0005403218330712889, 0.0020836704880229915], "compass_rad": 0.0003452669770922512, "planner_position": [-60.151115519105474, 231.95313802383913], "target_local": [-0.22114362657240388, -52.150674624180134], "command": 4, "remaining_route_points": 4, "next_route_points": [[-60.022762571376525, 231.75000031587098], [-8.000367649757688, 231.75000031587098], [44.022027270279125, 231.75000031587098]], "actual_transform": {"x": 231.75, "y": 60.02000427246094, "yaw": -89.99996185302734}, "sensor_frames": {"speed": 0, "imu": 67429, "gps": 67429, "lidar": 67429, "rgb": 67429, "rgb_left": 67429, "rgb_right": 67429}}
PCLA_GNSS_ADAPTER_SAMPLE={"frame": 67449, "tag": "gps", "native_gps": [0.0005317061135647472, 0.002087132654459839, 0.004068411480147915], "route_convention_gps": [-0.0005314934314668562, 0.002086297801859497, 0.004068411480147915]}
PCLA_NAV_AUDIT={"step": 20, "timestamp": 1.0500000156462193, "raw_gps": [-0.0005314934314668562, 0.002086297801859497], "compass_rad": 0.0, "planner_position": [-59.16829718333924, 232.2456092626717], "target_local": [-0.4956089468007261, -51.16792953358156], "command": 4, "remaining_route_points": 4, "next_route_points": [[-60.022762571376525, 231.75000031587098], [-8.000367649757688, 231.75000031587098], [44.022027270279125, 231.75000031587098]], "actual_transform": {"x": 231.75015258789062, "y": 59.96944046020508, "yaw": -90.02230834960938}, "sensor_frames": {"imu": 67449, "gps": 67449, "lidar": 67449, "speed": 67449, "rgb": 67449, "rgb_left": 67449, "rgb_right": 67449}}
PCLA_GNSS_ADAPTER_SAMPLE={"frame": 67469, "tag": "gps", "native_gps": [0.0005188411341752635, 0.0020890636783642094, 0.0009304388549935538], "route_convention_gps": [-0.000518633598062479, 0.0020882280533556005, 0.0009304388549935538]}
PCLA_NAV_AUDIT={"step": 40, "timestamp": 2.0500000305473804, "raw_gps": [-0.000518633598062479, 0.0020882280533556005], "compass_rad": 6.282413482666016, "planner_position": [-57.73668128829713, 232.46048387661375], "target_local": [-0.6720956468510754, -49.73684719282811], "command": 4, "remaining_route_points": 4, "next_route_points": [[-60.022762571376525, 231.75000031587098], [-8.000367649757688, 231.75000031587098], [44.022027270279125, 231.75000031587098]], "actual_transform": {"x": 231.74769592285156, "y": 57.566654205322266, "yaw": -90.05416870117188}, "sensor_frames": {"imu": 67469, "gps": 67469, "lidar": 67469, "speed": 67469, "rgb": 67469, "rgb_left": 67469, "rgb_right": 67469}}
PCLA_GNSS_ADAPTER_SAMPLE={"frame": 67489, "tag": "gps", "native_gps": [0.00047594555502485184, 0.0020811106737571006, 0.003200459884396878], "route_convention_gps": [-0.00047575517710640725, 0.002080278229945001, 0.003200459884396878]}
PCLA_NAV_AUDIT={"step": 60, "timestamp": 3.0500000454485416, "raw_gps": [-0.00047575517710640725, 0.002080278229945001], "compass_rad": 6.273979187011719, "planner_position": [-52.963257942538654, 231.57551358144318], "target_local": [0.5884072645311225, -44.959378621064104], "command": 4, "remaining_route_points": 4, "next_route_points": [[-60.022762571376525, 231.75000031587098], [-8.000367649757688, 231.75000031587098], [44.022027270279125, 231.75000031587098]], "actual_transform": {"x": 231.73146057128906, "y": 53.197479248046875, "yaw": -90.52012634277344}, "sensor_frames": {"imu": 67489, "gps": 67489, "lidar": 67489, "speed": 67489, "rgb": 67489, "rgb_left": 67489, "rgb_right": 67489}}
PCLA_GNSS_ADAPTER_SAMPLE={"frame": 67509, "tag": "gps", "native_gps": [0.00043457823035296064, 0.002079973043266937, 0.004084268072801933], "route_convention_gps": [-0.0004344043993427249, 0.002079141054506271, 0.004084268072801933]}
PCLA_NAV_AUDIT={"step": 80, "timestamp": 4.050000060349703, "raw_gps": [-0.0004344043993427249, 0.002079141054506271], "compass_rad": 6.2731547355651855, "planner_position": [-48.359898874240656, 231.44892379048858], "target_local": [0.7058837593333118, -40.35448098851553], "command": 4, "remaining_route_points": 4, "next_route_points": [[-60.022762571376525, 231.75000031587098], [-8.000367649757688, 231.75000031587098], [44.022027270279125, 231.75000031587098]], "actual_transform": {"x": 231.68272399902344, "y": 48.342864990234375, "yaw": -90.54796600341797}, "sensor_frames": {"gps": 67509, "imu": 67509, "lidar": 67509, "speed": 67509, "rgb": 67509, "rgb_left": 67509, "rgb_right": 67509}}
PCLA_GNSS_ADAPTER_SAMPLE={"frame": 67529, "tag": "gps", "native_gps": [0.00039945165346844065, 0.002076123454876103, 0.0037343347538012495], "route_convention_gps": [-0.0003992918730659767, 0.0020752930059482113, 0.0037343347538012495]}
PCLA_NAV_AUDIT={"step": 100, "timestamp": 5.050000075250864, "raw_gps": [-0.0003992918730659767, 0.0020752930059482113], "compass_rad": 6.27079439163208, "planner_position": [-44.45101069877126, 231.02056098387374], "target_local": [1.1810286178122185, -36.43880667406077], "command": 4, "remaining_route_points": 4, "next_route_points": [[-60.022762571376525, 231.75000031587098], [-8.000367649757688, 231.75000031587098], [44.022027270279125, 231.75000031587098]], "actual_transform": {"x": 231.62767028808594, "y": 43.37468719482422, "yaw": -90.75531005859375}, "sensor_frames": {"imu": 67529, "gps": 67529, "lidar": 67529, "speed": 67529, "rgb": 67529, "rgb_left": 67529, "rgb_right": 67529}}
PCLA_GNSS_ADAPTER_SAMPLE={"frame": 67549, "tag": "gps", "native_gps": [0.00035531577387406914, 0.0020823565862618486, 0.004055019293446094], "route_convention_gps": [-0.0003551736477902523, 0.0020815236440855827, 0.004055019293446094]}
PCLA_NAV_AUDIT={"step": 120, "timestamp": 6.050000090152025, "raw_gps": [-0.0003551736477902523, 0.0020815236440855827], "compass_rad": 6.269684791564941, "planner_position": [-39.539566624831934, 231.71415244958843], "target_local": [0.46162711327536793, -31.53584083970381], "command": 4, "remaining_route_points": 4, "next_route_points": [[-60.022762571376525, 231.75000031587098], [-8.000367649757688, 231.75000031587098], [44.022027270279125, 231.75000031587098]], "actual_transform": {"x": 231.5684356689453, "y": 38.48184585571289, "yaw": -90.76620483398438}, "sensor_frames": {"imu": 67549, "gps": 67549, "lidar": 67549, "speed": 67549, "rgb": 67549, "rgb_left": 67549, "rgb_right": 67549}}
PCLA_GNSS_ADAPTER_SAMPLE={"frame": 67569, "tag": "gps", "native_gps": [0.0003077600222699896, 0.00208130721179787, 0.003932797889092399], "route_convention_gps": [-0.0003076369184640271, 0.0020804746893706865, 0.003932797889092399]}
PCLA_NAV_AUDIT={"step": 140, "timestamp": 7.050000105053186, "raw_gps": [-0.0003076369184640271, 0.0020804746893706865], "compass_rad": 0.0014648438664153218, "planner_position": [-34.24755893221486, 231.59738334470183], "target_local": [0.11416878401826398, -26.247386682230673], "command": 4, "remaining_route_points": 4, "next_route_points": [[-60.022762571376525, 231.75000031587098], [-8.000367649757688, 231.75000031587098], [44.022027270279125, 231.75000031587098]], "actual_transform": {"x": 231.55262756347656, "y": 33.58328628540039, "yaw": -89.85324096679688}, "sensor_frames": {"imu": 67569, "gps": 67569, "lidar": 67569, "speed": 67569, "rgb": 67569, "rgb_left": 67569, "rgb_right": 67569}}
PCLA_GNSS_ADAPTER_SAMPLE={"frame": 67589, "tag": "gps", "native_gps": [0.0002671590980130658, 0.0020804620247635956, 0.0037479583195363375], "route_convention_gps": [-0.00026705223454825955, 0.0020796298404106585, 0.0037479583195363375]}
PCLA_NAV_AUDIT={"step": 160, "timestamp": 8.050000119954348, "raw_gps": [-0.00026705223454825955, 0.0020796298404106585], "compass_rad": 0.010613851249217987, "planner_position": [-29.729484960176, 231.5033351885461], "target_local": [0.016025944853289627, -21.730511405488148], "command": 4, "remaining_route_points": 4, "next_route_points": [[-60.022762571376525, 231.75000031587098], [-8.000367649757688, 231.75000031587098], [44.022027270279125, 231.75000031587098]], "actual_transform": {"x": 231.5998992919922, "y": 28.631412506103516, "yaw": -89.3675537109375}, "sensor_frames": {"gps": 67589, "imu": 67589, "lidar": 67589, "speed": 67589, "rgb": 67589, "rgb_left": 67589, "rgb_right": 67589}}
PCLA_GNSS_ADAPTER_SAMPLE={"frame": 67609, "tag": "gps", "native_gps": [0.00021158413694903234, 0.0020808515590859077, 0.004116963737487822], "route_convention_gps": [-0.00021149950343613, 0.002080019218919503, 0.004116963737487822]}
PCLA_NAV_AUDIT={"step": 180, "timestamp": 9.050000134855509, "raw_gps": [-0.00021149950343613, 0.002080019218919503], "compass_rad": 0.0063757747411727905, "planner_position": [-23.5450990220149, 231.5466806059356], "target_local": [0.10420654325874533, -15.545711734636914], "command": 4, "remaining_route_points": 4, "next_route_points": [[-60.022762571376525, 231.75000031587098], [-8.000367649757688, 231.75000031587098], [44.022027270279125, 231.75000031587098]], "actual_transform": {"x": 231.64015197753906, "y": 23.73102569580078, "yaw": -89.66934204101562}, "sensor_frames": {"imu": 67609, "gps": 67609, "lidar": 67609, "speed": 67609, "rgb": 67609, "rgb_left": 67609, "rgb_right": 67609}}
PCLA_GNSS_ADAPTER_SAMPLE={"frame": 67629, "tag": "gps", "native_gps": [0.00017469708502789634, 0.0020882971067959846, 0.003450846875693969], "route_convention_gps": [-0.00017462720632011042, 0.0020874617884154892, 0.003450846875693969]}
PCLA_NAV_AUDIT={"step": 200, "timestamp": 10.05000014975667, "raw_gps": [-0.00017462720632011042, 0.0020874617884154892], "compass_rad": 0.0073486086912453175, "planner_position": [-19.440305050108442, 232.37518365355155], "target_local": [-0.7092333239379304, -11.435034325347404], "command": 4, "remaining_route_points": 4, "next_route_points": [[-60.022762571376525, 231.75000031587098], [-8.000367649757688, 231.75000031587098], [44.022027270279125, 231.75000031587098]], "actual_transform": {"x": 231.66424560546875, "y": 18.792030334472656, "yaw": -89.5902099609375}, "sensor_frames": {"imu": 67629, "gps": 67629, "lidar": 67629, "speed": 67629, "rgb": 67629, "rgb_left": 67629, "rgb_right": 67629}}
PCLA_GNSS_ADAPTER_SAMPLE={"frame": 67649, "tag": "gps", "native_gps": [0.0001251390572047616, 0.002088560555886182, 0.003974428985657141], "route_convention_gps": [-0.00012508900167063075, 0.002087725132126227, 0.003974428985657141]}
PCLA_NAV_AUDIT={"step": 220, "timestamp": 11.050000164657831, "raw_gps": [-0.00012508900167063075, 0.002087725132126227], "compass_rad": 0.009580806829035282, "planner_position": [-13.92548390445469, 232.40449894137444], "target_local": [-0.7112351127260057, -5.918573789088566], "command": 4, "remaining_route_points": 4, "next_route_points": [[-60.022762571376525, 231.75000031587098], [-8.000367649757688, 231.75000031587098], [44.022027270279125, 231.75000031587098]], "actual_transform": {"x": 231.7034912109375, "y": 13.852787017822266, "yaw": -89.39297485351562}, "sensor_frames": {"imu": 67649, "gps": 67649, "lidar": 67649, "speed": 67649, "rgb": 67649, "rgb_left": 67649, "rgb_right": 67649}}
PCLA_GNSS_ADAPTER_SAMPLE={"frame": 67669, "tag": "gps", "native_gps": [7.844393951591634e-05, 0.0020864940432289694, 0.0038624820999757503], "route_convention_gps": [-7.841256199014879e-05, 0.002085659446072691, 0.0038624820999757503]}
PCLA_NAV_AUDIT={"step": 240, "timestamp": 12.050000179558992, "raw_gps": [-7.841256199014879e-05, 0.002085659446072691], "compass_rad": 0.0023417151533067226, "planner_position": [-8.729247618236002, 232.17454782144264], "target_local": [-0.5480746884068298, -52.75013608592969], "command": 4, "remaining_route_points": 3, "next_route_points": [[-8.000367649757688, 231.75000031587098], [44.022027270279125, 231.75000031587098], [60.022762571376525, 231.75000031587098]], "actual_transform": {"x": 231.7073974609375, "y": 8.944555282592773, "yaw": -89.84375}, "sensor_frames": {"imu": 67669, "gps": 67669, "lidar": 67669, "speed": 67669, "rgb": 67669, "rgb_left": 67669, "rgb_right": 67669}}
PCLA_GNSS_ADAPTER_SAMPLE={"frame": 67689, "tag": "gps", "native_gps": [3.6630712928088546e-05, 0.0020739859977986826, 0.0036438897062538445], "route_convention_gps": [-3.661606066884815e-05, 0.0020731564038521887, 0.0036438897062538445]}
PCLA_NAV_AUDIT={"step": 260, "timestamp": 13.050000194460154, "raw_gps": [-3.661606066884815e-05, 0.0020731564038521887], "compass_rad": 0.008257608860731125, "planner_position": [-4.076268550221377, 230.78271552619248], "target_local": [0.5700794112292373, -48.10464333269307], "command": 4, "remaining_route_points": 3, "next_route_points": [[-8.000367649757688, 231.75000031587098], [44.022027270279125, 231.75000031587098], [60.022762571376525, 231.75000031587098]], "actual_transform": {"x": 231.74038696289062, "y": 4.007514476776123, "yaw": -89.55931854248047}, "sensor_frames": {"imu": 67689, "gps": 67689, "lidar": 67689, "speed": 67689, "rgb": 67689, "rgb_left": 67689, "rgb_right": 67689}}
PCLA_GNSS_ADAPTER_SAMPLE={"frame": 67709, "tag": "gps", "native_gps": [-9.430209467005044e-06, 0.0020926985837600868, 0.004043418016749456], "route_convention_gps": [9.42643738710558e-06, 0.0020918615047917574, 0.004043418016749456]}
PCLA_NAV_AUDIT={"step": 280, "timestamp": 14.050000209361315, "raw_gps": [9.42643738710558e-06, 0.0020918615047917574], "compass_rad": 6.281391620635986, "planner_position": [1.0493944340216812, 232.86495784086011], "target_local": [-1.0378763394767798, -42.97456359134174], "command": 4, "remaining_route_points": 3, "next_route_points": [[-8.000367649757688, 231.75000031587098], [44.022027270279125, 231.75000031587098], [60.022762571376525, 231.75000031587098]], "actual_transform": {"x": 231.749755859375, "y": -0.9145896434783936, "yaw": -90.1275634765625}, "sensor_frames": {"imu": 67709, "gps": 67709, "lidar": 67709, "speed": 67709, "rgb": 67709, "rgb_left": 67709, "rgb_right": 67709}}
PCLA_GNSS_ADAPTER_SAMPLE={"frame": 67729, "tag": "gps", "native_gps": [-4.907966241477865e-05, 0.0020822324677136394, 0.003989259949989332], "route_convention_gps": [4.90600305766975e-05, 0.0020813995751847096, 0.003989259949989332]}
PCLA_NAV_AUDIT={"step": 300, "timestamp": 15.050000224262476, "raw_gps": [4.90600305766975e-05, 0.0020813995751847096], "compass_rad": 6.268040657043457, "planner_position": [5.461588605101633, 231.7003411627011], "target_local": [0.6336154874753931, -38.55526458859335], "command": 4, "remaining_route_points": 3, "next_route_points": [[-8.000367649757688, 231.75000031587098], [44.022027270279125, 231.75000031587098], [60.022762571376525, 231.75000031587098]], "actual_transform": {"x": 231.69422912597656, "y": -5.803230285644531, "yaw": -90.96343994140625}, "sensor_frames": {"imu": 67729, "gps": 67729, "lidar": 67729, "speed": 67729, "rgb": 67729, "rgb_left": 67729, "rgb_right": 67729}}
PCLA_GNSS_ADAPTER_SAMPLE={"frame": 67749, "tag": "gps", "native_gps": [-9.968719538594014e-05, 0.002078809032282679, 0.0034216657802517148], "route_convention_gps": [9.964732056744197e-05, 0.002077977509125626, 0.0034216657802517148]}
PCLA_NAV_AUDIT={"step": 320, "timestamp": 16.050000239163637, "raw_gps": [9.964732056744197e-05, 0.002077977509125626], "compass_rad": 6.238855838775635, "planner_position": [11.09319876369074, 231.3193985110238], "target_local": [1.8894182135484017, -32.877397456990984], "command": 4, "remaining_route_points": 3, "next_route_points": [[-8.000367649757688, 231.75000031587098], [44.022027270279125, 231.75000031587098], [60.022762571376525, 231.75000031587098]], "actual_transform": {"x": 231.50418090820312, "y": -10.741211891174316, "yaw": -92.5953598022461}, "sensor_frames": {"gps": 67749, "imu": 67749, "lidar": 67749, "speed": 67749, "rgb": 67749, "rgb_left": 67749, "rgb_right": 67749}}
PCLA_GNSS_ADAPTER_SAMPLE={"frame": 67769, "tag": "gps", "native_gps": [-0.00012554789326016806, 0.0020821194688848458, 0.0012654532897613535], "route_convention_gps": [0.00012549767419045565, 0.002081286621555372, 0.0012654532897613535]}
PCLA_NAV_AUDIT={"step": 340, "timestamp": 17.0500002540648, "raw_gps": [0.00012549767419045565, 0.002081286621555372], "compass_rad": 5.782468795776367, "planner_position": [13.970979211963815, 231.68776722218288], "target_local": [14.480725523249129, -26.33207076326219], "command": 4, "remaining_route_points": 3, "next_route_points": [[-8.000367649757688, 231.75000031587098], [44.022027270279125, 231.75000031587098], [60.022762571376525, 231.75000031587098]], "actual_transform": {"x": 231.57505798339844, "y": -14.95788288116455, "yaw": -120.23490142822266}, "sensor_frames": {"imu": 67769, "gps": 67769, "lidar": 67769, "speed": 67769, "rgb": 67769, "rgb_left": 67769, "rgb_right": 67769}}
PCLA_GNSS_ADAPTER_SAMPLE={"frame": 67789, "tag": "gps", "native_gps": [-0.00015005511807791543, 0.0020590952989152653, 0.002614815553670269], "route_convention_gps": [0.00014999509612323436, 0.0020582716612383384, 0.002614815553670269]}
PCLA_NAV_AUDIT={"step": 360, "timestamp": 18.05000026896596, "raw_gps": [0.00014999509612323436, 0.0020582716612383384], "compass_rad": 5.324827671051025, "planner_position": [16.698145072027113, 229.12575355557132], "target_local": [23.866313213465464, -13.560247159976852], "command": 4, "remaining_route_points": 3, "next_route_points": [[-8.000367649757688, 231.75000031587098], [44.022027270279125, 231.75000031587098], [60.022762571376525, 231.75000031587098]], "actual_transform": {"x": 230.2642364501953, "y": -17.516386032104492, "yaw": -145.72628784179688}, "sensor_frames": {"gps": 67789, "imu": 67789, "lidar": 67789, "speed": 67789, "rgb": 67789, "rgb_left": 67789, "rgb_right": 67789}}
ERROR: failed to destroy actor 125 : unable to destroy actor: not found 
ERROR: failed to destroy actor 120 : unable to destroy actor: not found 
WARNING: attempting to unsubscribe from stream but sensor wasn't listening: Actor 119 (sensor.camera.rgb) 
ERROR: failed to destroy actor 119 : unable to destroy actor: not found 
ERROR: failed to destroy actor 121 : unable to destroy actor: not found 
ERROR: failed to destroy actor 122 : unable to destroy actor: not found 
ERROR: failed to destroy actor 123 : unable to destroy actor: not found 
ScenarioManager: duration system=55.44s, simulation=18.40s, real_time_factor=0.33
Data artifacts saved under: /home/server/crash2openx_ads_stress_20260919/runs/run_expand_120_critical_62b0c500/outputs/scene/out
数据收集摘要:
  scenario_name: scenario
  episode_dir: /home/server/crash2openx_ads_stress_20260919/runs/run_expand_120_critical_62b0c500/outputs/scene/out
  total_ticks: 368
  stored_frame_rows: 368
  duration_seconds: 56.077
  final_route_completion: 63.329
  min_ttc: {'value': 1.334846, 'frame': 67754, 'simulation_time': 18.468929, 'other_actor_id': 111, 'other_actor_type_id': 'vehicle.mitsubishi.fusorosa'}
  min_distance: {'value': 5.732082, 'frame': 67795, 'simulation_time': 20.518929, 'other_actor_id': 111, 'other_actor_type_id': 'vehicle.mitsubishi.fusorosa'}
  max_long_jerk: {'value': 497.275173, 'frame': 67482, 'simulation_time': 4.868929}
  max_lat_jerk: {'value': -782.611568, 'frame': 67756, 'simulation_time': 18.568929}
  unsafe_exposure_time: 0.15
  off_road_time: 0.0
  opposite_lane_occupancy_time: 0.0
  blocked_time: 0.0
  collision_count: 40
  geometric_overlap_count: 1
  collision_evidence: carla_collision_sensor
  expected_contact_sequence: []
  early_exit_on_first_sut_contact: True
  lane_invasion_count: 0
  red_light_violation_count: 0
  stop_sign_violation_count: 0
  termination_reason: collision_exit
  scenario_tree_status: Status.RUNNING
  criteria: [{'name': 'RunningStopTest', 'test_status': 'SUCCESS', 'actual_value': 0, 'success_value': 0, 'units': 'times'}, {'name': 'RunningRedLightTest', 'test_status': 'SUCCESS', 'actual_value': 0, 'success_value': 0, 'units': 'times'}, {'name': 'WrongLaneTest', 'test_status': 'SUCCESS', 'actual_value': 0, 'success_value': 0, 'units': 'times'}, {'name': 'OnSidewalkTest', 'test_status': 'SUCCESS', 'actual_value': 0, 'success_value': 0, 'units': 'times'}, {'name': 'CheckKeepLane', 'test_status': 'SUCCESS', 'actual_value': 0, 'success_value': 0, 'units': 'times'}, {'name': 'CollisionTest', 'test_status': 'FAILURE', 'actual_value': 1, 'success_value': 0, 'units': 'times'}, {'name': 'CheckDrivenDistance', 'test_status': 'FAILURE', 'actual_value': 78.37, 'success_value': 100.0, 'units': 'times'}]
  video_path: None
  collision_sensor_actor_ids: [110, 111]
  sensor_cleanup_errors: []
  sensor_cleanup_status: complete
[cleanup] stopping RGB recorder pid=868292
Encoding real CARLA RGB video from 366 frames...

Done.
  run dir: /home/server/crash2openx_ads_stress_20260919/runs/run_expand_120_critical_62b0c500/outputs/scene/out
  real carla rgb video: /home/server/crash2openx_ads_stress_20260919/runs/run_expand_120_critical_62b0c500/outputs/scene/out/carla_rgb.mp4
  carla log: /home/server/crash2openx_ads_stress_20260919/runs/run_expand_120_critical_62b0c500/outputs/scene/out/carla.log
  demo log: /home/server/crash2openx_ads_stress_20260919/runs/run_expand_120_critical_62b0c500/outputs/scene/out/demo.log
  rgb recorder log: /home/server/crash2openx_ads_stress_20260919/runs/run_expand_120_critical_62b0c500/outputs/scene/out/rgb_recorder.log
  rgb frames: /home/server/crash2openx_ads_stress_20260919/runs/run_expand_120_critical_62b0c500/outputs/scene/out/rgb_frames
