pygame 2.5.2 (SDL 2.28.2, Python 3.8.18)
Hello from the pygame community. https://www.pygame.org/contribute.html
WARNING: Version mismatch detected: You are trying to connect to a simulator that might be incompatible with this API 
WARNING: Client API version     = 78eb4c373 
WARNING: Simulator API version  = 0.9.16 
Connected to CARLA 127.0.0.1:2000, map=Carla/Maps/OpenDriveMap, mode=rgb
Waiting for actor with role_name='hero' ...
Waiting for actor with role_name='hero' ...
Waiting for actor with role_name='hero' ...
Waiting for actor with role_name='hero' ...
Waiting for actor with role_name='hero' ...
Waiting for actor with role_name='hero' ...
Waiting for actor with role_name='hero' ...
Waiting for actor with role_name='hero' ...
Waiting for actor with role_name='hero' ...
Waiting for actor with role_name='hero' ...
Waiting for actor with role_name='hero' ...
Waiting for actor with role_name='hero' ...
Waiting for actor with role_name='hero' ...
Waiting for actor with role_name='hero' ...
Waiting for actor with role_name='hero' ...
Waiting for actor with role_name='hero' ...
Waiting for actor with role_name='hero' ...
Waiting for actor with role_name='hero' ...
Waiting for actor with role_name='hero' ...
Waiting for actor with role_name='hero' ...
Waiting for actor with role_name='hero' ...
Waiting for actor with role_name='hero' ...
Waiting for actor with role_name='hero' ...
Waiting for actor with role_name='hero' ...
Waiting for actor with role_name='hero' ...
Waiting for actor with role_name='hero' ...
Waiting for actor with role_name='hero' ...
Waiting for actor with role_name='hero' ...
Waiting for actor with role_name='hero' ...
Waiting for actor with role_name='hero' ...
Waiting for actor with role_name='hero' ...
Waiting for actor with role_name='hero' ...
Waiting for actor with role_name='hero' ...
RGB attached actor=110, camera=112, world=4888345583580986255
First RGB image: frame=67429, time=2.219
WARNING: attempting to destroy an actor that is already dead: Actor 112 (sensor.camera.rgb) 
ffmpeg version 4.4.2-0ubuntu0.22.04.1 Copyright (c) 2000-2021 the FFmpeg developers
  built with gcc 11 (Ubuntu 11.2.0-19ubuntu1)
  configuration: --prefix=/usr --extra-version=0ubuntu0.22.04.1 --toolchain=hardened --libdir=/usr/lib/x86_64-linux-gnu --incdir=/usr/include/x86_64-linux-gnu --arch=amd64 --enable-gpl --disable-stripping --enable-gnutls --enable-ladspa --enable-libaom --enable-libass --enable-libbluray --enable-libbs2b --enable-libcaca --enable-libcdio --enable-libcodec2 --enable-libdav1d --enable-libflite --enable-libfontconfig --enable-libfreetype --enable-libfribidi --enable-libgme --enable-libgsm --enable-libjack --enable-libmp3lame --enable-libmysofa --enable-libopenjpeg --enable-libopenmpt --enable-libopus --enable-libpulse --enable-librabbitmq --enable-librubberband --enable-libshine --enable-libsnappy --enable-libsoxr --enable-libspeex --enable-libsrt --enable-libssh --enable-libtheora --enable-libtwolame --enable-libvidstab --enable-libvorbis --enable-libvpx --enable-libwebp --enable-libx265 --enable-libxml2 --enable-libxvid --enable-libzimg --enable-libzmq --enable-libzvbi --enable-lv2 --enable-omx --enable-openal --enable-opencl --enable-opengl --enable-sdl2 --enable-pocketsphinx --enable-librsvg --enable-libmfx --enable-libdc1394 --enable-libdrm --enable-libiec61883 --enable-chromaprint --enable-frei0r --enable-libx264 --enable-shared
  libavutil      56. 70.100 / 56. 70.100
  libavcodec     58.134.100 / 58.134.100
  libavformat    58. 76.100 / 58. 76.100
  libavdevice    58. 13.100 / 58. 13.100
  libavfilter     7.110.100 /  7.110.100
  libswscale      5.  9.100 /  5.  9.100
  libswresample   3.  9.100 /  3.  9.100
  libpostproc    55.  9.100 / 55.  9.100
Input #0, image2, from '/home/server/crash2openx_ads_stress_20260919/runs/run_expand_120_critical_62b0c500/outputs/scene/out/rgb_frames/frame_%06d.jpg':
  Duration: 00:00:18.30, start: 0.000000, bitrate: N/A
  Stream #0:0: Video: mjpeg (Baseline), yuvj420p(pc, bt470bg/unknown/unknown), 1280x720 [SAR 1:1 DAR 16:9], 20 fps, 20 tbr, 20 tbn, 20 tbc
Stream mapping:
  Stream #0:0 -> #0:0 (mjpeg (native) -> h264 (libx264))
Press [q] to stop, [?] for help
[swscaler @ 0x560ad526de80] deprecated pixel format used, make sure you did set range correctly
[libx264 @ 0x560ad4e5ed40] using SAR=1/1
[libx264 @ 0x560ad4e5ed40] using cpu capabilities: MMX2 SSE2Fast SSSE3 SSE4.2 AVX FMA3 BMI2 AVX2 AVX512
[libx264 @ 0x560ad4e5ed40] profile High, level 3.1, 4:2:0, 8-bit
[libx264 @ 0x560ad4e5ed40] 264 - core 163 r3060 5db6aa6 - H.264/MPEG-4 AVC codec - Copyleft 2003-2021 - http://www.videolan.org/x264.html - options: cabac=1 ref=3 deblock=1:0:0 analyse=0x3:0x113 me=hex subme=7 psy=1 psy_rd=1.00:0.00 mixed_ref=1 me_range=16 chroma_me=1 trellis=1 8x8dct=1 cqm=0 deadzone=21,11 fast_pskip=1 chroma_qp_offset=-2 threads=22 lookahead_threads=3 sliced_threads=0 nr=0 decimate=1 interlaced=0 bluray_compat=0 constrained_intra=0 bframes=3 b_pyramid=2 b_adapt=1 b_bias=0 direct=1 weightb=1 open_gop=0 weightp=2 keyint=250 keyint_min=20 scenecut=40 intra_refresh=0 rc_lookahead=40 rc=crf mbtree=1 crf=23.0 qcomp=0.60 qpmin=0 qpmax=69 qpstep=4 ip_ratio=1.40 aq=1:1.00
Output #0, mp4, to '/home/server/crash2openx_ads_stress_20260919/runs/run_expand_120_critical_62b0c500/outputs/scene/out/carla_rgb.mp4':
  Metadata:
    encoder         : Lavf58.76.100
  Stream #0:0: Video: h264 (avc1 / 0x31637661), yuv420p(tv, bt470bg/unknown/unknown, progressive), 1280x720 [SAR 1:1 DAR 16:9], q=2-31, 20 fps, 10240 tbn
    Metadata:
      encoder         : Lavc58.134.100 libx264
    Side data:
      cpb: bitrate max/min/avg: 0/0/0 buffer size: 0 vbv_delay: N/A
frame=    1 fps=0.0 q=0.0 size=       0kB time=00:00:00.00 bitrate=N/A speed=N/A    frame=  172 fps=0.0 q=28.0 size=     256kB time=00:00:05.15 bitrate= 407.3kbits/s speed=10.3x    frame=  364 fps=362 q=28.0 size=     512kB time=00:00:14.75 bitrate= 284.4kbits/s speed=14.7x    frame=  366 fps=324 q=-1.0 Lsize=    1084kB time=00:00:18.15 bitrate= 489.5kbits/s speed=16.1x    
video:1079kB audio:0kB subtitle:0kB other streams:0kB global headers:0kB muxing overhead: 0.477282%
[libx264 @ 0x560ad4e5ed40] frame I:2     Avg QP:16.62  size: 11884
[libx264 @ 0x560ad4e5ed40] frame P:92    Avg QP:17.35  size:  5381
[libx264 @ 0x560ad4e5ed40] frame B:272   Avg QP:18.91  size:  2153
[libx264 @ 0x560ad4e5ed40] consecutive B-frames:  0.5%  0.5%  1.6% 97.3%
[libx264 @ 0x560ad4e5ed40] mb I  I16..4: 27.8% 70.2%  2.0%
[libx264 @ 0x560ad4e5ed40] mb P  I16..4:  4.9% 11.0%  0.1%  P16..4: 24.3%  6.8%  2.4%  0.0%  0.0%    skip:50.4%
[libx264 @ 0x560ad4e5ed40] mb B  I16..4:  0.5%  0.9%  0.0%  B16..8: 27.2%  3.8%  0.1%  direct: 2.1%  skip:65.4%  L0:52.3% L1:46.1% BI: 1.5%
[libx264 @ 0x560ad4e5ed40] 8x8 transform intra:67.9% inter:91.9%
[libx264 @ 0x560ad4e5ed40] coded y,uvDC,uvAC intra: 13.8% 12.0% 1.8% inter: 2.2% 4.5% 0.2%
[libx264 @ 0x560ad4e5ed40] i16 v,h,dc,p: 26% 55% 10%  9%
[libx264 @ 0x560ad4e5ed40] i8 v,h,dc,ddl,ddr,vr,hd,vl,hu: 24% 21% 53%  0%  0%  0%  0%  0%  1%
[libx264 @ 0x560ad4e5ed40] i4 v,h,dc,ddl,ddr,vr,hd,vl,hu: 23% 31% 23%  2%  5%  5%  4%  2%  4%
[libx264 @ 0x560ad4e5ed40] i8c dc,h,v,p: 67% 22% 10%  0%
[libx264 @ 0x560ad4e5ed40] Weighted P-Frames: Y:1.1% UV:0.0%
[libx264 @ 0x560ad4e5ed40] ref P L0: 52.8%  2.7% 29.2% 15.3%
[libx264 @ 0x560ad4e5ed40] ref B L0: 67.6% 25.8%  6.6%
[libx264 @ 0x560ad4e5ed40] ref B L1: 85.7% 14.3%
[libx264 @ 0x560ad4e5ed40] kb/s:482.85
