[1/4] reusing existing CARLA at 127.0.0.1:2000
  set USE_EXISTING_CARLA=0 to force this script to start its own server
[2/4] waiting for CARLA 127.0.0.1:2000
WARNING: Version mismatch detected: You are trying to connect to a simulator that might be incompatible with this API 
WARNING: Client API version     = 78eb4c373 
WARNING: Simulator API version  = 0.9.16 
  connected: preloaded_map=Carla/Maps/OpenDriveMap, frame=2662662
  scenario/map will be loaded in step [4/4] by demo.py
  waiting 5s for CARLA render/server warmup
[3/4] starting real CARLA RGB recorder
  actor role: hero
  frames: /home/server/crash2openx_ads_stress_20260919/runs/run_expand_262_critical_9f980d7b/outputs/scene/out/rgb_frames
  log: /home/server/crash2openx_ads_stress_20260919/runs/run_expand_262_critical_9f980d7b/outputs/scene/out/rgb_recorder.log
  pid: 888212
[4/4] running scenario
  output: /home/server/crash2openx_ads_stress_20260919/runs/run_expand_262_critical_9f980d7b/outputs/scene/out
  ADS: agent=if_if, sut_actor=hero
  scenario: /home/server/crash2openx_ads_stress_20260919/runs/run_expand_262_critical_9f980d7b/inputs/scenario.xosc
  opendrive: /home/server/crash2openx_ads_stress_20260919/runs/run_expand_262_critical_9f980d7b/inputs/map.xodr
  log: /home/server/crash2openx_ads_stress_20260919/runs/run_expand_262_critical_9f980d7b/outputs/scene/out/demo.log
WARNING: Version mismatch detected: You are trying to connect to a simulator that might be incompatible with this API 
WARNING: Client API version     = 78eb4c373 
WARNING: Simulator API version  = 0.9.16 
WARNING: Version mismatch detected: You are trying to connect to a simulator that might be incompatible with this API 
WARNING: Client API version     = 78eb4c373 
WARNING: Simulator API version  = 0.9.16 
WARNING:[SR:OpenScenarioConfiguration]: The /home/server/crash2openx_ads_stress_20260919/runs/run_expand_262_critical_9f980d7b/outputs/scene/out/openscenarios/catalogs/VehicleCatalog.xosc path for the Vehicle Catalog is invalid
WARNING:[SR:OpenScenarioConfiguration]: The /home/server/crash2openx_ads_stress_20260919/runs/run_expand_262_critical_9f980d7b/outputs/scene/out/openscenarios/catalogs/ControllerCatalog.xosc path for the Controller Catalog is invalid
WARNING:[SR:OpenScenarioConfiguration]: The /home/server/crash2openx_ads_stress_20260919/runs/run_expand_262_critical_9f980d7b/outputs/scene/out/openscenarios/catalogs/PedestrianCatalog.xosc path for the Pedestrian Catalog is invalid
WARNING:[SR:OpenScenarioConfiguration]: The /home/server/crash2openx_ads_stress_20260919/runs/run_expand_262_critical_9f980d7b/outputs/scene/out/openscenarios/catalogs/MiscObjectCatalog.xosc path for the MiscObject Catalog is invalid
WARNING:[SR:OpenScenarioConfiguration]: The /home/server/crash2openx_ads_stress_20260919/runs/run_expand_262_critical_9f980d7b/outputs/scene/out/openscenarios/catalogs/EnvironmentCatalog.xosc path for the Environment Catalog is invalid
WARNING: Version mismatch detected: You are trying to connect to a simulator that might be incompatible with this API 
WARNING: Client API version     = 78eb4c373 
WARNING: Simulator API version  = 0.9.16 
WARNING: Version mismatch detected: You are trying to connect to a simulator that might be incompatible with this API 
WARNING: Client API version     = 78eb4c373 
WARNING: Simulator API version  = 0.9.16 
WARNING: No InMemoryMap cache found. Setting up local map. This may take a while... 
CARLA Host: 127.0.0.1
CARLA Port: 2000
Record Mode: False
Output File: /home/server/crash2openx_ads_stress_20260919/runs/run_expand_262_critical_9f980d7b/outputs/scene/out/hero_pcla_route.xml
Case: disabled
Input Root: /home/server/crash2openx_ads_stress_20260919/runtime/input
Scenario File: /home/server/crash2openx_ads_stress_20260919/runs/run_expand_262_critical_9f980d7b/inputs/scenario.xosc
Custom XODR: /home/server/crash2openx_ads_stress_20260919/runs/run_expand_262_critical_9f980d7b/inputs/map.xodr
PCLA Agent: if_if
PCLA SUT: hero
Sync Route: False
Replay Control: npc
Disable Traffic Lights: True
Data Collection: True
Real Time Factor: 1.0
Post Run Hold: 0.0s
No Rendering: False
Record Video: False
Data Output: /home/server/crash2openx_ads_stress_20260919/runs/run_expand_262_critical_9f980d7b/outputs/scene/out
--------------------------------------------------
已将运行时 OpenSCENARIO 的 RoadNetwork/LogicFile 指向自定义地图: /home/server/crash2openx_ads_stress_20260919/runs/run_expand_262_critical_9f980d7b/inputs/map.xodr
Episode Output Dir: /home/server/crash2openx_ads_stress_20260919/runs/run_expand_262_critical_9f980d7b/outputs/scene/out
Route sync: generating OpenDRIVE world from /home/server/crash2openx_ads_stress_20260919/runs/run_expand_262_critical_9f980d7b/inputs/map.xodr
PCLA SUT route: preserving 63 generated AssignRouteAction waypoints for hero.
PCLA full route: preserving supplied start position, heading and route geometry.
PCLA SUT route 已从 hero 原始轨迹生成: /home/server/crash2openx_ads_stress_20260919/runs/run_expand_262_critical_9f980d7b/outputs/scene/out/hero_pcla_route.xml
PCLA SUT route mode=endpoints, spacing=2.00m, waypoints=63 (before densify=63), PCLA SUT route start=(231.75, 60.02) end=(231.75, -60.02)
Replay mode: 跳过 PCLA route 生成、hero controller 写入和 ActEnd 终点同步。
Replay mode: 已为 hero 启用 PCLA external_control，agent=if_if。
Replay mode: ego vehicle 已切换为 hero: {'hero': 'ego_vehicle', 'av1': 'simulation'}
Replay mode: 已将 hero 的 0 个 Init TeleportAction 同步到 PCLA route 起点，start_offset=0.00m, route_mode=endpoints, route_spacing=2.00m, min_z=0.50。
Replay mode: 已移除 hero 的 0 个 FollowTrajectory ManeuverGroup，避免覆盖 ADS 控制。
Replay mode: 已移除其他 actor 的 0 个 external_control ControllerAction。
已将同步后的 OpenSCENARIO 写入运行时文件: /home/server/crash2openx_ads_stress_20260919/runs/run_expand_262_critical_9f980d7b/outputs/scene/out/scenario.runtime.xosc
数据收集器已创建，场景名称: scenario
开始运行评估...
数据收集器已传递给ScenarioRunner
Loading custom OpenDRIVE map: /home/server/crash2openx_ads_stress_20260919/runs/run_expand_262_critical_9f980d7b/inputs/map.xodr
Global traffic lights disabled: 0 lights forced to GREEN
Preparing scenario: scene_seed_block_scenario
Hero road waypoint: pos=(231.75, 60.02), yaw=-450.0°
Route endpoint selection: configured route file
Endpoint used for routing: (231.75, -60.02)
Configured route file: /home/server/crash2openx_ads_stress_20260919/runs/run_expand_262_critical_9f980d7b/outputs/scene/out/hero_pcla_route.xml
Configured route endpoint: (231.75, -60.02)
PCLA route debug file: /home/server/crash2openx_ads_stress_20260919/runs/run_expand_262_critical_9f980d7b/outputs/scene/out/hero_pcla_route_debug.jsonl
PCLA: setting up agent 'if_if'
pygame 2.5.2 (SDL 2.28.2, Python 3.8.18)
Hello from the pygame community. https://www.pygame.org/contribute.html
PCLA_INFERENCE_DEVICE=cpu
load model: /home/server/crash2openx_ads_stress_20260919/runtime/PCLA/pcla_agents/interfuser/../interfuser_pretrained/interfuser.pth.tar
PCLA_MODEL_PARAMETER_DEVICE=cpu
hero_pcla_route_09_19_15_11_28
PCLA: agent 'if_if' loaded
PCLA: route loaded for agent 'if_if'
PCLA: sensors ready for agent 'if_if'
PCLA_GNSS_CALIBRATION={"georeference": "+proj=tmerc +lat_0=0 +lon_0=0 +k=1 +x_0=0 +y_0=0 +datum=WGS84 +units=m +no_defs", "validation_bounds_xy": [201.75, 261.75, -90.02000045776367, 90.02000045776367], "native_gps_jacobian_per_m": [[0.0, 8.986747534274233e-06], [8.986747534182116e-06, 0.0]], "max_probe_error_m": 3.829137118949317e-06, "source": "Actual GNSS samples; fixed calibration from map coordinate transforms only", "noise_preserved": true, "vehicle_ground_truth_used": false}
PCLA Agent 'if_if' setup complete for ExternalControl.
Route: Start(231.75, 60.02) -> End(231.75, -60.02)
Spectator view set to overhead position: Location(x=231.750000, y=60.020004, z=50.000938)
Overhead observation camera setup complete
Data collector initialized: /home/server/crash2openx_ads_stress_20260919/runs/run_expand_262_critical_9f980d7b/outputs/scene/out
数据收集器已初始化
ScenarioManager: Running scenario scene_seed_block_scenario
C2X_GENERATED_LANE_ROUTE actor_id=459 points=139 source=compiled_CARLA_roadgraph
PCLA_GNSS_ADAPTER_SAMPLE={"frame": 2667789, "tag": "gps", "native_gps": [0.0005383445662955028, 0.002084504289278275, 0.0015628576611561584], "route_convention_gps": [-0.0005381292288149098, 0.002083670488022243, 0.0015628576611561584]}
PCLA_NAV_AUDIT={"step": 0, "timestamp": 0.05000000074505806, "raw_gps": [-0.0005381292288149098, 0.002083670488022243], "compass_rad": 0.0, "planner_position": [-59.9070247127735, 231.9531380237558], "target_local": [-0.2031377078848177, -51.906657063015814], "command": 4, "remaining_route_points": 4, "next_route_points": [[-60.022762571376525, 231.75000031587098], [-8.000367649757688, 231.75000031587098], [44.022027270279125, 231.75000031587098]], "actual_transform": {"x": 231.75, "y": 59.53178405761719, "yaw": -89.99999237060547}, "sensor_frames": {"speed": 0, "imu": 2667789, "gps": 2667789, "lidar": 2667789, "rgb": 2667789, "rgb_left": 2667789, "rgb_right": 2667789}}
PCLA_GNSS_ADAPTER_SAMPLE={"frame": 2667809, "tag": "gps", "native_gps": [0.0004837845524781986, 0.0020871153764566676, 0.0018824756270987564], "route_convention_gps": [-0.00048359103897155364, 0.0020862805307675153, 0.0018824756270987564]}
PCLA_NAV_AUDIT={"step": 20, "timestamp": 1.0500000156462193, "raw_gps": [-0.00048359103897155364, 0.0020862805307675153], "compass_rad": 6.281893730163574, "planner_position": [-53.83558218226633, 232.2436866535042], "target_local": [-0.4344862327016411, -45.835813935771334], "command": 4, "remaining_route_points": 4, "next_route_points": [[-60.022762571376525, 231.75000031587098], [-8.000367649757688, 231.75000031587098], [44.022027270279125, 231.75000031587098]], "actual_transform": {"x": 231.7477264404297, "y": 54.42658233642578, "yaw": -90.08128356933594}, "sensor_frames": {"imu": 2667809, "gps": 2667809, "lidar": 2667809, "speed": 2667809, "rgb": 2667809, "rgb_left": 2667809, "rgb_right": 2667809}}
PCLA_GNSS_ADAPTER_SAMPLE={"frame": 2667829, "tag": "gps", "native_gps": [0.00046112086298676205, 0.0020889424581799114, 0.0016015585169952828], "route_convention_gps": [-0.0004609364149388284, 0.002088106881659295, 0.0016015585169952828]}
PCLA_NAV_AUDIT={"step": 40, "timestamp": 2.0500000305473804, "raw_gps": [-0.0004609364149388284, 0.002088106881659295], "compass_rad": 6.278579235076904, "planner_position": [-51.313565073521126, 232.4469951050641], "target_local": [-0.49748439062973837, -43.31594835724078], "command": 4, "remaining_route_points": 4, "next_route_points": [[-60.022762571376525, 231.75000031587098], [-8.000367649757688, 231.75000031587098], [44.022027270279125, 231.75000031587098]], "actual_transform": {"x": 231.73312377929688, "y": 51.12720489501953, "yaw": -90.27374267578125}, "sensor_frames": {"imu": 2667829, "gps": 2667829, "lidar": 2667829, "speed": 2667829, "rgb": 2667829, "rgb_left": 2667829, "rgb_right": 2667829}}
PCLA_GNSS_ADAPTER_SAMPLE={"frame": 2667849, "tag": "gps", "native_gps": [0.0004122596815503745, 0.0020807105374886082, 0.0018569236937082678], "route_convention_gps": [-0.00041209477794268423, 0.0020798782537307476, 0.0018569236937082678]}
PCLA_NAV_AUDIT={"step": 60, "timestamp": 3.0500000454485416, "raw_gps": [-0.00041209477794268423, 0.0020798782537307476], "compass_rad": 6.2726335525512695, "planner_position": [-45.87628904786464, 231.53098843288237], "target_local": [0.6186497034395763, -37.87150195734123], "command": 4, "remaining_route_points": 4, "next_route_points": [[-60.022762571376525, 231.75000031587098], [-8.000367649757688, 231.75000031587098], [44.022027270279125, 231.75000031587098]], "actual_transform": {"x": 231.68557739257812, "y": 46.05425262451172, "yaw": -90.6126708984375}, "sensor_frames": {"imu": 2667849, "gps": 2667849, "lidar": 2667849, "speed": 2667849, "rgb": 2667849, "rgb_left": 2667849, "rgb_right": 2667849}}
PCLA_GNSS_ADAPTER_SAMPLE={"frame": 2667869, "tag": "gps", "native_gps": [0.0003692432689596935, 0.0020793576177903796, 0.0017428070541427587], "route_convention_gps": [-0.0003690955718980149, 0.0020785258751994913, 0.0017428070541427587]}
PCLA_NAV_AUDIT={"step": 80, "timestamp": 4.050000060349703, "raw_gps": [-0.0003690955718980149, 0.0020785258751994913], "compass_rad": 6.2684478759765625, "planner_position": [-41.08941934963153, 231.38044234321796], "target_local": [0.8571478118922504, -33.080012290213], "command": 4, "remaining_route_points": 4, "next_route_points": [[-60.022762571376525, 231.75000031587098], [-8.000367649757688, 231.75000031587098], [44.022027270279125, 231.75000031587098]], "actual_transform": {"x": 231.61288452148438, "y": 41.06744384765625, "yaw": -90.8224105834961}, "sensor_frames": {"imu": 2667869, "gps": 2667869, "lidar": 2667869, "speed": 2667869, "rgb": 2667869, "rgb_left": 2667869, "rgb_right": 2667869}}
PCLA_GNSS_ADAPTER_SAMPLE={"frame": 2667889, "tag": "gps", "native_gps": [0.00033426605753462003, 0.0020754341180104227, 0.0016224802564579477], "route_convention_gps": [-0.00033413235134105435, 0.002074603944816815, 0.0016224802564579477]}
PCLA_NAV_AUDIT={"step": 100, "timestamp": 5.050000075250864, "raw_gps": [-0.00033413235134105435, 0.002074603944816815], "compass_rad": 6.271269798278809, "planner_position": [-37.197152574684786, 230.9438550494967], "target_local": [1.1539743574582968, -29.185106875344427], "command": 4, "remaining_route_points": 4, "next_route_points": [[-60.022762571376525, 231.75000031587098], [-8.000367649757688, 231.75000031587098], [44.022027270279125, 231.75000031587098]], "actual_transform": {"x": 231.55126953125, "y": 36.1162223815918, "yaw": -90.69352722167969}, "sensor_frames": {"gps": 2667889, "imu": 2667889, "lidar": 2667889, "speed": 2667889, "rgb": 2667889, "rgb_left": 2667889, "rgb_right": 2667889}}
PCLA_GNSS_ADAPTER_SAMPLE={"frame": 2667909, "tag": "gps", "native_gps": [0.0002890068687801139, 0.002081826865091918, 0.0019033391145057976], "route_convention_gps": [-0.0002888912662228904, 0.0020809941348037646, 0.0019033391145057976]}
PCLA_NAV_AUDIT={"step": 120, "timestamp": 6.050000090152025, "raw_gps": [-0.0002888912662228904, 0.0020809941348037646], "compass_rad": 6.274664878845215, "planner_position": [-32.160706570487655, 231.65520774588578], "target_local": [0.30064307467810564, -24.158654270002536], "command": 4, "remaining_route_points": 4, "next_route_points": [[-60.022762571376525, 231.75000031587098], [-8.000367649757688, 231.75000031587098], [44.022027270279125, 231.75000031587098]], "actual_transform": {"x": 231.51052856445312, "y": 31.09036636352539, "yaw": -90.47808837890625}, "sensor_frames": {"imu": 2667909, "gps": 2667909, "lidar": 2667909, "speed": 2667909, "rgb": 2667909, "rgb_left": 2667909, "rgb_right": 2667909}}
PCLA_GNSS_ADAPTER_SAMPLE={"frame": 2667929, "tag": "gps", "native_gps": [0.00024074203405374388, 0.002080894322735688, 0.001643102223852111], "route_convention_gps": [-0.000240645737406453, 0.002080061965463852, 0.001643102223852111]}
PCLA_NAV_AUDIT={"step": 140, "timestamp": 7.050000105053186, "raw_gps": [-0.000240645737406453, 0.002080061965463852], "compass_rad": 0.0009134905994869769, "planner_position": [-26.78979205344468, 231.55143912949217], "target_local": [0.18139714335721188, -18.789597947880264], "command": 4, "remaining_route_points": 4, "next_route_points": [[-60.022762571376525, 231.75000031587098], [-8.000367649757688, 231.75000031587098], [44.022027270279125, 231.75000031587098]], "actual_transform": {"x": 231.50575256347656, "y": 26.133670806884766, "yaw": -89.9238510131836}, "sensor_frames": {"imu": 2667929, "gps": 2667929, "lidar": 2667929, "speed": 2667929, "rgb": 2667929, "rgb_left": 2667929, "rgb_right": 2667929}}
PCLA_GNSS_ADAPTER_SAMPLE={"frame": 2667949, "tag": "gps", "native_gps": [0.00020471451424228416, 0.0020795103641727646, 0.0019782058450346085], "route_convention_gps": [-0.0002046326285807254, 0.0020786785604834258, 0.0019782058450346085]}
PCLA_NAV_AUDIT={"step": 160, "timestamp": 8.050000119954348, "raw_gps": [-0.0002046326285807254, 0.0020786785604834258], "compass_rad": 6.276499271392822, "planner_position": [-22.78064687997424, 231.39743919130035], "target_local": [0.4513739839194757, -14.777591650751823], "command": 4, "remaining_route_points": 4, "next_route_points": [[-60.022762571376525, 231.75000031587098], [-8.000367649757688, 231.75000031587098], [44.022027270279125, 231.75000031587098]], "actual_transform": {"x": 231.49032592773438, "y": 21.796520233154297, "yaw": -90.39201354980469}, "sensor_frames": {"imu": 2667949, "gps": 2667949, "lidar": 2667949, "speed": 2667949, "rgb": 2667949, "rgb_left": 2667949, "rgb_right": 2667949}}
PCLA_GNSS_ADAPTER_SAMPLE={"frame": 2667969, "tag": "gps", "native_gps": [0.00018342137726935683, 0.002079448613922038, 0.0014561743269041472], "route_convention_gps": [-0.00018334800883224034, 0.0020786168349327585, 0.0014561743269041472]}
PCLA_NAV_AUDIT={"step": 180, "timestamp": 9.050000134855509, "raw_gps": [-0.00018334800883224034, 0.0020786168349327585], "compass_rad": 6.278683662414551, "planner_position": [-20.411144959250556, 231.39056793442177], "target_local": [0.4152974615517523, -12.409033527277051], "command": 4, "remaining_route_points": 4, "next_route_points": [[-60.022762571376525, 231.75000031587098], [-8.000367649757688, 231.75000031587098], [44.022027270279125, 231.75000031587098]], "actual_transform": {"x": 231.4827423095703, "y": 20.760650634765625, "yaw": -90.26570892333984}, "sensor_frames": {"imu": 2667969, "gps": 2667969, "lidar": 2667969, "speed": 2667969, "rgb": 2667969, "rgb_left": 2667969, "rgb_right": 2667969}}
PCLA_GNSS_ADAPTER_SAMPLE={"frame": 2667989, "tag": "gps", "native_gps": [0.0001611779168461514, 0.00208657410748475, 0.0017767669573913736], "route_convention_gps": [-0.00016111344578462194, 0.0020857394783028236, 0.0017767669573913736]}
PCLA_NAV_AUDIT={"step": 200, "timestamp": 10.05000014975667, "raw_gps": [-0.00016111344578462194, 0.0020857394783028236], "compass_rad": 6.280818462371826, "planner_position": [-17.935890974432088, 232.1834569685602], "target_local": [-0.4099396187499785, -9.936521419183308], "command": 4, "remaining_route_points": 4, "next_route_points": [[-60.022762571376525, 231.75000031587098], [-8.000367649757688, 231.75000031587098], [44.022027270279125, 231.75000031587098]], "actual_transform": {"x": 231.46939086914062, "y": 17.36003303527832, "yaw": -90.2003173828125}, "sensor_frames": {"gps": 2667989, "imu": 2667989, "lidar": 2667989, "speed": 2667989, "rgb": 2667989, "rgb_left": 2667989, "rgb_right": 2667989}}
PCLA_GNSS_ADAPTER_SAMPLE={"frame": 2668009, "tag": "gps", "native_gps": [0.00013142999302559946, 0.002086515582650935, 0.0021851832311767794], "route_convention_gps": [-0.00013137742111268835, 0.0020856809768789028, 0.0021851832311767794]}
PCLA_NAV_AUDIT={"step": 220, "timestamp": 11.050000164657831, "raw_gps": [-0.00013137742111268835, 0.0020856809768789028], "compass_rad": 0.006532769650220871, "planner_position": [-14.625539725152741, 232.17694461982975], "target_local": [-0.4702156088363647, -6.622241595448167], "command": 4, "remaining_route_points": 4, "next_route_points": [[-60.022762571376525, 231.75000031587098], [-8.000367649757688, 231.75000031587098], [44.022027270279125, 231.75000031587098]], "actual_transform": {"x": 231.47183227539062, "y": 14.794425964355469, "yaw": -89.62603759765625}, "sensor_frames": {"imu": 2668009, "gps": 2668009, "lidar": 2668009, "speed": 2668009, "rgb": 2668009, "rgb_left": 2668009, "rgb_right": 2668009}}
PCLA_GNSS_ADAPTER_SAMPLE={"frame": 2668029, "tag": "gps", "native_gps": [0.00011504259946273848, 0.0020848634674419703, 0.0013010656230107998], "route_convention_gps": [-0.00011499658251068468, 0.0020840295225149135, 0.0013010656230107998]}
PCLA_NAV_AUDIT={"step": 240, "timestamp": 12.050000179558992, "raw_gps": [-0.00011499658251068468, 0.0020840295225149135], "compass_rad": 0.02852679044008255, "planner_position": [-12.801949311550217, 231.9931055607116], "target_local": [-0.37996147163493676, -4.792694012244506], "command": 4, "remaining_route_points": 4, "next_route_points": [[-60.022762571376525, 231.75000031587098], [-8.000367649757688, 231.75000031587098], [44.022027270279125, 231.75000031587098]], "actual_transform": {"x": 231.53001403808594, "y": 13.067012786865234, "yaw": -88.41082763671875}, "sensor_frames": {"imu": 2668029, "gps": 2668029, "lidar": 2668029, "speed": 2668029, "rgb": 2668029, "rgb_left": 2668029, "rgb_right": 2668029}}
PCLA_GNSS_ADAPTER_SAMPLE={"frame": 2668049, "tag": "gps", "native_gps": [9.527050987003633e-05, 0.002072762140352718, 0.001972098862424332], "route_convention_gps": [-9.523240173336944e-05, 0.002071933035948381, 0.001972098862424332]}
PCLA_NAV_AUDIT={"step": 260, "timestamp": 13.050000194460154, "raw_gps": [-9.523240173336944e-05, 0.002071933035948381], "compass_rad": 0.03105033002793789, "planner_position": [-10.601709661193686, 230.64653083390218], "target_local": [-0.5928749485635653, -54.63166463280934], "command": 4, "remaining_route_points": 3, "next_route_points": [[-8.000367649757688, 231.75000031587098], [44.022027270279125, 231.75000031587098], [60.022762571376525, 231.75000031587098]], "actual_transform": {"x": 231.6020050048828, "y": 10.771838188171387, "yaw": -88.22216033935547}, "sensor_frames": {"gps": 2668049, "imu": 2668049, "lidar": 2668049, "speed": 2668049, "rgb": 2668049, "rgb_left": 2668049, "rgb_right": 2668049}}
PCLA_GNSS_ADAPTER_SAMPLE={"frame": 2668069, "tag": "gps", "native_gps": [7.145209369371498e-05, 0.0020920528532604623, 0.0014444268648503567], "route_convention_gps": [-7.142351290667648e-05, 0.0020912160325839, 0.0014444268648503567]}
PCLA_NAV_AUDIT={"step": 280, "timestamp": 14.050000209361315, "raw_gps": [-7.142351290667648e-05, 0.0020912160325839], "compass_rad": 0.031193992123007774, "planner_position": [-7.9511944783156405, 232.79310420326226], "target_local": [-2.6635857764714084, -51.915403836047304], "command": 4, "remaining_route_points": 3, "next_route_points": [[-8.000367649757688, 231.75000031587098], [44.022027270279125, 231.75000031587098], [60.022762571376525, 231.75000031587098]], "actual_transform": {"x": 231.6856231689453, "y": 8.113554954528809, "yaw": -88.20220184326172}, "sensor_frames": {"imu": 2668069, "gps": 2668069, "lidar": 2668069, "speed": 2668069, "rgb": 2668069, "rgb_left": 2668069, "rgb_right": 2668069}}
PCLA_GNSS_ADAPTER_SAMPLE={"frame": 2668089, "tag": "gps", "native_gps": [5.561614862168681e-05, 0.0020826471394139907, 0.0019724296919179096], "route_convention_gps": [-5.5593902203554535e-05, 0.002081814081016659, 0.0019724296919179096]}
PCLA_NAV_AUDIT={"step": 300, "timestamp": 15.050000224262476, "raw_gps": [-5.5593902203554535e-05, 0.002081814081016659], "compass_rad": 0.028857141733169556, "planner_position": [-6.188969293718428, 231.74648374090748], "target_local": [-1.445229644008929, -50.19019326115563], "command": 4, "remaining_route_points": 3, "next_route_points": [[-8.000367649757688, 231.75000031587098], [44.022027270279125, 231.75000031587098], [60.022762571376525, 231.75000031587098]], "actual_transform": {"x": 231.74639892578125, "y": 6.0946502685546875, "yaw": -88.34654998779297}, "sensor_frames": {"imu": 2668089, "gps": 2668089, "lidar": 2668089, "speed": 2668089, "rgb": 2668089, "rgb_left": 2668089, "rgb_right": 2668089}}
PCLA_GNSS_ADAPTER_SAMPLE={"frame": 2668109, "tag": "gps", "native_gps": [3.172580084981611e-05, 0.002081272516769033, 0.0013083234950954648], "route_convention_gps": [-3.171311055893966e-05, 0.0020804400082198374, 0.0013083234950954648]}
PCLA_NAV_AUDIT={"step": 320, "timestamp": 16.050000239163637, "raw_gps": [-3.171311055893966e-05, 0.0020804400082198374], "compass_rad": 0.023620445281267166, "planner_position": [-3.530449557919791, 231.5935226566439], "target_local": [-0.9666722253649732, -47.54290780508635], "command": 4, "remaining_route_points": 3, "next_route_points": [[-8.000367649757688, 231.75000031587098], [44.022027270279125, 231.75000031587098], [60.022762571376525, 231.75000031587098]], "actual_transform": {"x": 231.79551696777344, "y": 3.913048267364502, "yaw": -88.67792510986328}, "sensor_frames": {"imu": 2668109, "gps": 2668109, "lidar": 2668109, "speed": 2668109, "rgb": 2668109, "rgb_left": 2668109, "rgb_right": 2668109}}
PCLA_GNSS_ADAPTER_SAMPLE={"frame": 2668129, "tag": "gps", "native_gps": [1.7620650150590253e-05, 0.002084086005536832, 0.002215885555870045], "route_convention_gps": [-1.761360191210315e-05, 0.002083252371594016, 0.002215885555870045]}
PCLA_NAV_AUDIT={"step": 340, "timestamp": 17.0500002540648, "raw_gps": [-1.761360191210315e-05, 0.002083252371594016], "compass_rad": 0.0150934848934412, "planner_position": [-1.9608273041646058, 231.90659351580982], "target_local": [-0.8505905324686136, -45.97525347391554], "command": 4, "remaining_route_points": 3, "next_route_points": [[-8.000367649757688, 231.75000031587098], [44.022027270279125, 231.75000031587098], [60.022762571376525, 231.75000031587098]], "actual_transform": {"x": 231.8380584716797, "y": 1.1484302282333374, "yaw": -89.1349868774414}, "sensor_frames": {"imu": 2668129, "gps": 2668129, "lidar": 2668129, "speed": 2668129, "rgb": 2668129, "rgb_left": 2668129, "rgb_right": 2668129}}
PCLA_GNSS_ADAPTER_SAMPLE={"frame": 2668149, "tag": "gps", "native_gps": [6.700493522165236e-06, 0.0020727599929961675, 0.0013072138624465879], "route_convention_gps": [-6.6978133332895595e-06, 0.002071930889450772, 0.0013072138624465879]}
PCLA_NAV_AUDIT={"step": 360, "timestamp": 18.05000026896596, "raw_gps": [-6.6978133332895595e-06, 0.002071930889450772], "compass_rad": 0.00800098292529583, "planner_position": [-0.745631434595296, 230.64629188688102], "target_local": [0.7454916504956747, -44.77505645346953], "command": 4, "remaining_route_points": 3, "next_route_points": [[-8.000367649757688, 231.75000031587098], [44.022027270279125, 231.75000031587098], [60.022762571376525, 231.75000031587098]], "actual_transform": {"x": 231.84426879882812, "y": -0.17763572931289673, "yaw": -89.58373260498047}, "sensor_frames": {"imu": 2668149, "gps": 2668149, "lidar": 2668149, "speed": 2668149, "rgb": 2668149, "rgb_left": 2668149, "rgb_right": 2668149}}
PCLA_GNSS_ADAPTER_SAMPLE={"frame": 2668169, "tag": "gps", "native_gps": [-3.838880394440659e-05, 0.002078244644005042, 0.0020233473833286553], "route_convention_gps": [3.837344843304891e-05, 0.0020774133466029215, 0.0020233473833286553]}
PCLA_NAV_AUDIT={"step": 380, "timestamp": 19.05000028386712, "raw_gps": [3.837344843304891e-05, 0.0020774133466029215], "compass_rad": 6.271446228027344, "planner_position": [4.27190905176364, 231.25659622618605], "target_local": [0.9599891598147249, -39.741587371350846], "command": 4, "remaining_route_points": 3, "next_route_points": [[-8.000367649757688, 231.75000031587098], [44.022027270279125, 231.75000031587098], [60.022762571376525, 231.75000031587098]], "actual_transform": {"x": 231.81314086914062, "y": -3.7474257946014404, "yaw": -90.68768310546875}, "sensor_frames": {"imu": 2668169, "gps": 2668169, "lidar": 2668169, "speed": 2668169, "rgb": 2668169, "rgb_left": 2668169, "rgb_right": 2668169}}
PCLA_GNSS_ADAPTER_SAMPLE={"frame": 2668189, "tag": "gps", "native_gps": [-4.740456575415852e-05, 0.002082176315859532, 0.0013176810409731843], "route_convention_gps": [4.7385603949123833e-05, 0.002081343445791306, 0.0013176810409731843]}
PCLA_NAV_AUDIT={"step": 400, "timestamp": 20.050000298768282, "raw_gps": [4.7385603949123833e-05, 0.002081343445791306], "compass_rad": 6.264833927154541, "planner_position": [5.27518371945978, 231.6940928672004], "target_local": [0.7669161754386636, -38.73929336441668], "command": 4, "remaining_route_points": 3, "next_route_points": [[-8.000367649757688, 231.75000031587098], [44.022027270279125, 231.75000031587098], [60.022762571376525, 231.75000031587098]], "actual_transform": {"x": 231.7864532470703, "y": -4.7691426277160645, "yaw": -91.11746215820312}, "sensor_frames": {"gps": 2668189, "imu": 2668189, "lidar": 2668189, "speed": 2668189, "rgb": 2668189, "rgb_left": 2668189, "rgb_right": 2668189}}
PCLA_GNSS_ADAPTER_SAMPLE={"frame": 2668209, "tag": "gps", "native_gps": [-7.690489771803227e-05, 0.002089044055012767, 0.001986452194159938], "route_convention_gps": [7.687413580015345e-05, 0.0020882084378534855, 0.001986452194159938]}
PCLA_NAV_AUDIT={"step": 420, "timestamp": 21.050000313669443, "raw_gps": [7.687413580015345e-05, 0.0020882084378534855], "compass_rad": 6.238894939422607, "planner_position": [8.557982927808773, 232.45830028890367], "target_local": [0.8625967145787814, -35.46062685408282], "command": 4, "remaining_route_points": 3, "next_route_points": [[-8.000367649757688, 231.75000031587098], [44.022027270279125, 231.75000031587098], [60.022762571376525, 231.75000031587098]], "actual_transform": {"x": 231.6250762939453, "y": -8.5608549118042, "yaw": -92.55596160888672}, "sensor_frames": {"gps": 2668209, "imu": 2668209, "lidar": 2668209, "speed": 2668209, "rgb": 2668209, "rgb_left": 2668209, "rgb_right": 2668209}}
PCLA_GNSS_ADAPTER_SAMPLE={"frame": 2668229, "tag": "gps", "native_gps": [-7.24028479722219e-05, 0.002086027564590358, 0.0014350351329994737], "route_convention_gps": [7.237388687997282e-05, 0.0020851931540252226, 0.0014350351329994737]}
PCLA_NAV_AUDIT={"step": 440, "timestamp": 22.050000328570604, "raw_gps": [7.237388687997282e-05, 0.0020851931540252226], "compass_rad": 6.237778186798096, "planner_position": [8.056994487042212, 232.12264042808675], "target_local": [1.2602514300753895, -35.94487738309218], "command": 4, "remaining_route_points": 3, "next_route_points": [[-8.000367649757688, 231.75000031587098], [44.022027270279125, 231.75000031587098], [60.022762571376525, 231.75000031587098]], "actual_transform": {"x": 231.60142517089844, "y": -9.014824867248535, "yaw": -92.62834167480469}, "sensor_frames": {"gps": 2668229, "imu": 2668229, "lidar": 2668229, "speed": 2668229, "rgb": 2668229, "rgb_left": 2668229, "rgb_right": 2668229}}
PCLA_GNSS_ADAPTER_SAMPLE={"frame": 2668249, "tag": "gps", "native_gps": [-0.00010664796907484677, 0.002079677168608029, 0.001806132947876904], "route_convention_gps": [0.00010660530996631223, 0.0020788452981970276, 0.001806132947876904]}
PCLA_NAV_AUDIT={"step": 460, "timestamp": 23.050000343471766, "raw_gps": [0.00010660530996631223, 0.0020788452981970276], "compass_rad": 6.218159198760986, "planner_position": [11.867794196440792, 231.41600034869984], "target_local": [2.4226855313793503, -32.06457321345217], "command": 4, "remaining_route_points": 3, "next_route_points": [[-8.000367649757688, 231.75000031587098], [44.022027270279125, 231.75000031587098], [60.022762571376525, 231.75000031587098]], "actual_transform": {"x": 231.37319946289062, "y": -12.612128257751465, "yaw": -93.68223571777344}, "sensor_frames": {"imu": 2668249, "gps": 2668249, "lidar": 2668249, "speed": 2668249, "rgb": 2668249, "rgb_left": 2668249, "rgb_right": 2668249}}
PCLA_GNSS_ADAPTER_SAMPLE={"frame": 2668269, "tag": "gps", "native_gps": [-0.00011686669575989694, 0.0020686387550116914, 0.0015384547259600367], "route_convention_gps": [0.00011681994914169991, 0.0020678112999587264, 0.0015384547259600367]}
PCLA_NAV_AUDIT={"step": 480, "timestamp": 24.050000358372927, "raw_gps": [0.00011681994914169991, 0.0020678112999587264], "compass_rad": 6.22219181060791, "planner_position": [13.004934884486355, 230.18770128172412], "target_local": [3.450062027098101, -30.864184265100484], "command": 4, "remaining_route_points": 3, "next_route_points": [[-8.000367649757688, 231.75000031587098], [44.022027270279125, 231.75000031587098], [60.022762571376525, 231.75000031587098]], "actual_transform": {"x": 231.30380249023438, "y": -13.751532554626465, "yaw": -93.49529266357422}, "sensor_frames": {"gps": 2668269, "imu": 2668269, "lidar": 2668269, "speed": 2668269, "rgb": 2668269, "rgb_left": 2668269, "rgb_right": 2668269}}
ERROR: failed to destroy actor 473 : unable to destroy actor: not found 
ERROR: failed to destroy actor 468 : unable to destroy actor: not found 
WARNING: attempting to unsubscribe from stream but sensor wasn't listening: Actor 467 (sensor.camera.rgb) 
ERROR: failed to destroy actor 467 : unable to destroy actor: not found 
ERROR: failed to destroy actor 469 : unable to destroy actor: not found 
ERROR: failed to destroy actor 470 : unable to destroy actor: not found 
ERROR: failed to destroy actor 471 : unable to destroy actor: not found 
/home/server/crash2openx_ads_stress_20260919/runtime/PCLA/pcla_agents/interfuser/tracker.py:141: RuntimeWarning: divide by zero encountered in scalar divide
  speed = 0.5 * self.frequency * np.sqrt((prev_pos[0]-cur_pos[0])**2+(prev_pos[1]-cur_pos[1])**2) / (to.historical_steps[i+1]-to.historical_steps[i])
ScenarioManager: duration system=83.73s, simulation=25.10s, real_time_factor=0.30
Data artifacts saved under: /home/server/crash2openx_ads_stress_20260919/runs/run_expand_262_critical_9f980d7b/outputs/scene/out
数据收集摘要:
  scenario_name: scenario
  episode_dir: /home/server/crash2openx_ads_stress_20260919/runs/run_expand_262_critical_9f980d7b/outputs/scene/out
  total_ticks: 502
  stored_frame_rows: 502
  duration_seconds: 84.108
  final_route_completion: 63.329
  min_ttc: {'value': 2.646606, 'frame': 2668287, 'simulation_time': 27.0693, 'other_actor_id': 459, 'other_actor_type_id': 'vehicle.nissan.patrol_2021'}
  min_distance: {'value': 6.384464, 'frame': 2668002, 'simulation_time': 12.8193, 'other_actor_id': 459, 'other_actor_type_id': 'vehicle.nissan.patrol_2021'}
  max_long_jerk: {'value': 1951.882051, 'frame': 2667789, 'simulation_time': 2.1693}
  max_lat_jerk: {'value': -70.672239, 'frame': 2668029, 'simulation_time': 14.1693}
  unsafe_exposure_time: 0.0
  off_road_time: 0.0
  opposite_lane_occupancy_time: 0.0
  blocked_time: 0.0
  collision_count: 0
  geometric_overlap_count: 0
  collision_evidence: carla_collision_sensor
  expected_contact_sequence: []
  early_exit_on_first_sut_contact: True
  lane_invasion_count: 0
  red_light_violation_count: 0
  stop_sign_violation_count: 0
  termination_reason: scenario_completed
  scenario_tree_status: Status.SUCCESS
  criteria: [{'name': 'RunningStopTest', 'test_status': 'SUCCESS', 'actual_value': 0, 'success_value': 0, 'units': 'times'}, {'name': 'RunningRedLightTest', 'test_status': 'SUCCESS', 'actual_value': 0, 'success_value': 0, 'units': 'times'}, {'name': 'WrongLaneTest', 'test_status': 'SUCCESS', 'actual_value': 0, 'success_value': 0, 'units': 'times'}, {'name': 'OnSidewalkTest', 'test_status': 'SUCCESS', 'actual_value': 0, 'success_value': 0, 'units': 'times'}, {'name': 'CheckKeepLane', 'test_status': 'SUCCESS', 'actual_value': 0, 'success_value': 0, 'units': 'times'}, {'name': 'CollisionTest', 'test_status': 'SUCCESS', 'actual_value': 0, 'success_value': 0, 'units': 'times'}, {'name': 'CheckDrivenDistance', 'test_status': 'FAILURE', 'actual_value': 77.06, 'success_value': 100.0, 'units': 'times'}]
  video_path: None
  collision_sensor_actor_ids: [458, 459]
  sensor_cleanup_errors: []
  sensor_cleanup_status: complete
[cleanup] stopping RGB recorder pid=888212
Encoding real CARLA RGB video from 500 frames...

Done.
  run dir: /home/server/crash2openx_ads_stress_20260919/runs/run_expand_262_critical_9f980d7b/outputs/scene/out
  real carla rgb video: /home/server/crash2openx_ads_stress_20260919/runs/run_expand_262_critical_9f980d7b/outputs/scene/out/carla_rgb.mp4
  carla log: /home/server/crash2openx_ads_stress_20260919/runs/run_expand_262_critical_9f980d7b/outputs/scene/out/carla.log
  demo log: /home/server/crash2openx_ads_stress_20260919/runs/run_expand_262_critical_9f980d7b/outputs/scene/out/demo.log
  rgb recorder log: /home/server/crash2openx_ads_stress_20260919/runs/run_expand_262_critical_9f980d7b/outputs/scene/out/rgb_recorder.log
  rgb frames: /home/server/crash2openx_ads_stress_20260919/runs/run_expand_262_critical_9f980d7b/outputs/scene/out/rgb_frames
